2025-09-18T13:47:35.180925+03:00 lum4ik systemd-sysctl[71]: Couldn't write '1' to 'kernel/apparmor_restrict_unprivileged_userns', ignoring: No such file or directory
2025-09-18T13:47:35.181444+03:00 lum4ik systemd-sysctl[71]: Couldn't write '176' to 'kernel/sysrq', ignoring: No such file or directory
2025-09-18T13:47:35.181120+03:00 lum4ik kernel: Linux version 5.15.146.1-microsoft-standard-WSL2 (root@65c757a075e2) (gcc (GCC) 11.2.0, GNU ld (GNU Binutils) 2.37) #1 SMP Thu Jan 11 04:09:03 UTC 2024
2025-09-18T13:47:35.181458+03:00 lum4ik systemd-sysctl[71]: Couldn't write '1' to 'kernel/yama/ptrace_scope', ignoring: No such file or directory
2025-09-18T13:47:35.181463+03:00 lum4ik systemd[1]: Finished keyboard-setup.service - Set the console keyboard layout.
2025-09-18T13:47:35.181468+03:00 lum4ik systemd[1]: Starting systemd-journal-flush.service - Flush Journal to Persistent Storage...
2025-09-18T13:47:35.181467+03:00 lum4ik kernel: Command line: initrd=\initrd.img WSL_ROOT_INIT=1 panic=-1 nr_cpus=12 hv_utils.timesync_implicit=1 console=hvc0 debug pty.legacy_count=0
2025-09-18T13:47:35.181471+03:00 lum4ik kernel: KERNEL supported cpus:
2025-09-18T13:47:35.181472+03:00 lum4ik kernel:   Intel GenuineIntel
2025-09-18T13:47:35.181472+03:00 lum4ik kernel:   AMD AuthenticAMD
2025-09-18T13:47:35.181473+03:00 lum4ik kernel:   Centaur CentaurHauls
2025-09-18T13:47:35.181472+03:00 lum4ik systemd[1]: Finished systemd-sysusers.service - Create System Users.
2025-09-18T13:47:35.181474+03:00 lum4ik kernel: BIOS-provided physical RAM map:
2025-09-18T13:47:35.181477+03:00 lum4ik kernel: BIOS-e820: [mem 0x0000000000000000-0x000000000009ffff] usable
2025-09-18T13:47:35.181477+03:00 lum4ik kernel: BIOS-e820: [mem 0x00000000000e0000-0x00000000000e0fff] reserved
2025-09-18T13:47:35.181478+03:00 lum4ik kernel: BIOS-e820: [mem 0x0000000000100000-0x00000000001fffff] ACPI data
2025-09-18T13:47:35.181478+03:00 lum4ik kernel: BIOS-e820: [mem 0x0000000000200000-0x00000000f7ffffff] usable
2025-09-18T13:47:35.181480+03:00 lum4ik kernel: BIOS-e820: [mem 0x0000000100000000-0x00000001f35fffff] usable
2025-09-18T13:47:35.181480+03:00 lum4ik kernel: NX (Execute Disable) protection: active
2025-09-18T13:47:35.181481+03:00 lum4ik kernel: DMI not present or invalid.
2025-09-18T13:47:35.181476+03:00 lum4ik systemd[1]: Starting systemd-tmpfiles-setup-dev.service - Create Static Device Nodes in /dev...
2025-09-18T13:47:35.181483+03:00 lum4ik kernel: Hypervisor detected: Microsoft Hyper-V
2025-09-18T13:47:35.181484+03:00 lum4ik kernel: Hyper-V: privilege flags low 0xae7f, high 0x3b8030, hints 0xc2c, misc 0xe0bed7b6
2025-09-18T13:47:35.181484+03:00 lum4ik kernel: Hyper-V Host Build:22621-10.0-5-0.5624
2025-09-18T13:47:35.181485+03:00 lum4ik kernel: Hyper-V: Nested features: 0x4a0000
2025-09-18T13:47:35.181485+03:00 lum4ik kernel: Hyper-V: LAPIC Timer Frequency: 0x1e8480
2025-09-18T13:47:35.181486+03:00 lum4ik kernel: Hyper-V: Using hypercall for remote TLB flush
2025-09-18T13:47:35.181484+03:00 lum4ik systemd[1]: Finished systemd-tmpfiles-setup-dev.service - Create Static Device Nodes in /dev.
2025-09-18T13:47:35.181488+03:00 lum4ik kernel: clocksource: hyperv_clocksource_tsc_page: mask: 0xffffffffffffffff max_cycles: 0x24e6a1710, max_idle_ns: 440795202120 ns
2025-09-18T13:47:35.181489+03:00 lum4ik kernel: tsc: Detected 3293.707 MHz processor
2025-09-18T13:47:35.181488+03:00 lum4ik systemd[1]: Reached target local-fs-pre.target - Preparation for Local File Systems.
2025-09-18T13:47:35.181490+03:00 lum4ik kernel: e820: update [mem 0x00000000-0x00000fff] usable ==> reserved
2025-09-18T13:47:35.181490+03:00 lum4ik kernel: e820: remove [mem 0x000a0000-0x000fffff] usable
2025-09-18T13:47:35.181490+03:00 lum4ik kernel: last_pfn = 0x1f3600 max_arch_pfn = 0x400000000
2025-09-18T13:47:35.181491+03:00 lum4ik kernel: x86/PAT: Configuration [0-7]: WB  WC  UC- UC  WB  WP  UC- WT  
2025-09-18T13:47:35.181491+03:00 lum4ik systemd[1]: Reached target local-fs.target - Local File Systems.
2025-09-18T13:47:35.181493+03:00 lum4ik kernel: last_pfn = 0xf8000 max_arch_pfn = 0x400000000
2025-09-18T13:47:35.181494+03:00 lum4ik kernel: Using GB pages for direct mapping
2025-09-18T13:47:35.181494+03:00 lum4ik kernel: RAMDISK: [mem 0x03dd8000-0x03faefff]
2025-09-18T13:47:35.181495+03:00 lum4ik kernel: ACPI: Early table checksum verification disabled
2025-09-18T13:47:35.181494+03:00 lum4ik systemd[1]: Listening on systemd-sysext.socket - System Extension Image Management (Varlink).
2025-09-18T13:47:35.181496+03:00 lum4ik kernel: ACPI: RSDP 0x00000000000E0000 000024 (v02 VRTUAL)
2025-09-18T13:47:35.181496+03:00 lum4ik kernel: ACPI: XSDT 0x0000000000100000 000044 (v01 VRTUAL MICROSFT 00000001 MSFT 00000001)
2025-09-18T13:47:35.181497+03:00 lum4ik kernel: ACPI: FACP 0x0000000000101000 000114 (v06 VRTUAL MICROSFT 00000001 MSFT 00000001)
2025-09-18T13:47:35.181497+03:00 lum4ik systemd[1]: apparmor.service - Load AppArmor profiles was skipped because of an unmet condition check (ConditionSecurity=apparmor).
2025-09-18T13:47:35.181499+03:00 lum4ik kernel: ACPI: DSDT 0x00000000001011B8 01E191 (v02 MSFTVM DSDT01   00000001 MSFT 05000000)
2025-09-18T13:47:35.181500+03:00 lum4ik kernel: ACPI: FACS 0x0000000000101114 000040
2025-09-18T13:47:35.181500+03:00 lum4ik kernel: ACPI: OEM0 0x0000000000101154 000064 (v01 VRTUAL MICROSFT 00000001 MSFT 00000001)
2025-09-18T13:47:35.181501+03:00 lum4ik kernel: ACPI: SRAT 0x000000000011F349 000370 (v02 VRTUAL MICROSFT 00000001 MSFT 00000001)
2025-09-18T13:47:35.181501+03:00 lum4ik kernel: ACPI: APIC 0x000000000011F6B9 0000A8 (v04 VRTUAL MICROSFT 00000001 MSFT 00000001)
2025-09-18T13:47:35.181502+03:00 lum4ik kernel: ACPI: Reserving FACP table memory at [mem 0x101000-0x101113]
2025-09-18T13:47:35.181500+03:00 lum4ik systemd[1]: Starting console-setup.service - Set console font and keymap...
2025-09-18T13:47:35.181504+03:00 lum4ik kernel: ACPI: Reserving DSDT table memory at [mem 0x1011b8-0x11f348]
2025-09-18T13:47:35.181505+03:00 lum4ik kernel: ACPI: Reserving FACS table memory at [mem 0x101114-0x101153]
2025-09-18T13:47:35.181506+03:00 lum4ik kernel: ACPI: Reserving OEM0 table memory at [mem 0x101154-0x1011b7]
2025-09-18T13:47:35.181506+03:00 lum4ik kernel: ACPI: Reserving SRAT table memory at [mem 0x11f349-0x11f6b8]
2025-09-18T13:47:35.181506+03:00 lum4ik systemd[1]: Starting ldconfig.service - Rebuild Dynamic Linker Cache...
2025-09-18T13:47:35.181506+03:00 lum4ik kernel: ACPI: Reserving APIC table memory at [mem 0x11f6b9-0x11f760]
2025-09-18T13:47:35.181508+03:00 lum4ik kernel: Zone ranges:
2025-09-18T13:47:35.181509+03:00 lum4ik kernel:   DMA      [mem 0x0000000000001000-0x0000000000ffffff]
2025-09-18T13:47:35.181508+03:00 lum4ik systemd[1]: snapd.apparmor.service - Load AppArmor profiles managed internally by snapd was skipped because of an unmet condition check (ConditionSecurity=apparmor).
2025-09-18T13:47:35.181510+03:00 lum4ik kernel:   DMA32    [mem 0x0000000001000000-0x00000000ffffffff]
2025-09-18T13:47:35.181511+03:00 lum4ik kernel:   Normal   [mem 0x0000000100000000-0x00000001f35fffff]
2025-09-18T13:47:35.181511+03:00 lum4ik kernel:   Device   empty
2025-09-18T13:47:35.181511+03:00 lum4ik systemd[1]: systemd-binfmt.service - Set Up Additional Binary Formats was skipped because of an unmet condition check (ConditionVirtualization=!wsl).
2025-09-18T13:47:35.181512+03:00 lum4ik kernel: Movable zone start for each node
2025-09-18T13:47:35.181513+03:00 lum4ik kernel: Early memory node ranges
2025-09-18T13:47:35.181514+03:00 lum4ik kernel:   node   0: [mem 0x0000000000001000-0x000000000009ffff]
2025-09-18T13:47:35.181514+03:00 lum4ik systemd[1]: Starting systemd-udevd.service - Rule-based Manager for Device Events and Files...
2025-09-18T13:47:35.181516+03:00 lum4ik kernel:   node   0: [mem 0x0000000000200000-0x00000000f7ffffff]
2025-09-18T13:47:35.181517+03:00 lum4ik kernel:   node   0: [mem 0x0000000100000000-0x00000001f35fffff]
2025-09-18T13:47:35.181517+03:00 lum4ik kernel: Initmem setup node 0 [mem 0x0000000000001000-0x00000001f35fffff]
2025-09-18T13:47:35.181518+03:00 lum4ik kernel: On node 0, zone DMA: 1 pages in unavailable ranges
2025-09-18T13:47:35.181518+03:00 lum4ik kernel: On node 0, zone DMA: 352 pages in unavailable ranges
2025-09-18T13:47:35.181519+03:00 lum4ik kernel: On node 0, zone Normal: 18944 pages in unavailable ranges
2025-09-18T13:47:35.181517+03:00 lum4ik systemd[1]: Finished systemd-journal-flush.service - Flush Journal to Persistent Storage.
2025-09-18T13:47:35.181521+03:00 lum4ik kernel: ACPI: LAPIC_NMI (acpi_id[0x01] dfl dfl lint[0x1])
2025-09-18T13:47:35.181521+03:00 lum4ik kernel: IOAPIC[0]: apic_id 12, version 17, address 0xfec00000, GSI 0-23
2025-09-18T13:47:35.181522+03:00 lum4ik kernel: ACPI: INT_SRC_OVR (bus 0 bus_irq 9 global_irq 9 high level)
2025-09-18T13:47:35.181522+03:00 lum4ik kernel: ACPI: Using ACPI (MADT) for SMP configuration information
2025-09-18T13:47:35.181523+03:00 lum4ik kernel: smpboot: Allowing 12 CPUs, 0 hotplug CPUs
2025-09-18T13:47:35.181524+03:00 lum4ik kernel: [mem 0xf8000000-0xffffffff] available for PCI devices
2025-09-18T13:47:35.181522+03:00 lum4ik systemd[1]: Starting systemd-tmpfiles-setup.service - Create Volatile Files and Directories...
2025-09-18T13:47:35.181524+03:00 lum4ik kernel: Booting paravirtualized kernel on Hyper-V
2025-09-18T13:47:35.181526+03:00 lum4ik kernel: clocksource: refined-jiffies: mask: 0xffffffff max_cycles: 0xffffffff, max_idle_ns: 19112604462750000 ns
2025-09-18T13:47:35.181526+03:00 lum4ik systemd[1]: Finished console-setup.service - Set console font and keymap.
2025-09-18T13:47:35.181527+03:00 lum4ik kernel: setup_percpu: NR_CPUS:256 nr_cpumask_bits:256 nr_cpu_ids:12 nr_node_ids:1
2025-09-18T13:47:35.181528+03:00 lum4ik kernel: percpu: Embedded 53 pages/cpu s177624 r8192 d31272 u262144
2025-09-18T13:47:35.181528+03:00 lum4ik kernel: pcpu-alloc: s177624 r8192 d31272 u262144 alloc=1*2097152
2025-09-18T13:47:35.181529+03:00 lum4ik kernel: pcpu-alloc: [0] 00 01 02 03 04 05 06 07 [0] 08 09 10 11 -- -- -- -- 
2025-09-18T13:47:35.181529+03:00 lum4ik kernel: Hyper-V: PV spinlocks enabled
2025-09-18T13:47:35.181529+03:00 lum4ik systemd[1]: Finished systemd-udev-trigger.service - Coldplug All udev Devices.
2025-09-18T13:47:35.181531+03:00 lum4ik kernel: PV qspinlock hash table entries: 256 (order: 0, 4096 bytes, linear)
2025-09-18T13:47:35.181562+03:00 lum4ik kernel: Built 1 zonelists, mobility grouping on.  Total pages: 1980205
2025-09-18T13:47:35.181564+03:00 lum4ik kernel: Kernel command line: initrd=\initrd.img WSL_ROOT_INIT=1 panic=-1 nr_cpus=12 hv_utils.timesync_implicit=1 console=hvc0 debug pty.legacy_count=0
2025-09-18T13:47:35.181564+03:00 lum4ik kernel: Unknown kernel command line parameters "WSL_ROOT_INIT=1", will be passed to user space.
2025-09-18T13:47:35.181565+03:00 lum4ik kernel: Dentry cache hash table entries: 1048576 (order: 11, 8388608 bytes, linear)
2025-09-18T13:47:35.181565+03:00 lum4ik kernel: Inode-cache hash table entries: 524288 (order: 10, 4194304 bytes, linear)
2025-09-18T13:47:35.181531+03:00 lum4ik systemd[1]: Finished ldconfig.service - Rebuild Dynamic Linker Cache.
2025-09-18T13:47:35.181568+03:00 lum4ik kernel: mem auto-init: stack:off, heap alloc:off, heap free:off
2025-09-18T13:47:35.181568+03:00 lum4ik kernel: Memory: 4124576K/8049276K available (18452K kernel code, 2628K rwdata, 9636K rodata, 2004K init, 1824K bss, 253748K reserved, 0K cma-reserved)
2025-09-18T13:47:35.181569+03:00 lum4ik kernel: SLUB: HWalign=64, Order=0-3, MinObjects=0, CPUs=12, Nodes=1
2025-09-18T13:47:35.181569+03:00 lum4ik kernel: ftrace: allocating 52828 entries in 207 pages
2025-09-18T13:47:35.181570+03:00 lum4ik kernel: ftrace: allocated 207 pages with 6 groups
2025-09-18T13:47:35.181570+03:00 lum4ik kernel: rcu: Hierarchical RCU implementation.
2025-09-18T13:47:35.181574+03:00 lum4ik kernel: rcu: 	RCU restricting CPUs from NR_CPUS=256 to nr_cpu_ids=12.
2025-09-18T13:47:35.181571+03:00 lum4ik systemd-tmpfiles[102]: rm_rf(/tmp/.X11-unix): Read-only file system
2025-09-18T13:47:35.181574+03:00 lum4ik kernel: 	Rude variant of Tasks RCU enabled.
2025-09-18T13:47:35.181576+03:00 lum4ik kernel: 	Tracing variant of Tasks RCU enabled.
2025-09-18T13:47:35.181576+03:00 lum4ik kernel: rcu: RCU calculated value of scheduler-enlistment delay is 10 jiffies.
2025-09-18T13:47:35.181577+03:00 lum4ik kernel: rcu: Adjusting geometry for rcu_fanout_leaf=16, nr_cpu_ids=12
2025-09-18T13:47:35.181577+03:00 lum4ik kernel: Using NULL legacy PIC
2025-09-18T13:47:35.181579+03:00 lum4ik kernel: NR_IRQS: 16640, nr_irqs: 520, preallocated irqs: 0
2025-09-18T13:47:35.181580+03:00 lum4ik kernel: random: crng init done
2025-09-18T13:47:35.181580+03:00 lum4ik kernel: Console: colour dummy device 80x25
2025-09-18T13:47:35.181576+03:00 lum4ik systemd-tmpfiles[102]: fchmod() of /tmp/.X11-unix failed: Read-only file system
2025-09-18T13:47:35.181580+03:00 lum4ik kernel: ACPI: Core revision 20210730
2025-09-18T13:47:35.181581+03:00 lum4ik kernel: Failed to register legacy timer interrupt
2025-09-18T13:47:35.181581+03:00 lum4ik kernel: APIC: Switch to symmetric I/O mode setup
2025-09-18T13:47:35.181582+03:00 lum4ik kernel: Switched APIC routing to physical flat.
2025-09-18T13:47:35.181584+03:00 lum4ik kernel: Hyper-V: Using IPI hypercalls
2025-09-18T13:47:35.181583+03:00 lum4ik systemd[1]: Finished systemd-tmpfiles-setup.service - Create Volatile Files and Directories.
2025-09-18T13:47:35.181584+03:00 lum4ik kernel: Hyper-V: Using enlightened APIC (xapic mode)
2025-09-18T13:47:35.181585+03:00 lum4ik kernel: clocksource: tsc-early: mask: 0xffffffffffffffff max_cycles: 0x2f7a1422e73, max_idle_ns: 440795373816 ns
2025-09-18T13:47:35.181585+03:00 lum4ik kernel: Calibrating delay loop (skipped), value calculated using timer frequency.. 6587.41 BogoMIPS (lpj=32937070)
2025-09-18T13:47:35.181586+03:00 lum4ik kernel: x86/cpu: User Mode Instruction Prevention (UMIP) activated
2025-09-18T13:47:35.181586+03:00 lum4ik kernel: Last level iTLB entries: 4KB 512, 2MB 512, 4MB 256
2025-09-18T13:47:35.181586+03:00 lum4ik systemd[1]: systemd-firstboot.service - First Boot Wizard was skipped because of an unmet condition check (ConditionFirstBoot=yes).
2025-09-18T13:47:35.181588+03:00 lum4ik kernel: Last level dTLB entries: 4KB 2048, 2MB 2048, 4MB 1024, 1GB 0
2025-09-18T13:47:35.181589+03:00 lum4ik kernel: Spectre V1 : Mitigation: usercopy/swapgs barriers and __user pointer sanitization
2025-09-18T13:47:35.181589+03:00 lum4ik kernel: Spectre V2 : Mitigation: Retpolines
2025-09-18T13:47:35.181590+03:00 lum4ik kernel: Spectre V2 : Spectre v2 / SpectreRSB mitigation: Filling RSB on context switch
2025-09-18T13:47:35.181590+03:00 lum4ik kernel: Spectre V2 : Spectre v2 / SpectreRSB : Filling RSB on VMEXIT
2025-09-18T13:47:35.181589+03:00 lum4ik systemd[1]: first-boot-complete.target - First Boot Complete was skipped because of an unmet condition check (ConditionFirstBoot=yes).
2025-09-18T13:47:35.181592+03:00 lum4ik systemd[1]: Starting systemd-journal-catalog-update.service - Rebuild Journal Catalog...
2025-09-18T13:47:35.181596+03:00 lum4ik systemd[1]: systemd-machine-id-commit.service - Commit a transient machine-id on disk was skipped because of an unmet condition check (ConditionPathIsMountPoint=/etc/machine-id).
2025-09-18T13:47:35.181601+03:00 lum4ik systemd[1]: Starting systemd-resolved.service - Network Name Resolution...
2025-09-18T13:47:35.181605+03:00 lum4ik systemd[1]: Starting systemd-timesyncd.service - Network Time Synchronization...
2025-09-18T13:47:35.181609+03:00 lum4ik systemd[1]: Starting systemd-update-utmp.service - Record System Boot/Shutdown in UTMP...
2025-09-18T13:47:35.181613+03:00 lum4ik systemd[1]: Finished systemd-update-utmp.service - Record System Boot/Shutdown in UTMP.
2025-09-18T13:47:35.181618+03:00 lum4ik systemd-udevd[97]: Using default interface naming scheme 'v255'.
2025-09-18T13:47:35.181623+03:00 lum4ik systemd[1]: Finished systemd-journal-catalog-update.service - Rebuild Journal Catalog.
2025-09-18T13:47:35.181629+03:00 lum4ik systemd[1]: Starting systemd-update-done.service - Update is Completed...
2025-09-18T13:47:35.181633+03:00 lum4ik systemd[1]: Finished systemd-update-done.service - Update is Completed.
2025-09-18T13:47:35.181636+03:00 lum4ik systemd[1]: Started systemd-udevd.service - Rule-based Manager for Device Events and Files.
2025-09-18T13:47:35.181640+03:00 lum4ik (udev-worker)[122]: sdb: Process '/usr/bin/unshare -m /usr/bin/snap auto-import --mount=/dev/sdb' failed with exit code 1.
2025-09-18T13:47:35.181643+03:00 lum4ik kernel: Spectre V2 : Enabling Restricted Speculation for firmware calls
2025-09-18T13:47:35.181643+03:00 lum4ik (udev-worker)[118]: sdc: Process '/usr/bin/unshare -m /usr/bin/snap auto-import --mount=/dev/sdc' failed with exit code 1.
2025-09-18T13:47:35.181646+03:00 lum4ik kernel: Spectre V2 : mitigation: Enabling conditional Indirect Branch Prediction Barrier
2025-09-18T13:47:35.181647+03:00 lum4ik kernel: Spectre V2 : User space: Mitigation: STIBP via seccomp and prctl
2025-09-18T13:47:35.181647+03:00 lum4ik kernel: Speculative Store Bypass: Mitigation: Speculative Store Bypass disabled via prctl and seccomp
2025-09-18T13:47:35.181648+03:00 lum4ik kernel: Speculative Return Stack Overflow: IBPB-extending microcode not applied!
2025-09-18T13:47:35.181648+03:00 lum4ik kernel: Speculative Return Stack Overflow: WARNING: See https://kernel.org/doc/html/latest/admin-guide/hw-vuln/srso.html for mitigation options.
2025-09-18T13:47:35.181649+03:00 lum4ik kernel: Speculative Return Stack Overflow: Mitigation: safe RET, no microcode
2025-09-18T13:47:35.181647+03:00 lum4ik (udev-worker)[126]: sda: Process '/usr/bin/unshare -m /usr/bin/snap auto-import --mount=/dev/sda' failed with exit code 1.
2025-09-18T13:47:35.181650+03:00 lum4ik kernel: x86/fpu: Supporting XSAVE feature 0x001: 'x87 floating point registers'
2025-09-18T13:47:35.181651+03:00 lum4ik kernel: x86/fpu: Supporting XSAVE feature 0x002: 'SSE registers'
2025-09-18T13:47:35.181652+03:00 lum4ik kernel: x86/fpu: Supporting XSAVE feature 0x004: 'AVX registers'
2025-09-18T13:47:35.181652+03:00 lum4ik kernel: x86/fpu: xstate_offset[2]:  576, xstate_sizes[2]:  256
2025-09-18T13:47:35.181653+03:00 lum4ik kernel: x86/fpu: Enabled xstate features 0x7, context size is 832 bytes, using 'compacted' format.
2025-09-18T13:47:35.181653+03:00 lum4ik kernel: Freeing SMP alternatives memory: 60K
2025-09-18T13:47:35.181652+03:00 lum4ik systemd-resolved[110]: Positive Trust Anchors:
2025-09-18T13:47:35.181654+03:00 lum4ik kernel: pid_max: default: 32768 minimum: 301
2025-09-18T13:47:35.181656+03:00 lum4ik kernel: LSM: Security Framework initializing
2025-09-18T13:47:35.181657+03:00 lum4ik kernel: landlock: Up and running.
2025-09-18T13:47:35.181656+03:00 lum4ik systemd-resolved[110]: . IN DS 20326 8 2 e06d44b80b8f1d39a95c0b0d7c65d08458e880409bbc683457104237c7f8ec8d
2025-09-18T13:47:35.181657+03:00 lum4ik kernel: Mount-cache hash table entries: 16384 (order: 5, 131072 bytes, linear)
2025-09-18T13:47:35.181658+03:00 lum4ik kernel: Mountpoint-cache hash table entries: 16384 (order: 5, 131072 bytes, linear)
2025-09-18T13:47:35.181658+03:00 lum4ik kernel: smpboot: CPU0: AMD Ryzen 5 5600H with Radeon Graphics (family: 0x19, model: 0x50, stepping: 0x0)
2025-09-18T13:47:35.181659+03:00 lum4ik kernel: Performance Events: Fam17h+ core perfctr, AMD PMU driver.
2025-09-18T13:47:35.181661+03:00 lum4ik kernel: ... version:                0
2025-09-18T13:47:35.181662+03:00 lum4ik kernel: ... bit width:              48
2025-09-18T13:47:35.181659+03:00 lum4ik systemd-resolved[110]: Negative trust anchors: home.arpa 10.in-addr.arpa 16.172.in-addr.arpa 17.172.in-addr.arpa 18.172.in-addr.arpa 19.172.in-addr.arpa 20.172.in-addr.arpa 21.172.in-addr.arpa 22.172.in-addr.arpa 23.172.in-addr.arpa 24.172.in-addr.arpa 25.172.in-addr.arpa 26.172.in-addr.arpa 27.172.in-addr.arpa 28.172.in-addr.arpa 29.172.in-addr.arpa 30.172.in-addr.arpa 31.172.in-addr.arpa 170.0.0.192.in-addr.arpa 171.0.0.192.in-addr.arpa 168.192.in-addr.arpa d.f.ip6.arpa ipv4only.arpa corp home internal intranet lan local private test
2025-09-18T13:47:35.181662+03:00 lum4ik kernel: ... generic registers:      6
2025-09-18T13:47:35.181663+03:00 lum4ik kernel: ... value mask:             0000ffffffffffff
2025-09-18T13:47:35.181663+03:00 lum4ik kernel: ... max period:             00007fffffffffff
2025-09-18T13:47:35.181664+03:00 lum4ik kernel: ... fixed-purpose events:   0
2025-09-18T13:47:35.181664+03:00 lum4ik kernel: ... event mask:             000000000000003f
2025-09-18T13:47:35.181665+03:00 lum4ik systemd[1]: Started systemd-timesyncd.service - Network Time Synchronization.
2025-09-18T13:47:35.181666+03:00 lum4ik kernel: signal: max sigframe size: 1776
2025-09-18T13:47:35.181667+03:00 lum4ik kernel: rcu: Hierarchical SRCU implementation.
2025-09-18T13:47:35.181668+03:00 lum4ik kernel: smp: Bringing up secondary CPUs ...
2025-09-18T13:47:35.181720+03:00 lum4ik kernel: x86: Booting SMP configuration:
2025-09-18T13:47:35.181722+03:00 lum4ik kernel: .... node  #0, CPUs:        #1  #2  #3  #4  #5  #6  #7  #8  #9 #10 #11
2025-09-18T13:47:35.181723+03:00 lum4ik kernel: smp: Brought up 1 node, 12 CPUs
2025-09-18T13:47:35.181723+03:00 lum4ik kernel: smpboot: Max logical packages: 1
2025-09-18T13:47:35.181724+03:00 lum4ik kernel: smpboot: Total of 12 processors activated (79048.96 BogoMIPS)
2025-09-18T13:47:35.181724+03:00 lum4ik kernel: node 0 deferred pages initialised in 20ms
2025-09-18T13:47:35.181669+03:00 lum4ik systemd[1]: Reached target time-set.target - System Time Set.
2025-09-18T13:47:35.181724+03:00 lum4ik kernel: devtmpfs: initialized
2025-09-18T13:47:35.181733+03:00 lum4ik kernel: x86/mm: Memory block size: 128MB
2025-09-18T13:47:35.181734+03:00 lum4ik kernel: clocksource: jiffies: mask: 0xffffffff max_cycles: 0xffffffff, max_idle_ns: 19112604462750000 ns
2025-09-18T13:47:35.181734+03:00 lum4ik kernel: futex hash table entries: 4096 (order: 6, 262144 bytes, linear)
2025-09-18T13:47:35.181735+03:00 lum4ik kernel: NET: Registered PF_NETLINK/PF_ROUTE protocol family
2025-09-18T13:47:35.181735+03:00 lum4ik kernel: audit: initializing netlink subsys (disabled)
2025-09-18T13:47:35.181738+03:00 lum4ik kernel: audit: type=2000 audit(1758192447.020:1): state=initialized audit_enabled=0 res=1
2025-09-18T13:47:35.181733+03:00 lum4ik systemd-resolved[110]: Using system hostname 'lum4ik'.
2025-09-18T13:47:35.181738+03:00 lum4ik kernel: thermal_sys: Registered thermal governor 'step_wise'
2025-09-18T13:47:35.181739+03:00 lum4ik kernel: cpuidle: using governor menu
2025-09-18T13:47:35.181739+03:00 lum4ik kernel: ACPI: bus type PCI registered
2025-09-18T13:47:35.181739+03:00 lum4ik systemd[1]: Started systemd-resolved.service - Network Name Resolution.
2025-09-18T13:47:35.181740+03:00 lum4ik kernel: PCI: Fatal: No config space access function found
2025-09-18T13:47:35.181742+03:00 lum4ik kernel: kprobes: kprobe jump-optimization is enabled. All kprobes are optimized if possible.
2025-09-18T13:47:35.181742+03:00 lum4ik kernel: HugeTLB registered 1.00 GiB page size, pre-allocated 0 pages
2025-09-18T13:47:35.181743+03:00 lum4ik kernel: HugeTLB registered 2.00 MiB page size, pre-allocated 0 pages
2025-09-18T13:47:35.181742+03:00 lum4ik systemd[1]: Reached target nss-lookup.target - Host and Network Name Lookups.
2025-09-18T13:47:35.181743+03:00 lum4ik kernel: raid6: skip pq benchmark and using algorithm avx2x4
2025-09-18T13:47:35.181744+03:00 lum4ik kernel: raid6: using avx2x2 recovery algorithm
2025-09-18T13:47:35.181744+03:00 lum4ik kernel: ACPI: Added _OSI(Module Device)
2025-09-18T13:47:35.181745+03:00 lum4ik kernel: ACPI: Added _OSI(Processor Device)
2025-09-18T13:47:35.181745+03:00 lum4ik systemd[1]: Reached target sysinit.target - System Initialization.
2025-09-18T13:47:35.181746+03:00 lum4ik kernel: ACPI: Added _OSI(3.0 _SCP Extensions)
2025-09-18T13:47:35.181746+03:00 lum4ik kernel: ACPI: Added _OSI(Processor Aggregator Device)
2025-09-18T13:47:35.181747+03:00 lum4ik kernel: ACPI: Added _OSI(Linux-Dell-Video)
2025-09-18T13:47:35.181747+03:00 lum4ik kernel: ACPI: Added _OSI(Linux-Lenovo-NV-HDMI-Audio)
2025-09-18T13:47:35.181747+03:00 lum4ik kernel: ACPI: Added _OSI(Linux-HPI-Hybrid-Graphics)
2025-09-18T13:47:35.181748+03:00 lum4ik kernel: ACPI: 1 ACPI AML tables successfully acquired and loaded
2025-09-18T13:47:35.181748+03:00 lum4ik kernel: ACPI: Interpreter enabled
2025-09-18T13:47:35.181747+03:00 lum4ik systemd[1]: apport-autoreport.path - Process error reports when automatic reporting is enabled (file watch) was skipped because of an unmet condition check (ConditionPathExists=/var/lib/apport/autoreport).
2025-09-18T13:47:35.181749+03:00 lum4ik kernel: ACPI: PM: (supports S0 S5)
2025-09-18T13:47:35.181749+03:00 lum4ik kernel: ACPI: Using IOAPIC for interrupt routing
2025-09-18T13:47:35.181750+03:00 lum4ik kernel: PCI: Using host bridge windows from ACPI; if necessary, use "pci=nocrs" and report a bug
2025-09-18T13:47:35.181750+03:00 lum4ik kernel: ACPI: Enabled 2 GPEs in block 00 to 0F
2025-09-18T13:47:35.181751+03:00 lum4ik kernel: iommu: Default domain type: Translated 
2025-09-18T13:47:35.181751+03:00 lum4ik kernel: iommu: DMA domain TLB invalidation policy: lazy mode 
2025-09-18T13:47:35.181751+03:00 lum4ik kernel: SCSI subsystem initialized
2025-09-18T13:47:35.181750+03:00 lum4ik systemd[1]: apport-autoreport.timer - Process error reports when automatic reporting is enabled (timer based) was skipped because of an unmet condition check (ConditionPathExists=/var/lib/apport/autoreport).
2025-09-18T13:47:35.181752+03:00 lum4ik kernel: ACPI: bus type USB registered
2025-09-18T13:47:35.181752+03:00 lum4ik kernel: usbcore: registered new interface driver usbfs
2025-09-18T13:47:35.181753+03:00 lum4ik kernel: usbcore: registered new interface driver hub
2025-09-18T13:47:35.181753+03:00 lum4ik systemd[1]: Started apt-daily.timer - Daily apt download activities.
2025-09-18T13:47:35.181753+03:00 lum4ik kernel: usbcore: registered new device driver usb
2025-09-18T13:47:35.181755+03:00 lum4ik kernel: pps_core: LinuxPPS API ver. 1 registered
2025-09-18T13:47:35.181756+03:00 lum4ik kernel: pps_core: Software ver. 5.3.6 - Copyright 2005-2007 Rodolfo Giometti <giometti@linux.it>
2025-09-18T13:47:35.181756+03:00 lum4ik kernel: PTP clock support registered
2025-09-18T13:47:35.181755+03:00 lum4ik systemd[1]: Started apt-daily-upgrade.timer - Daily apt upgrade and clean activities.
2025-09-18T13:47:35.181757+03:00 lum4ik kernel: hv_vmbus: Vmbus version:5.3
2025-09-18T13:47:35.181757+03:00 lum4ik kernel: PCI: Using ACPI for IRQ routing
2025-09-18T13:47:35.181758+03:00 lum4ik kernel: PCI: System does not support PCI
2025-09-18T13:47:35.181758+03:00 lum4ik kernel: hv_vmbus: Unknown GUID: c376c1c3-d276-48d2-90a9-c04748072c60
2025-09-18T13:47:35.181758+03:00 lum4ik systemd[1]: Started dpkg-db-backup.timer - Daily dpkg database backup timer.
2025-09-18T13:47:35.181759+03:00 lum4ik kernel: clocksource: Switched to clocksource tsc-early
2025-09-18T13:47:35.181759+03:00 lum4ik kernel: hv_vmbus: Unknown GUID: 6e382d18-3336-4f4b-acc4-2b7703d4df4a
2025-09-18T13:47:35.181760+03:00 lum4ik kernel: hv_vmbus: Unknown GUID: dde9cbc0-5060-4436-9448-ea1254a5d177
2025-09-18T13:47:35.181760+03:00 lum4ik kernel: VFS: Disk quotas dquot_6.6.0
2025-09-18T13:47:35.181760+03:00 lum4ik systemd[1]: Started e2scrub_all.timer - Periodic ext4 Online Metadata Check for All Filesystems.
2025-09-18T13:47:35.181761+03:00 lum4ik kernel: VFS: Dquot-cache hash table entries: 512 (order 0, 4096 bytes)
2025-09-18T13:47:35.181762+03:00 lum4ik kernel: FS-Cache: Loaded
2025-09-18T13:47:35.181762+03:00 lum4ik kernel: pnp: PnP ACPI init
2025-09-18T13:47:35.181762+03:00 lum4ik systemd[1]: fstrim.timer - Discard unused filesystem blocks once a week was skipped because of an unmet condition check (ConditionVirtualization=!container).
2025-09-18T13:47:35.181763+03:00 lum4ik kernel: pnp: PnP ACPI: found 1 devices
2025-09-18T13:47:35.181764+03:00 lum4ik kernel: NET: Registered PF_INET protocol family
2025-09-18T13:47:35.181765+03:00 lum4ik kernel: IP idents hash table entries: 131072 (order: 8, 1048576 bytes, linear)
2025-09-18T13:47:35.181765+03:00 lum4ik kernel: tcp_listen_portaddr_hash hash table entries: 4096 (order: 4, 65536 bytes, linear)
2025-09-18T13:47:35.181765+03:00 lum4ik systemd[1]: Started logrotate.timer - Daily rotation of log files.
2025-09-18T13:47:35.181766+03:00 lum4ik kernel: Table-perturb hash table entries: 65536 (order: 6, 262144 bytes, linear)
2025-09-18T13:47:35.181767+03:00 lum4ik kernel: TCP established hash table entries: 65536 (order: 7, 524288 bytes, linear)
2025-09-18T13:47:35.181767+03:00 lum4ik kernel: TCP bind hash table entries: 65536 (order: 8, 1048576 bytes, linear)
2025-09-18T13:47:35.181768+03:00 lum4ik kernel: TCP: Hash tables configured (established 65536 bind 65536)
2025-09-18T13:47:35.181768+03:00 lum4ik kernel: UDP hash table entries: 4096 (order: 5, 131072 bytes, linear)
2025-09-18T13:47:35.181769+03:00 lum4ik kernel: UDP-Lite hash table entries: 4096 (order: 5, 131072 bytes, linear)
2025-09-18T13:47:35.181769+03:00 lum4ik kernel: NET: Registered PF_UNIX/PF_LOCAL protocol family
2025-09-18T13:47:35.181770+03:00 lum4ik kernel: RPC: Registered named UNIX socket transport module.
2025-09-18T13:47:35.181770+03:00 lum4ik kernel: RPC: Registered udp transport module.
2025-09-18T13:47:35.181771+03:00 lum4ik kernel: RPC: Registered tcp transport module.
2025-09-18T13:47:35.181767+03:00 lum4ik systemd[1]: Started man-db.timer - Daily man-db regeneration.
2025-09-18T13:47:35.181772+03:00 lum4ik kernel: RPC: Registered tcp NFSv4.1 backchannel transport module.
2025-09-18T13:47:35.181772+03:00 lum4ik kernel: PCI: CLS 0 bytes, default 64
2025-09-18T13:47:35.181816+03:00 lum4ik kernel: PCI-DMA: Using software bounce buffering for IO (SWIOTLB)
2025-09-18T13:47:35.181819+03:00 lum4ik kernel: software IO TLB: mapped [mem 0x00000000f4000000-0x00000000f8000000] (64MB)
2025-09-18T13:47:35.181819+03:00 lum4ik kernel: Trying to unpack rootfs image as initramfs...
2025-09-18T13:47:35.181820+03:00 lum4ik kernel: kvm: no hardware support
2025-09-18T13:47:35.181820+03:00 lum4ik kernel: Freeing initrd memory: 1884K
2025-09-18T13:47:35.181821+03:00 lum4ik kernel: kvm: Nested Virtualization enabled
2025-09-18T13:47:35.181821+03:00 lum4ik kernel: SVM: kvm: Nested Paging enabled
2025-09-18T13:47:35.181821+03:00 lum4ik kernel: SVM: kvm: Hyper-V enlightened NPT TLB flush enabled
2025-09-18T13:47:35.181822+03:00 lum4ik kernel: SVM: kvm: Hyper-V Direct TLB Flush enabled
2025-09-18T13:47:35.181822+03:00 lum4ik kernel: SVM: Virtual VMLOAD VMSAVE supported
2025-09-18T13:47:35.181823+03:00 lum4ik kernel: Initialise system trusted keyrings
2025-09-18T13:47:35.181823+03:00 lum4ik kernel: workingset: timestamp_bits=46 max_order=21 bucket_order=0
2025-09-18T13:47:35.181824+03:00 lum4ik kernel: squashfs: version 4.0 (2009/01/31) Phillip Lougher
2025-09-18T13:47:35.181824+03:00 lum4ik kernel: NFS: Registering the id_resolver key type
2025-09-18T13:47:35.181824+03:00 lum4ik kernel: Key type id_resolver registered
2025-09-18T13:47:35.181825+03:00 lum4ik kernel: Key type id_legacy registered
2025-09-18T13:47:35.181825+03:00 lum4ik kernel: nfs4filelayout_init: NFSv4 File Layout Driver Registering...
2025-09-18T13:47:35.181773+03:00 lum4ik systemd[1]: Started motd-news.timer - Message of the Day.
2025-09-18T13:47:35.181841+03:00 lum4ik systemd[1]: snapd.snap-repair.timer - Timer to automatically fetch and run repair assertions was skipped because no trigger condition checks were met.
2025-09-18T13:47:35.181849+03:00 lum4ik systemd[1]: Started systemd-tmpfiles-clean.timer - Daily Cleanup of Temporary Directories.
2025-09-18T13:47:35.181853+03:00 lum4ik systemd[1]: ua-timer.timer - Ubuntu Pro Timer for running repeated jobs was skipped because of an unmet condition check (ConditionPathExists=/var/lib/ubuntu-advantage/private/machine-token.json).
2025-09-18T13:47:35.181858+03:00 lum4ik systemd[1]: Reached target paths.target - Path Units.
2025-09-18T13:47:35.181862+03:00 lum4ik systemd[1]: Reached target timers.target - Timer Units.
2025-09-18T13:47:35.181866+03:00 lum4ik systemd[1]: Listening on apport-forward.socket - Unix socket for apport crash forwarding.
2025-09-18T13:47:35.181869+03:00 lum4ik systemd[1]: Listening on dbus.socket - D-Bus System Message Bus Socket.
2025-09-18T13:47:35.181872+03:00 lum4ik systemd[1]: Starting snapd.socket - Socket activation for snappy daemon...
2025-09-18T13:47:35.181876+03:00 lum4ik systemd[1]: Listening on uuidd.socket - UUID daemon activation socket.
2025-09-18T13:47:35.181879+03:00 lum4ik systemd[1]: systemd-pcrphase-sysinit.service - TPM2 PCR Barrier (Initialization) was skipped because of an unmet condition check (ConditionSecurity=measured-uki).
2025-09-18T13:47:35.181881+03:00 lum4ik kernel: nfs4flexfilelayout_init: NFSv4 Flexfile Layout Driver Registering...
2025-09-18T13:47:35.181882+03:00 lum4ik kernel: Installing knfsd (copyright (C) 1996 okir@monad.swb.de).
2025-09-18T13:47:35.181883+03:00 lum4ik kernel: Key type cifs.idmap registered
2025-09-18T13:47:35.181883+03:00 lum4ik kernel: fuse: init (API version 7.34)
2025-09-18T13:47:35.181884+03:00 lum4ik kernel: SGI XFS with ACLs, security attributes, realtime, scrub, repair, quota, no debug enabled
2025-09-18T13:47:35.181882+03:00 lum4ik systemd[1]: Listening on snapd.socket - Socket activation for snappy daemon.
2025-09-18T13:47:35.181941+03:00 lum4ik systemd[1]: Reached target sockets.target - Socket Units.
2025-09-18T13:47:35.181973+03:00 lum4ik systemd[1]: Reached target basic.target - Basic System.
2025-09-18T13:47:35.182003+03:00 lum4ik systemd[1]: System is tainted: cgroupsv1
2025-09-18T13:47:35.182007+03:00 lum4ik systemd[1]: apport.service - automatic crash report generation was skipped because of an unmet condition check (ConditionVirtualization=!container).
2025-09-18T13:47:35.181884+03:00 lum4ik kernel: 9p: Installing v9fs 9p2000 file system support
2025-09-18T13:47:35.182010+03:00 lum4ik systemd[1]: Started cron.service - Regular background program processing daemon.
2025-09-18T13:47:35.182028+03:00 lum4ik kernel: FS-Cache: Netfs '9p' registered for caching
2025-09-18T13:47:35.182093+03:00 lum4ik kernel: FS-Cache: Netfs 'ceph' registered for caching
2025-09-18T13:47:35.182095+03:00 lum4ik kernel: ceph: loaded (mds proto 32)
2025-09-18T13:47:35.182095+03:00 lum4ik kernel: NET: Registered PF_ALG protocol family
2025-09-18T13:47:35.182096+03:00 lum4ik kernel: xor: automatically using best checksumming function   avx       
2025-09-18T13:47:35.182096+03:00 lum4ik kernel: Key type asymmetric registered
2025-09-18T13:47:35.182096+03:00 lum4ik kernel: Asymmetric key parser 'x509' registered
2025-09-18T13:47:35.182097+03:00 lum4ik kernel: Block layer SCSI generic (bsg) driver version 0.4 loaded (major 248)
2025-09-18T13:47:35.182097+03:00 lum4ik kernel: hv_vmbus: registering driver hv_pci
2025-09-18T13:47:35.182062+03:00 lum4ik systemd[1]: Starting dbus.service - D-Bus System Message Bus...
2025-09-18T13:47:35.182097+03:00 lum4ik kernel: hv_pci d036e293-ca92-49bd-8b07-0b34efed1e2b: PCI VMBus probing: Using version 0x10004
2025-09-18T13:47:35.182098+03:00 lum4ik kernel: hv_pci d036e293-ca92-49bd-8b07-0b34efed1e2b: PCI host bridge to bus ca92:00
2025-09-18T13:47:35.182099+03:00 lum4ik kernel: pci_bus ca92:00: root bus resource [mem 0x9ffe00000-0x9ffe02fff window]
2025-09-18T13:47:35.182099+03:00 lum4ik kernel: pci_bus ca92:00: No busn resource found for root bus, will use [bus 00-ff]
2025-09-18T13:47:35.182099+03:00 lum4ik kernel: pci ca92:00:00.0: [1af4:1043] type 00 class 0x010000
2025-09-18T13:47:35.182100+03:00 lum4ik kernel: pci ca92:00:00.0: reg 0x10: [mem 0x9ffe00000-0x9ffe00fff 64bit]
2025-09-18T13:47:35.182100+03:00 lum4ik kernel: pci ca92:00:00.0: reg 0x18: [mem 0x9ffe01000-0x9ffe01fff 64bit]
2025-09-18T13:47:35.182100+03:00 lum4ik kernel: pci ca92:00:00.0: reg 0x20: [mem 0x9ffe02000-0x9ffe02fff 64bit]
2025-09-18T13:47:35.182101+03:00 lum4ik kernel: pci_bus ca92:00: busn_res: [bus 00-ff] end is updated to 00
2025-09-18T13:47:35.182101+03:00 lum4ik kernel: pci ca92:00:00.0: BAR 0: assigned [mem 0x9ffe00000-0x9ffe00fff 64bit]
2025-09-18T13:47:35.182101+03:00 lum4ik kernel: pci ca92:00:00.0: BAR 2: assigned [mem 0x9ffe01000-0x9ffe01fff 64bit]
2025-09-18T13:47:35.182101+03:00 lum4ik kernel: pci ca92:00:00.0: BAR 4: assigned [mem 0x9ffe02000-0x9ffe02fff 64bit]
2025-09-18T13:47:35.182102+03:00 lum4ik kernel: hv_pci 3420ebe5-4a91-4da0-a49c-65237a03e6d4: PCI VMBus probing: Using version 0x10004
2025-09-18T13:47:35.182102+03:00 lum4ik kernel: hv_pci 3420ebe5-4a91-4da0-a49c-65237a03e6d4: PCI host bridge to bus 4a91:00
2025-09-18T13:47:35.182102+03:00 lum4ik kernel: pci_bus 4a91:00: No busn resource found for root bus, will use [bus 00-ff]
2025-09-18T13:47:35.182103+03:00 lum4ik kernel: pci 4a91:00:00.0: [1414:008e] type 00 class 0x030200
2025-09-18T13:47:35.182103+03:00 lum4ik kernel: pci_bus 4a91:00: busn_res: [bus 00-ff] end is updated to 00
2025-09-18T13:47:35.182103+03:00 lum4ik kernel: ACPI: AC: AC Adapter [AC1] (on-line)
2025-09-18T13:47:35.182104+03:00 lum4ik kernel: ACPI: battery: Slot [BAT1] (battery present)
2025-09-18T13:47:35.182104+03:00 lum4ik kernel: Serial: 8250/16550 driver, 4 ports, IRQ sharing disabled
2025-09-18T13:47:35.182105+03:00 lum4ik kernel: Non-volatile memory driver v1.3
2025-09-18T13:47:35.182101+03:00 lum4ik systemd[1]: Started dmesg.service - Save initial kernel messages after boot.
2025-09-18T13:47:35.182185+03:00 lum4ik kernel: [drm] Initialized vgem 1.0.0 20120112 for vgem on minor 0
2025-09-18T13:47:35.182202+03:00 lum4ik (cron)[163]: cron.service: Referenced but unset environment variable evaluates to an empty string: EXTRA_OPTS
2025-09-18T13:47:35.182211+03:00 lum4ik kernel: printk: console [hvc0] enabled
2025-09-18T13:47:35.182212+03:00 lum4ik kernel: brd: module loaded
2025-09-18T13:47:35.182213+03:00 lum4ik kernel: loop: module loaded
2025-09-18T13:47:35.182212+03:00 lum4ik systemd[1]: Starting e2scrub_reap.service - Remove Stale Online ext4 Metadata Check Snapshots...
2025-09-18T13:47:35.182215+03:00 lum4ik kernel: hv_vmbus: registering driver hv_storvsc
2025-09-18T13:47:35.182216+03:00 lum4ik kernel: wireguard: WireGuard 1.0.0 loaded. See www.wireguard.com for information.
2025-09-18T13:47:35.182217+03:00 lum4ik kernel: wireguard: Copyright (C) 2015-2019 Jason A. Donenfeld <Jason@zx2c4.com>. All Rights Reserved.
2025-09-18T13:47:35.182218+03:00 lum4ik kernel: tun: Universal TUN/TAP device driver, 1.6
2025-09-18T13:47:35.182218+03:00 lum4ik kernel: PPP generic driver version 2.4.2
2025-09-18T13:47:35.182217+03:00 lum4ik systemd[1]: getty-static.service - getty on tty2-tty6 if dbus and logind are not available was skipped because of an unmet condition check (ConditionPathExists=!/usr/bin/dbus-daemon).
2025-09-18T13:47:35.182220+03:00 lum4ik kernel: scsi host0: storvsc_host_t
2025-09-18T13:47:35.182221+03:00 lum4ik kernel: PPP BSD Compression module registered
2025-09-18T13:47:35.182221+03:00 lum4ik kernel: PPP Deflate Compression module registered
2025-09-18T13:47:35.182222+03:00 lum4ik cron[163]: (CRON) INFO (pidfile fd = 3)
2025-09-18T13:47:35.182226+03:00 lum4ik systemd[1]: Starting landscape-client.service - Landscape client daemons...
2025-09-18T13:47:35.182231+03:00 lum4ik cron[163]: (CRON) INFO (Running @reboot jobs)
2025-09-18T13:47:35.182236+03:00 lum4ik systemd[1]: networkd-dispatcher.service - Dispatcher daemon for systemd-networkd was skipped because no trigger condition checks were met.
2025-09-18T13:47:35.182240+03:00 lum4ik systemd[1]: Starting rsyslog.service - System Logging Service...
2025-09-18T13:47:35.182243+03:00 lum4ik systemd[1]: snapd.core-fixup.service - Automatically repair incorrect owner/permissions on core devices was skipped because no trigger condition checks were met.
2025-09-18T13:47:35.182247+03:00 lum4ik systemd[1]: snapd.recovery-chooser-trigger.service - Wait for the Ubuntu Core chooser trigger was skipped because of an unmet condition check (ConditionPathExistsGlob=/dev/input/event*).
2025-09-18T13:47:35.182222+03:00 lum4ik kernel: PPP MPPE Compression module registered
2025-09-18T13:47:35.182251+03:00 lum4ik systemd[1]: Reached target getty-pre.target - Preparation for Logins.
2025-09-18T13:47:35.182259+03:00 lum4ik kernel: NET: Registered PF_PPPOX protocol family
2025-09-18T13:47:35.182261+03:00 lum4ik kernel: usbcore: registered new interface driver cdc_ether
2025-09-18T13:47:35.182262+03:00 lum4ik kernel: usbcore: registered new interface driver cdc_ncm
2025-09-18T13:47:35.182263+03:00 lum4ik kernel: usbcore: registered new interface driver r8153_ecm
2025-09-18T13:47:35.182263+03:00 lum4ik kernel: hv_vmbus: registering driver hv_netvsc
2025-09-18T13:47:35.182263+03:00 lum4ik systemd[1]: Starting snapd.seeded.service - Wait until snapd is fully seeded...
2025-09-18T13:47:35.182264+03:00 lum4ik kernel: VFIO - User Level meta-driver version: 0.3
2025-09-18T13:47:35.182265+03:00 lum4ik kernel: usbcore: registered new interface driver cdc_acm
2025-09-18T13:47:35.182267+03:00 lum4ik kernel: cdc_acm: USB Abstract Control Model driver for USB modems and ISDN adapters
2025-09-18T13:47:35.182268+03:00 lum4ik kernel: vhci_hcd vhci_hcd.0: USB/IP Virtual Host Controller
2025-09-18T13:47:35.182269+03:00 lum4ik kernel: vhci_hcd vhci_hcd.0: new USB bus registered, assigned bus number 1
2025-09-18T13:47:35.182267+03:00 lum4ik systemd[1]: Starting snapd.service - Snap Daemon...
2025-09-18T13:47:35.182269+03:00 lum4ik kernel: vhci_hcd: created sysfs vhci_hcd.0
2025-09-18T13:47:35.182270+03:00 lum4ik kernel: usb usb1: New USB device found, idVendor=1d6b, idProduct=0002, bcdDevice= 5.15
2025-09-18T13:47:35.182271+03:00 lum4ik kernel: usb usb1: New USB device strings: Mfr=3, Product=2, SerialNumber=1
2025-09-18T13:47:35.182271+03:00 lum4ik kernel: usb usb1: Product: USB/IP Virtual Host Controller
2025-09-18T13:47:35.182272+03:00 lum4ik kernel: usb usb1: Manufacturer: Linux 5.15.146.1-microsoft-standard-WSL2 vhci_hcd
2025-09-18T13:47:35.182272+03:00 lum4ik kernel: usb usb1: SerialNumber: vhci_hcd.0
2025-09-18T13:47:35.182271+03:00 lum4ik systemd[1]: Starting systemd-logind.service - User Login Management...
2025-09-18T13:47:35.182274+03:00 lum4ik kernel: hub 1-0:1.0: USB hub found
2025-09-18T13:47:35.182274+03:00 lum4ik kernel: hub 1-0:1.0: 8 ports detected
2025-09-18T13:47:35.182275+03:00 lum4ik kernel: vhci_hcd vhci_hcd.0: USB/IP Virtual Host Controller
2025-09-18T13:47:35.182276+03:00 lum4ik kernel: vhci_hcd vhci_hcd.0: new USB bus registered, assigned bus number 2
2025-09-18T13:47:35.182276+03:00 lum4ik kernel: usb usb2: We don't know the algorithms for LPM for this host, disabling LPM.
2025-09-18T13:47:35.182277+03:00 lum4ik kernel: usb usb2: New USB device found, idVendor=1d6b, idProduct=0003, bcdDevice= 5.15
2025-09-18T13:47:35.182276+03:00 lum4ik systemd[1]: systemd-pcrphase.service - TPM2 PCR Barrier (User) was skipped because of an unmet condition check (ConditionSecurity=measured-uki).
2025-09-18T13:47:35.182278+03:00 lum4ik kernel: usb usb2: New USB device strings: Mfr=3, Product=2, SerialNumber=1
2025-09-18T13:47:35.182279+03:00 lum4ik kernel: usb usb2: Product: USB/IP Virtual Host Controller
2025-09-18T13:47:35.182280+03:00 lum4ik systemd[1]: Starting systemd-user-sessions.service - Permit User Sessions...
2025-09-18T13:47:35.182284+03:00 lum4ik systemd[1]: ua-reboot-cmds.service - Ubuntu Pro reboot cmds was skipped because of an unmet condition check (ConditionPathExists=/var/lib/ubuntu-advantage/private/machine-token.json).
2025-09-18T13:47:35.182279+03:00 lum4ik kernel: usb usb2: Manufacturer: Linux 5.15.146.1-microsoft-standard-WSL2 vhci_hcd
2025-09-18T13:47:35.182288+03:00 lum4ik systemd[1]: ubuntu-advantage.service - Ubuntu Pro Background Auto Attach was skipped because no trigger condition checks were met.
2025-09-18T13:47:35.182291+03:00 lum4ik kernel: usb usb2: SerialNumber: vhci_hcd.0
2025-09-18T13:47:35.182292+03:00 lum4ik kernel: hub 2-0:1.0: USB hub found
2025-09-18T13:47:35.182293+03:00 lum4ik kernel: hub 2-0:1.0: 8 ports detected
2025-09-18T13:47:35.182291+03:00 lum4ik systemd[1]: Starting wsl-binfmt.service - WSL binfmt restore...
2025-09-18T13:47:35.182293+03:00 lum4ik kernel: hv_vmbus: registering driver hyperv_keyboard
2025-09-18T13:47:35.182294+03:00 lum4ik kernel: rtc_cmos 00:00: RTC can wake from S4
2025-09-18T13:47:35.182294+03:00 lum4ik kernel: rtc_cmos 00:00: registered as rtc0
2025-09-18T13:47:35.182295+03:00 lum4ik kernel: rtc_cmos 00:00: setting system clock to 2025-09-18T10:47:27 UTC (1758192447)
2025-09-18T13:47:35.182295+03:00 lum4ik kernel: rtc_cmos 00:00: alarms up to one month, 114 bytes nvram
2025-09-18T13:47:35.182296+03:00 lum4ik kernel: device-mapper: ioctl: 4.45.0-ioctl (2021-03-22) initialised: dm-devel@redhat.com
2025-09-18T13:47:35.182297+03:00 lum4ik kernel: device-mapper: raid: Loading target version 1.15.1
2025-09-18T13:47:35.182295+03:00 lum4ik systemd[1]: Starting wsl-pro.service - Bridge to Ubuntu Pro agent on Windows...
2025-09-18T13:47:35.182297+03:00 lum4ik kernel: usbcore: registered new interface driver usbhid
2025-09-18T13:47:35.182298+03:00 lum4ik kernel: usbhid: USB HID core driver
2025-09-18T13:47:35.182298+03:00 lum4ik kernel: hv_utils: Registering HyperV Utility Driver
2025-09-18T13:47:35.182299+03:00 lum4ik kernel: hv_vmbus: registering driver hv_utils
2025-09-18T13:47:35.182299+03:00 lum4ik kernel: hv_vmbus: registering driver hv_balloon
2025-09-18T13:47:35.182300+03:00 lum4ik kernel: hv_vmbus: registering driver dxgkrnl
2025-09-18T13:47:35.182300+03:00 lum4ik kernel: hv_utils: TimeSync IC version 4.0
2025-09-18T13:47:35.182299+03:00 lum4ik sh[175]: /bin/sh: 1: cannot create /proc/sys/fs/binfmt_misc/WSLInterop-late: Permission denied
2025-09-18T13:47:35.182301+03:00 lum4ik kernel: hv_balloon: Using Dynamic Memory protocol version 2.0
2025-09-18T13:47:35.182303+03:00 lum4ik kernel: drop_monitor: Initializing network drop monitor service
2025-09-18T13:47:35.182345+03:00 lum4ik kernel: Mirror/redirect action on
2025-09-18T13:47:35.182367+03:00 lum4ik kernel: u32 classifier
2025-09-18T13:47:35.182369+03:00 lum4ik kernel:     Performance counters on
2025-09-18T13:47:35.182369+03:00 lum4ik kernel: Free page reporting enabled
2025-09-18T13:47:35.182369+03:00 lum4ik kernel:     input device check on
2025-09-18T13:47:35.182370+03:00 lum4ik kernel:     Actions configured
2025-09-18T13:47:35.182370+03:00 lum4ik kernel: hv_balloon: Cold memory discard hint enabled with order 9
2025-09-18T13:47:35.182370+03:00 lum4ik kernel: IPVS: Registered protocols (TCP, UDP)
2025-09-18T13:47:35.182303+03:00 lum4ik systemd[1]: Started dbus.service - D-Bus System Message Bus.
2025-09-18T13:47:35.182370+03:00 lum4ik kernel: IPVS: Connection hash table configured (size=4096, memory=32Kbytes)
2025-09-18T13:47:35.182374+03:00 lum4ik kernel: IPVS: ipvs loaded.
2025-09-18T13:47:35.182375+03:00 lum4ik kernel: IPVS: [rr] scheduler registered.
2025-09-18T13:47:35.182375+03:00 lum4ik kernel: IPVS: [wrr] scheduler registered.
2025-09-18T13:47:35.182375+03:00 lum4ik kernel: IPVS: [sh] scheduler registered.
2025-09-18T13:47:35.182376+03:00 lum4ik kernel: ipt_CLUSTERIP: ClusterIP Version 0.8 loaded successfully
2025-09-18T13:47:35.182376+03:00 lum4ik kernel: Initializing XFRM netlink socket
2025-09-18T13:47:35.182376+03:00 lum4ik kernel: NET: Registered PF_INET6 protocol family
2025-09-18T13:47:35.182377+03:00 lum4ik kernel: Segment Routing with IPv6
2025-09-18T13:47:35.182377+03:00 lum4ik kernel: In-situ OAM (IOAM) with IPv6
2025-09-18T13:47:35.182377+03:00 lum4ik kernel: NET: Registered PF_PACKET protocol family
2025-09-18T13:47:35.182378+03:00 lum4ik kernel: Bridge firewalling registered
2025-09-18T13:47:35.182378+03:00 lum4ik kernel: 8021q: 802.1Q VLAN Support v1.8
2025-09-18T13:47:35.182378+03:00 lum4ik kernel: sctp: Hash tables configured (bind 256/256)
2025-09-18T13:47:35.182379+03:00 lum4ik kernel: 9pnet: Installing 9P2000 support
2025-09-18T13:47:35.182379+03:00 lum4ik kernel: Key type dns_resolver registered
2025-09-18T13:47:35.182379+03:00 lum4ik kernel: Key type ceph registered
2025-09-18T13:47:35.182380+03:00 lum4ik kernel: libceph: loaded (mon/osd proto 15/24)
2025-09-18T13:47:35.182380+03:00 lum4ik kernel: NET: Registered PF_VSOCK protocol family
2025-09-18T13:47:35.182380+03:00 lum4ik kernel: hv_vmbus: registering driver hv_sock
2025-09-18T13:47:35.182381+03:00 lum4ik kernel: IPI shorthand broadcast: enabled
2025-09-18T13:47:35.182387+03:00 lum4ik systemd[1]: Finished systemd-user-sessions.service - Permit User Sessions.
2025-09-18T13:47:35.182394+03:00 lum4ik systemd[1]: wsl-binfmt.service: Deactivated successfully.
2025-09-18T13:47:35.182398+03:00 lum4ik systemd[1]: Finished wsl-binfmt.service - WSL binfmt restore.
2025-09-18T13:47:35.182403+03:00 lum4ik systemd[1]: Started console-getty.service - Console Getty.
2025-09-18T13:47:35.182407+03:00 lum4ik systemd[1]: Starting setvtrgb.service - Set console scheme...
2025-09-18T13:47:35.182411+03:00 lum4ik systemd[1]: e2scrub_reap.service: Deactivated successfully.
2025-09-18T13:47:35.182420+03:00 lum4ik kernel: sched_clock: Marking stable (282079122, 229600)->(294385000, -12076278)
2025-09-18T13:47:35.182422+03:00 lum4ik kernel: registered taskstats version 1
2025-09-18T13:47:35.182422+03:00 lum4ik kernel: Loading compiled-in X.509 certificates
2025-09-18T13:47:35.182423+03:00 lum4ik kernel: Btrfs loaded, crc32c=crc32c-generic, zoned=no, fsverity=no
2025-09-18T13:47:35.182424+03:00 lum4ik kernel: Freeing unused kernel image (initmem) memory: 2004K
2025-09-18T13:47:35.182424+03:00 lum4ik kernel: Write protecting the kernel read-only data: 30720k
2025-09-18T13:47:35.182425+03:00 lum4ik kernel: Freeing unused kernel image (text/rodata gap) memory: 2024K
2025-09-18T13:47:35.182425+03:00 lum4ik kernel: Freeing unused kernel image (rodata/data gap) memory: 604K
2025-09-18T13:47:35.182426+03:00 lum4ik kernel: Run /init as init process
2025-09-18T13:47:35.182414+03:00 lum4ik systemd[1]: Finished e2scrub_reap.service - Remove Stale Online ext4 Metadata Check Snapshots.
2025-09-18T13:47:35.182427+03:00 lum4ik kernel:   with arguments:
2025-09-18T13:47:35.182427+03:00 lum4ik kernel:     /init
2025-09-18T13:47:35.182428+03:00 lum4ik kernel:   with environment:
2025-09-18T13:47:35.182428+03:00 lum4ik kernel:     HOME=/
2025-09-18T13:47:35.182429+03:00 lum4ik kernel:     TERM=linux
2025-09-18T13:47:35.182429+03:00 lum4ik kernel:     WSL_ROOT_INIT=1
2025-09-18T13:47:35.182430+03:00 lum4ik kernel: scsi 0:0:0:0: Direct-Access     Msft     Virtual Disk     1.0  PQ: 0 ANSI: 5
2025-09-18T13:47:35.182429+03:00 lum4ik systemd[1]: Finished setvtrgb.service - Set console scheme.
2025-09-18T13:47:35.182434+03:00 lum4ik systemd[1]: Created slice system-getty.slice - Slice /system/getty.
2025-09-18T13:47:35.182439+03:00 lum4ik systemd[1]: Started getty@tty1.service - Getty on tty1.
2025-09-18T13:47:35.182443+03:00 lum4ik systemd[1]: Reached target getty.target - Login Prompts.
2025-09-18T13:47:35.182447+03:00 lum4ik systemd-timesyncd[111]: Contacted time server 185.125.190.57:123 (ntp.ubuntu.com).
2025-09-18T13:47:35.182451+03:00 lum4ik systemd-timesyncd[111]: Initial clock synchronization to Thu 2025-09-18 13:47:34.867584 +03.
2025-09-18T13:47:35.182430+03:00 lum4ik kernel: sd 0:0:0:0: Attached scsi generic sg0 type 0
2025-09-18T13:47:35.182455+03:00 lum4ik kernel: sd 0:0:0:0: [sda] 795664 512-byte logical blocks: (407 MB/389 MiB)
2025-09-18T13:47:35.182456+03:00 lum4ik kernel: sd 0:0:0:0: [sda] Write Protect is on
2025-09-18T13:47:35.182456+03:00 lum4ik kernel: sd 0:0:0:0: [sda] Mode Sense: 0f 00 80 00
2025-09-18T13:47:35.182455+03:00 lum4ik systemd[1]: Started systemd-logind.service - User Login Management.
2025-09-18T13:47:35.182457+03:00 lum4ik kernel: sd 0:0:0:0: [sda] Write cache: disabled, read cache: enabled, doesn't support DPO or FUA
2025-09-18T13:47:35.182457+03:00 lum4ik kernel: sd 0:0:0:0: [sda] Attached SCSI disk
2025-09-18T13:47:35.182457+03:00 lum4ik kernel: scsi 0:0:0:1: Direct-Access     Msft     Virtual Disk     1.0  PQ: 0 ANSI: 5
2025-09-18T13:47:35.182458+03:00 lum4ik kernel: EXT4-fs (sda): mounted filesystem without journal. Opts: (null). Quota mode: none.
2025-09-18T13:47:35.182458+03:00 lum4ik kernel: sd 0:0:0:1: Attached scsi generic sg1 type 0
2025-09-18T13:47:35.182458+03:00 lum4ik kernel: sd 0:0:0:1: [sdb] 4194312 512-byte logical blocks: (2.15 GB/2.00 GiB)
2025-09-18T13:47:35.182458+03:00 lum4ik systemd[1]: Started unattended-upgrades.service - Unattended Upgrades Shutdown.
2025-09-18T13:47:35.182458+03:00 lum4ik kernel: sd 0:0:0:1: [sdb] 4096-byte physical blocks
2025-09-18T13:47:35.182459+03:00 lum4ik kernel: sd 0:0:0:1: [sdb] Write Protect is off
2025-09-18T13:47:35.182459+03:00 lum4ik kernel: sd 0:0:0:1: [sdb] Mode Sense: 0f 00 00 00
2025-09-18T13:47:35.182459+03:00 lum4ik kernel: sd 0:0:0:1: [sdb] Write cache: enabled, read cache: enabled, doesn't support DPO or FUA
2025-09-18T13:47:35.182460+03:00 lum4ik kernel: sd 0:0:0:1: [sdb] Attached SCSI disk
2025-09-18T13:47:35.182460+03:00 lum4ik kernel: IPv6: ADDRCONF(NETDEV_CHANGE): eth0: link becomes ready
2025-09-18T13:47:35.182460+03:00 lum4ik kernel: hv_pci 379e7e85-7313-4cba-9e9a-9a6b45980fd9: PCI VMBus probing: Using version 0x10004
2025-09-18T13:47:35.182459+03:00 lum4ik snapd[170]: overlord.go:274: Acquiring state lock file
2025-09-18T13:47:35.182461+03:00 lum4ik kernel: hv_pci 379e7e85-7313-4cba-9e9a-9a6b45980fd9: PCI host bridge to bus 7313:00
2025-09-18T13:47:35.182461+03:00 lum4ik kernel: pci_bus 7313:00: root bus resource [mem 0xc00000000-0xe00001fff window]
2025-09-18T13:47:35.182461+03:00 lum4ik kernel: pci_bus 7313:00: No busn resource found for root bus, will use [bus 00-ff]
2025-09-18T13:47:35.182461+03:00 lum4ik kernel: pci 7313:00:00.0: [1af4:105a] type 00 class 0x088000
2025-09-18T13:47:35.182462+03:00 lum4ik kernel: pci 7313:00:00.0: reg 0x10: [mem 0xe00000000-0xe00000fff 64bit]
2025-09-18T13:47:35.182462+03:00 lum4ik kernel: pci 7313:00:00.0: reg 0x18: [mem 0xe00001000-0xe00001fff 64bit]
2025-09-18T13:47:35.182462+03:00 lum4ik kernel: pci 7313:00:00.0: reg 0x20: [mem 0xc00000000-0xdffffffff 64bit]
2025-09-18T13:47:35.182462+03:00 lum4ik snapd[170]: overlord.go:279: Acquired state lock file
2025-09-18T13:47:35.182463+03:00 lum4ik kernel: pci_bus 7313:00: busn_res: [bus 00-ff] end is updated to 00
2025-09-18T13:47:35.182463+03:00 lum4ik kernel: pci 7313:00:00.0: BAR 4: assigned [mem 0xc00000000-0xdffffffff 64bit]
2025-09-18T13:47:35.182463+03:00 lum4ik kernel: pci 7313:00:00.0: BAR 0: assigned [mem 0xe00000000-0xe00000fff 64bit]
2025-09-18T13:47:35.182464+03:00 lum4ik kernel: pci 7313:00:00.0: BAR 2: assigned [mem 0xe00001000-0xe00001fff 64bit]
2025-09-18T13:47:35.182464+03:00 lum4ik kernel: virtiofs virtio1: Cache len: 0x200000000 @ 0xc00000000
2025-09-18T13:47:35.182480+03:00 lum4ik kernel: memmap_init_zone_device initialised 2097152 pages in 40ms
2025-09-18T13:47:35.182481+03:00 lum4ik kernel: FS-Cache: Duplicate cookie detected
2025-09-18T13:47:35.182482+03:00 lum4ik kernel: FS-Cache: O-cookie c=00000004 [p=00000002 fl=222 nc=0 na=1]
2025-09-18T13:47:35.182482+03:00 lum4ik kernel: FS-Cache: O-cookie d=0000000046ea2d11{9P.session} n=00000000014fff22
2025-09-18T13:47:35.182482+03:00 lum4ik kernel: FS-Cache: O-key=[10] '34323934393337333631'
2025-09-18T13:47:35.182482+03:00 lum4ik kernel: FS-Cache: N-cookie c=00000005 [p=00000002 fl=2 nc=0 na=1]
2025-09-18T13:47:35.182483+03:00 lum4ik kernel: FS-Cache: N-cookie d=0000000046ea2d11{9P.session} n=000000007226e67e
2025-09-18T13:47:35.182483+03:00 lum4ik kernel: FS-Cache: N-key=[10] '34323934393337333631'
2025-09-18T13:47:35.182483+03:00 lum4ik kernel: FS-Cache: Duplicate cookie detected
2025-09-18T13:47:35.182484+03:00 lum4ik kernel: FS-Cache: O-cookie c=00000004 [p=00000002 fl=222 nc=0 na=1]
2025-09-18T13:47:35.182484+03:00 lum4ik kernel: FS-Cache: O-cookie d=0000000046ea2d11{9P.session} n=00000000014fff22
2025-09-18T13:47:35.182484+03:00 lum4ik kernel: FS-Cache: O-key=[10] '34323934393337333631'
2025-09-18T13:47:35.182484+03:00 lum4ik kernel: FS-Cache: N-cookie c=00000006 [p=00000002 fl=2 nc=0 na=1]
2025-09-18T13:47:35.182485+03:00 lum4ik kernel: FS-Cache: N-cookie d=0000000046ea2d11{9P.session} n=0000000091b73911
2025-09-18T13:47:35.182485+03:00 lum4ik kernel: FS-Cache: N-key=[10] '34323934393337333631'
2025-09-18T13:47:35.182485+03:00 lum4ik kernel: FS-Cache: Duplicate cookie detected
2025-09-18T13:47:35.182485+03:00 lum4ik kernel: FS-Cache: O-cookie c=00000004 [p=00000002 fl=222 nc=0 na=1]
2025-09-18T13:47:35.182486+03:00 lum4ik kernel: FS-Cache: O-cookie d=0000000046ea2d11{9P.session} n=00000000014fff22
2025-09-18T13:47:35.182486+03:00 lum4ik kernel: FS-Cache: O-key=[10] '34323934393337333631'
2025-09-18T13:47:35.182486+03:00 lum4ik kernel: FS-Cache: N-cookie c=00000007 [p=00000002 fl=2 nc=0 na=1]
2025-09-18T13:47:35.182486+03:00 lum4ik kernel: FS-Cache: N-cookie d=0000000046ea2d11{9P.session} n=000000009fc80b2d
2025-09-18T13:47:35.182487+03:00 lum4ik kernel: FS-Cache: N-key=[10] '34323934393337333631'
2025-09-18T13:47:35.182487+03:00 lum4ik kernel: scsi 0:0:0:2: Direct-Access     Msft     Virtual Disk     1.0  PQ: 0 ANSI: 5
2025-09-18T13:47:35.182487+03:00 lum4ik kernel: sd 0:0:0:2: Attached scsi generic sg2 type 0
2025-09-18T13:47:35.182487+03:00 lum4ik kernel: sd 0:0:0:2: [sdc] 2147483648 512-byte logical blocks: (1.10 TB/1.00 TiB)
2025-09-18T13:47:35.182488+03:00 lum4ik kernel: sd 0:0:0:2: [sdc] 4096-byte physical blocks
2025-09-18T13:47:35.182488+03:00 lum4ik kernel: sd 0:0:0:2: [sdc] Write Protect is off
2025-09-18T13:47:35.182488+03:00 lum4ik kernel: sd 0:0:0:2: [sdc] Mode Sense: 0f 00 00 00
2025-09-18T13:47:35.182489+03:00 lum4ik kernel: sd 0:0:0:2: [sdc] Write cache: enabled, read cache: enabled, doesn't support DPO or FUA
2025-09-18T13:47:35.181380+03:00 lum4ik rsyslogd: imuxsock: Acquired UNIX socket '/run/systemd/journal/syslog' (fd 3) from systemd.  [v8.2312.0]
2025-09-18T13:47:35.182489+03:00 lum4ik kernel: sd 0:0:0:2: [sdc] Attached SCSI disk
2025-09-18T13:47:35.181474+03:00 lum4ik rsyslogd: rsyslogd's groupid changed to 102
2025-09-18T13:47:35.181516+03:00 lum4ik systemd[1]: Started rsyslog.service - System Logging Service.
2025-09-18T13:47:35.182549+03:00 lum4ik kernel: Adding 2097152k swap on /dev/sdb.  Priority:-2 extents:1 across:2097152k 
2025-09-18T13:47:35.182552+03:00 lum4ik kernel: EXT4-fs (sdc): mounted filesystem with ordered data mode. Opts: discard,errors=remount-ro,data=ordered. Quota mode: none.
2025-09-18T13:47:35.181567+03:00 lum4ik rsyslogd: rsyslogd's userid changed to 102
2025-09-18T13:47:35.182554+03:00 lum4ik kernel: clocksource: tsc: mask: 0xffffffffffffffff max_cycles: 0x2f7a1422e73, max_idle_ns: 440795373816 ns
2025-09-18T13:47:35.182554+03:00 lum4ik kernel: clocksource: Switched to clocksource tsc
2025-09-18T13:47:35.182555+03:00 lum4ik kernel: EXT4-fs (sdc): mounted filesystem with ordered data mode. Opts: discard,errors=remount-ro,data=ordered. Quota mode: none.
2025-09-18T13:47:35.181588+03:00 lum4ik rsyslogd: [origin software="rsyslogd" swVersion="8.2312.0" x-pid="203" x-info="https://www.rsyslog.com"] start
2025-09-18T13:47:35.182556+03:00 lum4ik kernel: FS-Cache: Duplicate cookie detected
2025-09-18T13:47:35.182557+03:00 lum4ik kernel: FS-Cache: O-cookie c=00000008 [p=00000002 fl=222 nc=0 na=1]
2025-09-18T13:47:35.182558+03:00 lum4ik kernel: FS-Cache: O-cookie d=0000000046ea2d11{9P.session} n=0000000093439972
2025-09-18T13:47:35.182558+03:00 lum4ik kernel: FS-Cache: O-key=[10] '34323934393338303033'
2025-09-18T13:47:35.182559+03:00 lum4ik kernel: FS-Cache: N-cookie c=00000009 [p=00000002 fl=2 nc=0 na=1]
2025-09-18T13:47:35.182560+03:00 lum4ik kernel: FS-Cache: N-cookie d=0000000046ea2d11{9P.session} n=0000000059ca06ab
2025-09-18T13:47:35.182560+03:00 lum4ik kernel: FS-Cache: N-key=[10] '34323934393338303033'
2025-09-18T13:47:35.182561+03:00 lum4ik kernel: misc dxg: dxgk: dxgkio_query_adapter_info: Ioctl failed: -22
2025-09-18T13:47:35.182563+03:00 lum4ik kernel: message repeated 2 times: [ misc dxg: dxgk: dxgkio_query_adapter_info: Ioctl failed: -22]
2025-09-18T13:47:35.182564+03:00 lum4ik kernel: misc dxg: dxgk: dxgkio_query_adapter_info: Ioctl failed: -2
2025-09-18T13:47:35.182567+03:00 lum4ik kernel: FS-Cache: Duplicate cookie detected
2025-09-18T13:47:35.182567+03:00 lum4ik kernel: FS-Cache: O-cookie c=0000000e [p=00000002 fl=222 nc=0 na=1]
2025-09-18T13:47:35.182567+03:00 lum4ik kernel: FS-Cache: O-cookie d=0000000046ea2d11{9P.session} n=0000000093cd0dd7
2025-09-18T13:47:35.182568+03:00 lum4ik kernel: FS-Cache: O-key=[10] '34323934393338303230'
2025-09-18T13:47:35.182568+03:00 lum4ik kernel: FS-Cache: N-cookie c=0000000f [p=00000002 fl=2 nc=0 na=1]
2025-09-18T13:47:35.182568+03:00 lum4ik kernel: FS-Cache: N-cookie d=0000000046ea2d11{9P.session} n=00000000add0a10c
2025-09-18T13:47:35.182569+03:00 lum4ik kernel: FS-Cache: N-key=[10] '34323934393338303230'
2025-09-18T13:47:35.182569+03:00 lum4ik kernel: Failed to connect to bus: No such file or directory
2025-09-18T13:47:35.182569+03:00 lum4ik kernel: systemd-journald[52]: Collecting audit messages is disabled.
2025-09-18T13:47:35.182569+03:00 lum4ik kernel: systemd-journald[52]: Received client request to flush runtime journal.
2025-09-18T13:47:35.188668+03:00 lum4ik snapd[170]: daemon.go:250: started snapd/2.66.1+24.04 (series 16; classic; devmode; wsl) ubuntu/24.04 (amd64) linux/5.15.146.1-microsoft-stan.
2025-09-18T13:47:35.189649+03:00 lum4ik wsl-pro-service[174]: #033[36mINFO#033[0m Starting WSL Pro Service version v0.1.4
2025-09-18T13:47:35.189748+03:00 lum4ik wsl-pro-service[174]: #033[37mDEBUG#033[0m Debug mode is enabled
2025-09-18T13:47:35.189791+03:00 lum4ik wsl-pro-service[174]: #033[37mDEBUG#033[0m Building new daemon
2025-09-18T13:47:35.204706+03:00 lum4ik systemd[1]: tmp-syscheck\x2dmountpoint\x2d4219190117.mount: Deactivated successfully.
2025-09-18T13:47:35.204917+03:00 lum4ik snapd[170]: daemon.go:353: adjusting startup timeout by 30s (pessimistic estimate of 30s plus 5s per snap)
2025-09-18T13:47:35.214844+03:00 lum4ik snapd[170]: backends.go:58: AppArmor status: apparmor not enabled
2025-09-18T13:47:35.228375+03:00 lum4ik snapd[170]: helpers.go:160: error trying to compare the snap system key: system-key missing on disk
2025-09-18T13:47:35.266299+03:00 lum4ik systemd[1]: Started snapd.service - Snap Daemon.
2025-09-18T13:47:35.288588+03:00 lum4ik wsl-pro-service[174]: #033[37mDEBUG#033[0m Ready state sent to systemd
2025-09-18T13:47:35.288714+03:00 lum4ik wsl-pro-service[174]: #033[36mINFO#033[0m Daemon: connecting to Windows Agent
2025-09-18T13:47:35.288768+03:00 lum4ik wsl-pro-service[174]: #033[37mDEBUG#033[0m Updated systemd status to "Connecting"
2025-09-18T13:47:35.288811+03:00 lum4ik systemd[1]: Started wsl-pro.service - Bridge to Ubuntu Pro agent on Windows.
2025-09-18T13:47:35.291022+03:00 lum4ik wsl-pro-service[174]: #033[33mWARNING#033[0m Daemon: could not connect to Windows Agent: could not get address: could not read agent port file "/mnt/c/Users/vadim/.ubuntupro/.address": open /mnt/c/Users/vadim/.ubuntupro/.address: no such file or directory
2025-09-18T13:47:35.291119+03:00 lum4ik wsl-pro-service[174]: #033[36mINFO#033[0m Reconnecting to Windows host in 1 seconds
2025-09-18T13:47:35.291171+03:00 lum4ik wsl-pro-service[174]: #033[37mDEBUG#033[0m Updated systemd status to "Not connected: waiting to retry"
2025-09-18T13:47:35.318703+03:00 lum4ik dbus-daemon[164]: [system] Activating via systemd: service name='org.freedesktop.timedate1' unit='dbus-org.freedesktop.timedate1.service' requested by ':1.5' (uid=0 pid=170 comm="/usr/lib/snapd/snapd")
2025-09-18T13:47:35.323559+03:00 lum4ik systemd[1]: Starting systemd-timedated.service - Time & Date Service...
2025-09-18T13:47:35.371723+03:00 lum4ik dbus-daemon[164]: [system] Successfully activated service 'org.freedesktop.timedate1'
2025-09-18T13:47:35.371872+03:00 lum4ik systemd[1]: Started systemd-timedated.service - Time & Date Service.
2025-09-18T13:47:35.668648+03:00 lum4ik landscape-config[167]: Registered:    False
2025-09-18T13:47:35.668732+03:00 lum4ik landscape-config[167]: Config Path:   /etc/landscape/client.conf
2025-09-18T13:47:35.668770+03:00 lum4ik landscape-config[167]: Data Path      /var/lib/landscape/client
2025-09-18T13:47:35.725597+03:00 lum4ik systemd[1]: landscape-client.service: Skipped due to 'exec-condition'.
2025-09-18T13:47:35.725827+03:00 lum4ik systemd[1]: Condition check resulted in landscape-client.service - Landscape client daemons being skipped.
2025-09-18T13:47:36.284495+03:00 lum4ik systemd[1]: Finished snapd.seeded.service - Wait until snapd is fully seeded.
2025-09-18T13:47:36.284956+03:00 lum4ik systemd[1]: snapd.autoimport.service - Auto import assertions from block devices was skipped because no trigger condition checks were met.
2025-09-18T13:47:36.285059+03:00 lum4ik systemd[1]: Reached target multi-user.target - Multi-User System.
2025-09-18T13:47:36.285376+03:00 lum4ik systemd[1]: Reached target graphical.target - Graphical Interface.
2025-09-18T13:47:36.286460+03:00 lum4ik systemd[1]: Starting systemd-update-utmp-runlevel.service - Record Runlevel Change in UTMP...
2025-09-18T13:47:36.292240+03:00 lum4ik wsl-pro-service[174]: #033[36mINFO#033[0m Daemon: connecting to Windows Agent
2025-09-18T13:47:36.292306+03:00 lum4ik wsl-pro-service[174]: #033[37mDEBUG#033[0m Updated systemd status to "Connecting"
2025-09-18T13:47:36.292921+03:00 lum4ik systemd[1]: systemd-update-utmp-runlevel.service: Deactivated successfully.
2025-09-18T13:47:36.293087+03:00 lum4ik systemd[1]: Finished systemd-update-utmp-runlevel.service - Record Runlevel Change in UTMP.
2025-09-18T13:47:36.293278+03:00 lum4ik wsl-pro-service[174]: #033[33mWARNING#033[0m Daemon: could not connect to Windows Agent: could not get address: could not read agent port file "/mnt/c/Users/vadim/.ubuntupro/.address": open /mnt/c/Users/vadim/.ubuntupro/.address: no such file or directory
2025-09-18T13:47:36.293312+03:00 lum4ik wsl-pro-service[174]: #033[36mINFO#033[0m Reconnecting to Windows host in 2 seconds
2025-09-18T13:47:36.293328+03:00 lum4ik wsl-pro-service[174]: #033[37mDEBUG#033[0m Updated systemd status to "Not connected: waiting to retry"
2025-09-18T13:47:36.293577+03:00 lum4ik systemd[1]: Startup finished in 1.684s.
2025-09-18T13:47:36.305380+03:00 lum4ik systemd[1]: dmesg.service: Deactivated successfully.
2025-09-18T13:47:36.403289+03:00 lum4ik kernel: WSL (2): Creating login session for root
2025-09-18T13:47:36.711228+03:00 lum4ik systemd[1]: Created slice user-0.slice - User Slice of UID 0.
2025-09-18T13:47:36.711974+03:00 lum4ik systemd[1]: Starting user-runtime-dir@0.service - User Runtime Directory /run/user/0...
2025-09-18T13:47:36.719691+03:00 lum4ik systemd[1]: Finished user-runtime-dir@0.service - User Runtime Directory /run/user/0.
2025-09-18T13:47:36.720996+03:00 lum4ik systemd[1]: Starting user@0.service - User Manager for UID 0...
2025-09-18T13:47:36.794311+03:00 lum4ik systemd[363]: Queued start job for default target default.target.
2025-09-18T13:47:36.794892+03:00 lum4ik systemd[363]: init.scope: Failed to delete controller cgroups /user.slice/user-0.slice/user@0.service/init.scope, ignoring: Device or resource busy
2025-09-18T13:47:36.795270+03:00 lum4ik systemd[363]: cgroup compatibility translation between legacy and unified hierarchy settings activated. See cgroup-compat debug messages for details.
2025-09-18T13:47:36.795336+03:00 lum4ik systemd[363]: Created slice app.slice - User Application Slice.
2025-09-18T13:47:36.795387+03:00 lum4ik systemd[363]: Started launchpadlib-cache-clean.timer - Clean up old files in the Launchpadlib cache.
2025-09-18T13:47:36.795426+03:00 lum4ik systemd[363]: Reached target paths.target - Paths.
2025-09-18T13:47:36.795474+03:00 lum4ik systemd[363]: Reached target timers.target - Timers.
2025-09-18T13:47:36.796044+03:00 lum4ik systemd[363]: Starting dbus.socket - D-Bus User Message Bus Socket...
2025-09-18T13:47:36.796120+03:00 lum4ik systemd[363]: Listening on dirmngr.socket - GnuPG network certificate management daemon.
2025-09-18T13:47:36.796200+03:00 lum4ik systemd[363]: Listening on gpg-agent-browser.socket - GnuPG cryptographic agent and passphrase cache (access for web browsers).
2025-09-18T13:47:36.796269+03:00 lum4ik systemd[363]: Listening on gpg-agent-extra.socket - GnuPG cryptographic agent and passphrase cache (restricted).
2025-09-18T13:47:36.796910+03:00 lum4ik systemd[363]: Starting gpg-agent-ssh.socket - GnuPG cryptographic agent (ssh-agent emulation)...
2025-09-18T13:47:36.797020+03:00 lum4ik systemd[363]: Listening on gpg-agent.socket - GnuPG cryptographic agent and passphrase cache.
2025-09-18T13:47:36.797347+03:00 lum4ik systemd[363]: Listening on keyboxd.socket - GnuPG public key management service.
2025-09-18T13:47:36.797414+03:00 lum4ik systemd[363]: Listening on pk-debconf-helper.socket - debconf communication socket.
2025-09-18T13:47:36.797508+03:00 lum4ik systemd[363]: Listening on snapd.session-agent.socket - REST API socket for snapd user session agent.
2025-09-18T13:47:36.803533+03:00 lum4ik systemd[363]: Listening on dbus.socket - D-Bus User Message Bus Socket.
2025-09-18T13:47:36.809299+03:00 lum4ik systemd[363]: Listening on gpg-agent-ssh.socket - GnuPG cryptographic agent (ssh-agent emulation).
2025-09-18T13:47:36.809402+03:00 lum4ik systemd[363]: Reached target sockets.target - Sockets.
2025-09-18T13:47:36.809477+03:00 lum4ik systemd[363]: Reached target basic.target - Basic System.
2025-09-18T13:47:36.809545+03:00 lum4ik systemd[363]: Reached target default.target - Main User Target.
2025-09-18T13:47:36.809612+03:00 lum4ik systemd[363]: Startup finished in 79ms.
2025-09-18T13:47:36.809693+03:00 lum4ik systemd[1]: Started user@0.service - User Manager for UID 0.
2025-09-18T13:47:36.810450+03:00 lum4ik systemd[1]: Started session-1.scope - Session 1 of User root.
2025-09-18T13:47:38.294313+03:00 lum4ik wsl-pro-service[174]: #033[36mINFO#033[0m Daemon: connecting to Windows Agent
2025-09-18T13:47:38.294394+03:00 lum4ik wsl-pro-service[174]: #033[37mDEBUG#033[0m Updated systemd status to "Connecting"
2025-09-18T13:47:38.295428+03:00 lum4ik wsl-pro-service[174]: #033[33mWARNING#033[0m Daemon: could not connect to Windows Agent: could not get address: could not read agent port file "/mnt/c/Users/vadim/.ubuntupro/.address": open /mnt/c/Users/vadim/.ubuntupro/.address: no such file or directory
2025-09-18T13:47:38.295485+03:00 lum4ik wsl-pro-service[174]: #033[36mINFO#033[0m Reconnecting to Windows host in 4 seconds
2025-09-18T13:47:38.295515+03:00 lum4ik wsl-pro-service[174]: #033[37mDEBUG#033[0m Updated systemd status to "Not connected: waiting to retry"
2025-09-18T13:47:40.272700+03:00 lum4ik snapd[170]: daemon.go:548: gracefully waiting for running hooks
2025-09-18T13:47:40.272768+03:00 lum4ik snapd[170]: daemon.go:550: done waiting for running hooks
2025-09-18T13:47:42.296050+03:00 lum4ik wsl-pro-service[174]: #033[36mINFO#033[0m Daemon: connecting to Windows Agent
2025-09-18T13:47:42.296141+03:00 lum4ik wsl-pro-service[174]: #033[37mDEBUG#033[0m Updated systemd status to "Connecting"
2025-09-18T13:47:42.297196+03:00 lum4ik wsl-pro-service[174]: #033[33mWARNING#033[0m Daemon: could not connect to Windows Agent: could not get address: could not read agent port file "/mnt/c/Users/vadim/.ubuntupro/.address": open /mnt/c/Users/vadim/.ubuntupro/.address: no such file or directory
2025-09-18T13:47:42.297229+03:00 lum4ik wsl-pro-service[174]: #033[36mINFO#033[0m Reconnecting to Windows host in 8 seconds
2025-09-18T13:47:42.297246+03:00 lum4ik wsl-pro-service[174]: #033[37mDEBUG#033[0m Updated systemd status to "Not connected: waiting to retry"
2025-09-18T13:47:43.274340+03:00 lum4ik snapd[170]: overlord.go:518: Released state lock file
2025-09-18T13:47:43.274420+03:00 lum4ik snapd[170]: daemon stop requested to wait for socket activation
2025-09-18T13:47:43.275433+03:00 lum4ik systemd[1]: snapd.service: Deactivated successfully.
2025-09-18T13:47:50.304421+03:00 lum4ik wsl-pro-service[174]: #033[36mINFO#033[0m Daemon: connecting to Windows Agent
2025-09-18T13:47:50.304506+03:00 lum4ik wsl-pro-service[174]: #033[37mDEBUG#033[0m Updated systemd status to "Connecting"
2025-09-18T13:47:50.305210+03:00 lum4ik wsl-pro-service[174]: #033[33mWARNING#033[0m Daemon: could not connect to Windows Agent: could not get address: could not read agent port file "/mnt/c/Users/vadim/.ubuntupro/.address": open /mnt/c/Users/vadim/.ubuntupro/.address: no such file or directory
2025-09-18T13:47:50.305250+03:00 lum4ik wsl-pro-service[174]: #033[36mINFO#033[0m Reconnecting to Windows host in 16 seconds
2025-09-18T13:47:50.305288+03:00 lum4ik wsl-pro-service[174]: #033[37mDEBUG#033[0m Updated systemd status to "Not connected: waiting to retry"
2025-09-18T13:48:39.221822+03:00 lum4ik systemd-sysctl[71]: Couldn't write '1' to 'kernel/apparmor_restrict_unprivileged_userns', ignoring: No such file or directory
2025-09-18T13:48:39.222419+03:00 lum4ik kernel: hv_balloon: Max. dynamic memory size: 7862 MB
2025-09-18T13:48:39.222521+03:00 lum4ik kernel: EXT4-fs (sdc): mounted filesystem with ordered data mode. Opts: discard,errors=remount-ro,data=ordered. Quota mode: none.
2025-09-18T13:48:39.222523+03:00 lum4ik kernel: FS-Cache: Duplicate cookie detected
2025-09-18T13:48:39.222524+03:00 lum4ik kernel: FS-Cache: O-cookie c=00000016 [p=00000002 fl=222 nc=0 na=1]
2025-09-18T13:48:39.222524+03:00 lum4ik kernel: FS-Cache: O-cookie d=0000000046ea2d11{9P.session} n=00000000e9012bda
2025-09-18T13:48:39.222525+03:00 lum4ik kernel: FS-Cache: O-key=[10] '34323934393434343133'
2025-09-18T13:48:39.222525+03:00 lum4ik kernel: FS-Cache: N-cookie c=00000017 [p=00000002 fl=2 nc=0 na=1]
2025-09-18T13:48:39.222513+03:00 lum4ik systemd-sysctl[71]: Couldn't write '176' to 'kernel/sysrq', ignoring: No such file or directory
2025-09-18T13:48:39.222527+03:00 lum4ik kernel: FS-Cache: N-cookie d=0000000046ea2d11{9P.session} n=0000000020420363
2025-09-18T13:48:39.222528+03:00 lum4ik kernel: FS-Cache: N-key=[10] '34323934393434343133'
2025-09-18T13:48:39.222528+03:00 lum4ik kernel: FS-Cache: Duplicate cookie detected
2025-09-18T13:48:39.222529+03:00 lum4ik kernel: FS-Cache: O-cookie c=0000001c [p=00000002 fl=222 nc=0 na=1]
2025-09-18T13:48:39.222529+03:00 lum4ik kernel: FS-Cache: O-cookie d=0000000046ea2d11{9P.session} n=00000000b4a17190
2025-09-18T13:48:39.222530+03:00 lum4ik kernel: FS-Cache: O-key=[10] '34323934393434343230'
2025-09-18T13:48:39.222530+03:00 lum4ik kernel: FS-Cache: N-cookie c=0000001d [p=00000002 fl=2 nc=0 na=1]
2025-09-18T13:48:39.222532+03:00 lum4ik kernel: FS-Cache: N-cookie d=0000000046ea2d11{9P.session} n=000000006e3e2a61
2025-09-18T13:48:39.222529+03:00 lum4ik systemd-sysctl[71]: Couldn't write '1' to 'kernel/yama/ptrace_scope', ignoring: No such file or directory
2025-09-18T13:48:39.222533+03:00 lum4ik kernel: FS-Cache: N-key=[10] '34323934393434343230'
2025-09-18T13:48:39.222533+03:00 lum4ik kernel: misc dxg: dxgk: dxgkio_query_adapter_info: Ioctl failed: -22
2025-09-18T13:48:39.222535+03:00 lum4ik systemd[1]: Starting systemd-journal-flush.service - Flush Journal to Persistent Storage...
2025-09-18T13:48:39.222535+03:00 lum4ik kernel: message repeated 2 times: [ misc dxg: dxgk: dxgkio_query_adapter_info: Ioctl failed: -22]
2025-09-18T13:48:39.222537+03:00 lum4ik kernel: misc dxg: dxgk: dxgkio_query_adapter_info: Ioctl failed: -2
2025-09-18T13:48:39.222590+03:00 lum4ik kernel: Failed to connect to bus: No such file or directory
2025-09-18T13:48:39.222594+03:00 lum4ik kernel: systemd-journald[52]: Collecting audit messages is disabled.
2025-09-18T13:48:39.222595+03:00 lum4ik kernel: systemd-journald[52]: Received client request to flush runtime journal.
2025-09-18T13:48:39.222596+03:00 lum4ik kernel: systemd-journald[52]: File /var/log/journal/44ac0372fc3e404cbcaa5f81c8ffc1c0/system.journal corrupted or uncleanly shut down, renaming and replacing.
2025-09-18T13:48:39.222538+03:00 lum4ik systemd[1]: Finished keyboard-setup.service - Set the console keyboard layout.
2025-09-18T13:48:39.222603+03:00 lum4ik systemd[1]: Reached target local-fs-pre.target - Preparation for Local File Systems.
2025-09-18T13:48:39.222611+03:00 lum4ik systemd[1]: Reached target local-fs.target - Local File Systems.
2025-09-18T13:48:39.222618+03:00 lum4ik systemd[1]: Listening on systemd-sysext.socket - System Extension Image Management (Varlink).
2025-09-18T13:48:39.222622+03:00 lum4ik systemd[1]: apparmor.service - Load AppArmor profiles was skipped because of an unmet condition check (ConditionSecurity=apparmor).
2025-09-18T13:48:39.222627+03:00 lum4ik systemd[1]: Starting console-setup.service - Set console font and keymap...
2025-09-18T13:48:39.222631+03:00 lum4ik systemd[1]: ldconfig.service - Rebuild Dynamic Linker Cache was skipped because no trigger condition checks were met.
2025-09-18T13:48:39.222635+03:00 lum4ik systemd[1]: snapd.apparmor.service - Load AppArmor profiles managed internally by snapd was skipped because of an unmet condition check (ConditionSecurity=apparmor).
2025-09-18T13:48:39.222639+03:00 lum4ik systemd[1]: systemd-binfmt.service - Set Up Additional Binary Formats was skipped because of an unmet condition check (ConditionVirtualization=!wsl).
2025-09-18T13:48:39.222646+03:00 lum4ik systemd[1]: Finished console-setup.service - Set console font and keymap.
2025-09-18T13:48:39.222650+03:00 lum4ik systemd[1]: Finished systemd-journal-flush.service - Flush Journal to Persistent Storage.
2025-09-18T13:48:39.222654+03:00 lum4ik systemd[1]: Starting systemd-tmpfiles-setup.service - Create Volatile Files and Directories...
2025-09-18T13:48:39.222658+03:00 lum4ik systemd-udevd[75]: Using default interface naming scheme 'v255'.
2025-09-18T13:48:39.222662+03:00 lum4ik systemd[1]: Finished systemd-udev-trigger.service - Coldplug All udev Devices.
2025-09-18T13:48:39.222668+03:00 lum4ik systemd-tmpfiles[100]: rm_rf(/tmp/.X11-unix): Read-only file system
2025-09-18T13:48:39.222673+03:00 lum4ik systemd-tmpfiles[100]: fchmod() of /tmp/.X11-unix failed: Read-only file system
2025-09-18T13:48:39.222678+03:00 lum4ik systemd[1]: Started systemd-udevd.service - Rule-based Manager for Device Events and Files.
2025-09-18T13:48:39.222682+03:00 lum4ik systemd[1]: Finished systemd-tmpfiles-setup.service - Create Volatile Files and Directories.
2025-09-18T13:48:39.222686+03:00 lum4ik systemd[1]: systemd-firstboot.service - First Boot Wizard was skipped because of an unmet condition check (ConditionFirstBoot=yes).
2025-09-18T13:48:39.222690+03:00 lum4ik systemd[1]: first-boot-complete.target - First Boot Complete was skipped because of an unmet condition check (ConditionFirstBoot=yes).
2025-09-18T13:48:39.222698+03:00 lum4ik systemd[1]: systemd-journal-catalog-update.service - Rebuild Journal Catalog was skipped because of an unmet condition check (ConditionNeedsUpdate=/var).
2025-09-18T13:48:39.222702+03:00 lum4ik systemd[1]: systemd-machine-id-commit.service - Commit a transient machine-id on disk was skipped because of an unmet condition check (ConditionPathIsMountPoint=/etc/machine-id).
2025-09-18T13:48:39.222704+03:00 lum4ik systemd[1]: Starting systemd-resolved.service - Network Name Resolution...
2025-09-18T13:48:39.222707+03:00 lum4ik systemd[1]: Starting systemd-timesyncd.service - Network Time Synchronization...
2025-09-18T13:48:39.222709+03:00 lum4ik systemd[1]: systemd-update-done.service - Update is Completed was skipped because no trigger condition checks were met.
2025-09-18T13:48:39.222712+03:00 lum4ik systemd[1]: Starting systemd-update-utmp.service - Record System Boot/Shutdown in UTMP...
2025-09-18T13:48:39.222715+03:00 lum4ik (udev-worker)[116]: sdb: Process '/usr/bin/unshare -m /usr/bin/snap auto-import --mount=/dev/sdb' failed with exit code 1.
2025-09-18T13:48:39.222718+03:00 lum4ik (udev-worker)[110]: sda: Process '/usr/bin/unshare -m /usr/bin/snap auto-import --mount=/dev/sda' failed with exit code 1.
2025-09-18T13:48:39.222721+03:00 lum4ik (udev-worker)[120]: sdc: Process '/usr/bin/unshare -m /usr/bin/snap auto-import --mount=/dev/sdc' failed with exit code 1.
2025-09-18T13:48:39.222723+03:00 lum4ik systemd[1]: Finished systemd-update-utmp.service - Record System Boot/Shutdown in UTMP.
2025-09-18T13:48:39.222727+03:00 lum4ik systemd[1]: Started systemd-timesyncd.service - Network Time Synchronization.
2025-09-18T13:48:39.222729+03:00 lum4ik systemd[1]: Reached target time-set.target - System Time Set.
2025-09-18T13:48:39.222731+03:00 lum4ik systemd-resolved[112]: Positive Trust Anchors:
2025-09-18T13:48:39.222733+03:00 lum4ik systemd-resolved[112]: . IN DS 20326 8 2 e06d44b80b8f1d39a95c0b0d7c65d08458e880409bbc683457104237c7f8ec8d
2025-09-18T13:48:39.222735+03:00 lum4ik systemd-resolved[112]: Negative trust anchors: home.arpa 10.in-addr.arpa 16.172.in-addr.arpa 17.172.in-addr.arpa 18.172.in-addr.arpa 19.172.in-addr.arpa 20.172.in-addr.arpa 21.172.in-addr.arpa 22.172.in-addr.arpa 23.172.in-addr.arpa 24.172.in-addr.arpa 25.172.in-addr.arpa 26.172.in-addr.arpa 27.172.in-addr.arpa 28.172.in-addr.arpa 29.172.in-addr.arpa 30.172.in-addr.arpa 31.172.in-addr.arpa 170.0.0.192.in-addr.arpa 171.0.0.192.in-addr.arpa 168.192.in-addr.arpa d.f.ip6.arpa ipv4only.arpa corp home internal intranet lan local private test
2025-09-18T13:48:39.222737+03:00 lum4ik systemd-resolved[112]: Using system hostname 'lum4ik'.
2025-09-18T13:48:39.222740+03:00 lum4ik systemd[1]: Started systemd-resolved.service - Network Name Resolution.
2025-09-18T13:48:39.222742+03:00 lum4ik systemd[1]: Reached target nss-lookup.target - Host and Network Name Lookups.
2025-09-18T13:48:39.222744+03:00 lum4ik systemd[1]: Reached target sysinit.target - System Initialization.
2025-09-18T13:48:39.222747+03:00 lum4ik systemd[1]: apport-autoreport.path - Process error reports when automatic reporting is enabled (file watch) was skipped because of an unmet condition check (ConditionPathExists=/var/lib/apport/autoreport).
2025-09-18T13:48:39.222749+03:00 lum4ik systemd[1]: apport-autoreport.timer - Process error reports when automatic reporting is enabled (timer based) was skipped because of an unmet condition check (ConditionPathExists=/var/lib/apport/autoreport).
2025-09-18T13:48:39.222752+03:00 lum4ik systemd[1]: Started apt-daily.timer - Daily apt download activities.
2025-09-18T13:48:39.222754+03:00 lum4ik systemd[1]: Started apt-daily-upgrade.timer - Daily apt upgrade and clean activities.
2025-09-18T13:48:39.222756+03:00 lum4ik systemd[1]: Started dpkg-db-backup.timer - Daily dpkg database backup timer.
2025-09-18T13:48:39.222758+03:00 lum4ik systemd[1]: Started e2scrub_all.timer - Periodic ext4 Online Metadata Check for All Filesystems.
2025-09-18T13:48:39.222759+03:00 lum4ik systemd[1]: fstrim.timer - Discard unused filesystem blocks once a week was skipped because of an unmet condition check (ConditionVirtualization=!container).
2025-09-18T13:48:39.222761+03:00 lum4ik systemd[1]: Started logrotate.timer - Daily rotation of log files.
2025-09-18T13:48:39.222764+03:00 lum4ik systemd[1]: Started man-db.timer - Daily man-db regeneration.
2025-09-18T13:48:39.222766+03:00 lum4ik systemd[1]: Started motd-news.timer - Message of the Day.
2025-09-18T13:48:39.222768+03:00 lum4ik systemd[1]: snapd.snap-repair.timer - Timer to automatically fetch and run repair assertions was skipped because no trigger condition checks were met.
2025-09-18T13:48:39.222769+03:00 lum4ik systemd[1]: Started systemd-tmpfiles-clean.timer - Daily Cleanup of Temporary Directories.
2025-09-18T13:48:39.222771+03:00 lum4ik systemd[1]: ua-timer.timer - Ubuntu Pro Timer for running repeated jobs was skipped because of an unmet condition check (ConditionPathExists=/var/lib/ubuntu-advantage/private/machine-token.json).
2025-09-18T13:48:39.222774+03:00 lum4ik systemd[1]: Reached target paths.target - Path Units.
2025-09-18T13:48:39.222777+03:00 lum4ik systemd[1]: Reached target timers.target - Timer Units.
2025-09-18T13:48:39.222778+03:00 lum4ik systemd[1]: Listening on apport-forward.socket - Unix socket for apport crash forwarding.
2025-09-18T13:48:39.222780+03:00 lum4ik systemd[1]: Listening on dbus.socket - D-Bus System Message Bus Socket.
2025-09-18T13:48:39.222782+03:00 lum4ik systemd[1]: Starting snapd.socket - Socket activation for snappy daemon...
2025-09-18T13:48:39.222784+03:00 lum4ik systemd[1]: Listening on uuidd.socket - UUID daemon activation socket.
2025-09-18T13:48:39.222786+03:00 lum4ik systemd[1]: systemd-pcrphase-sysinit.service - TPM2 PCR Barrier (Initialization) was skipped because of an unmet condition check (ConditionSecurity=measured-uki).
2025-09-18T13:48:39.222789+03:00 lum4ik systemd[1]: Listening on snapd.socket - Socket activation for snappy daemon.
2025-09-18T13:48:39.222791+03:00 lum4ik systemd[1]: Reached target sockets.target - Socket Units.
2025-09-18T13:48:39.222792+03:00 lum4ik systemd[1]: Reached target basic.target - Basic System.
2025-09-18T13:48:39.222794+03:00 lum4ik systemd[1]: System is tainted: cgroupsv1
2025-09-18T13:48:39.222796+03:00 lum4ik systemd[1]: apport.service - automatic crash report generation was skipped because of an unmet condition check (ConditionVirtualization=!container).
2025-09-18T13:48:39.222798+03:00 lum4ik systemd[1]: Started cron.service - Regular background program processing daemon.
2025-09-18T13:48:39.222801+03:00 lum4ik systemd[1]: Starting dbus.service - D-Bus System Message Bus...
2025-09-18T13:48:39.222803+03:00 lum4ik systemd[1]: Started dmesg.service - Save initial kernel messages after boot.
2025-09-18T13:48:39.222805+03:00 lum4ik (cron)[165]: cron.service: Referenced but unset environment variable evaluates to an empty string: EXTRA_OPTS
2025-09-18T13:48:39.222807+03:00 lum4ik systemd[1]: Starting e2scrub_reap.service - Remove Stale Online ext4 Metadata Check Snapshots...
2025-09-18T13:48:39.222809+03:00 lum4ik systemd[1]: getty-static.service - getty on tty2-tty6 if dbus and logind are not available was skipped because of an unmet condition check (ConditionPathExists=!/usr/bin/dbus-daemon).
2025-09-18T13:48:39.222812+03:00 lum4ik cron[165]: (CRON) INFO (pidfile fd = 3)
2025-09-18T13:48:39.222814+03:00 lum4ik systemd[1]: Starting landscape-client.service - Landscape client daemons...
2025-09-18T13:48:39.222816+03:00 lum4ik cron[165]: (CRON) INFO (Running @reboot jobs)
2025-09-18T13:48:39.222818+03:00 lum4ik systemd[1]: networkd-dispatcher.service - Dispatcher daemon for systemd-networkd was skipped because no trigger condition checks were met.
2025-09-18T13:48:39.222820+03:00 lum4ik systemd[1]: Starting rsyslog.service - System Logging Service...
2025-09-18T13:48:39.222822+03:00 lum4ik systemd[1]: snapd.core-fixup.service - Automatically repair incorrect owner/permissions on core devices was skipped because no trigger condition checks were met.
2025-09-18T13:48:39.222826+03:00 lum4ik systemd[1]: snapd.recovery-chooser-trigger.service - Wait for the Ubuntu Core chooser trigger was skipped because of an unmet condition check (ConditionPathExistsGlob=/dev/input/event*).
2025-09-18T13:48:39.222829+03:00 lum4ik systemd[1]: Reached target getty-pre.target - Preparation for Logins.
2025-09-18T13:48:39.222830+03:00 lum4ik systemd[1]: Starting snapd.seeded.service - Wait until snapd is fully seeded...
2025-09-18T13:48:39.222832+03:00 lum4ik systemd[1]: Starting snapd.service - Snap Daemon...
2025-09-18T13:48:39.222834+03:00 lum4ik systemd[1]: Starting systemd-logind.service - User Login Management...
2025-09-18T13:48:39.222836+03:00 lum4ik systemd[1]: systemd-pcrphase.service - TPM2 PCR Barrier (User) was skipped because of an unmet condition check (ConditionSecurity=measured-uki).
2025-09-18T13:48:39.222839+03:00 lum4ik systemd[1]: Starting systemd-user-sessions.service - Permit User Sessions...
2025-09-18T13:48:39.222841+03:00 lum4ik systemd[1]: ua-reboot-cmds.service - Ubuntu Pro reboot cmds was skipped because of an unmet condition check (ConditionPathExists=/var/lib/ubuntu-advantage/private/machine-token.json).
2025-09-18T13:48:39.222843+03:00 lum4ik systemd[1]: ubuntu-advantage.service - Ubuntu Pro Background Auto Attach was skipped because no trigger condition checks were met.
2025-09-18T13:48:39.222845+03:00 lum4ik systemd[1]: Starting wsl-binfmt.service - WSL binfmt restore...
2025-09-18T13:48:39.222847+03:00 lum4ik systemd[1]: Starting wsl-pro.service - Bridge to Ubuntu Pro agent on Windows...
2025-09-18T13:48:39.222848+03:00 lum4ik systemd[1]: Started dbus.service - D-Bus System Message Bus.
2025-09-18T13:48:39.222851+03:00 lum4ik systemd[1]: Finished systemd-user-sessions.service - Permit User Sessions.
2025-09-18T13:48:39.222853+03:00 lum4ik systemd[1]: wsl-binfmt.service: Deactivated successfully.
2025-09-18T13:48:39.222855+03:00 lum4ik systemd[1]: Finished wsl-binfmt.service - WSL binfmt restore.
2025-09-18T13:48:39.222857+03:00 lum4ik systemd[1]: Started console-getty.service - Console Getty.
2025-09-18T13:48:39.222859+03:00 lum4ik systemd[1]: Starting setvtrgb.service - Set console scheme...
2025-09-18T13:48:39.222860+03:00 lum4ik systemd[1]: Finished setvtrgb.service - Set console scheme.
2025-09-18T13:48:39.222863+03:00 lum4ik systemd[1]: Created slice system-getty.slice - Slice /system/getty.
2025-09-18T13:48:39.222865+03:00 lum4ik systemd[1]: Started getty@tty1.service - Getty on tty1.
2025-09-18T13:48:39.222867+03:00 lum4ik systemd[1]: Reached target getty.target - Login Prompts.
2025-09-18T13:48:39.222869+03:00 lum4ik systemd[1]: e2scrub_reap.service: Deactivated successfully.
2025-09-18T13:48:39.222870+03:00 lum4ik systemd[1]: Finished e2scrub_reap.service - Remove Stale Online ext4 Metadata Check Snapshots.
2025-09-18T13:48:39.222872+03:00 lum4ik systemd-timesyncd[115]: Contacted time server 185.125.190.56:123 (ntp.ubuntu.com).
2025-09-18T13:48:39.222875+03:00 lum4ik systemd-timesyncd[115]: Initial clock synchronization to Thu 2025-09-18 13:48:38.848273 +03.
2025-09-18T13:48:39.222877+03:00 lum4ik snapd[172]: overlord.go:274: Acquiring state lock file
2025-09-18T13:48:39.222879+03:00 lum4ik snapd[172]: overlord.go:279: Acquired state lock file
2025-09-18T13:48:39.222881+03:00 lum4ik snapd[172]: patch.go:64: Patching system state level 6 to sublevel 1...
2025-09-18T13:48:39.222562+03:00 lum4ik rsyslogd: imuxsock: Acquired UNIX socket '/run/systemd/journal/syslog' (fd 3) from systemd.  [v8.2312.0]
2025-09-18T13:48:39.222642+03:00 lum4ik rsyslogd: rsyslogd's groupid changed to 102
2025-09-18T13:48:39.222673+03:00 lum4ik systemd[1]: Started rsyslog.service - System Logging Service.
2025-09-18T13:48:39.222705+03:00 lum4ik rsyslogd: rsyslogd's userid changed to 102
2025-09-18T13:48:39.222724+03:00 lum4ik rsyslogd: [origin software="rsyslogd" swVersion="8.2312.0" x-pid="201" x-info="https://www.rsyslog.com"] start
2025-09-18T13:48:39.224148+03:00 lum4ik snapd[172]: patch.go:64: Patching system state level 6 to sublevel 2...
2025-09-18T13:48:39.227569+03:00 lum4ik snapd[172]: patch.go:64: Patching system state level 6 to sublevel 3...
2025-09-18T13:48:39.229287+03:00 lum4ik wsl-pro-service[176]: #033[36mINFO#033[0m Starting WSL Pro Service version v0.1.4
2025-09-18T13:48:39.229574+03:00 lum4ik wsl-pro-service[176]: #033[37mDEBUG#033[0m Debug mode is enabled
2025-09-18T13:48:39.229668+03:00 lum4ik wsl-pro-service[176]: #033[37mDEBUG#033[0m Building new daemon
2025-09-18T13:48:39.235892+03:00 lum4ik systemd[1]: Started systemd-logind.service - User Login Management.
2025-09-18T13:48:39.237395+03:00 lum4ik systemd[1]: Started unattended-upgrades.service - Unattended Upgrades Shutdown.
2025-09-18T13:48:39.237739+03:00 lum4ik snapd[172]: daemon.go:250: started snapd/2.66.1+24.04 (series 16; classic; devmode; wsl) ubuntu/24.04 (amd64) linux/5.15.146.1-microsoft-stan.
2025-09-18T13:48:39.254784+03:00 lum4ik systemd[1]: tmp-syscheck\x2dmountpoint\x2d2487060929.mount: Deactivated successfully.
2025-09-18T13:48:39.254959+03:00 lum4ik snapd[172]: daemon.go:353: adjusting startup timeout by 30s (pessimistic estimate of 30s plus 5s per snap)
2025-09-18T13:48:39.256583+03:00 lum4ik snapd[172]: backends.go:58: AppArmor status: apparmor not enabled
2025-09-18T13:48:39.275836+03:00 lum4ik systemd[1]: Cannot find unit for notify message of PID 244, ignoring.
2025-09-18T13:48:39.277173+03:00 lum4ik systemd[1]: Started snapd.service - Snap Daemon.
2025-09-18T13:48:39.279940+03:00 lum4ik dbus-daemon[166]: [system] Activating via systemd: service name='org.freedesktop.timedate1' unit='dbus-org.freedesktop.timedate1.service' requested by ':1.4' (uid=0 pid=172 comm="/usr/lib/snapd/snapd")
2025-09-18T13:48:39.283263+03:00 lum4ik systemd[1]: Starting systemd-timedated.service - Time & Date Service...
2025-09-18T13:48:39.318124+03:00 lum4ik wsl-pro-service[176]: #033[37mDEBUG#033[0m Ready state sent to systemd
2025-09-18T13:48:39.318228+03:00 lum4ik wsl-pro-service[176]: #033[36mINFO#033[0m Daemon: connecting to Windows Agent
2025-09-18T13:48:39.318276+03:00 lum4ik wsl-pro-service[176]: #033[37mDEBUG#033[0m Updated systemd status to "Connecting"
2025-09-18T13:48:39.318322+03:00 lum4ik systemd[1]: Started wsl-pro.service - Bridge to Ubuntu Pro agent on Windows.
2025-09-18T13:48:39.319273+03:00 lum4ik wsl-pro-service[176]: #033[33mWARNING#033[0m Daemon: could not connect to Windows Agent: could not get address: could not read agent port file "/mnt/c/Users/vadim/.ubuntupro/.address": open /mnt/c/Users/vadim/.ubuntupro/.address: no such file or directory
2025-09-18T13:48:39.319329+03:00 lum4ik wsl-pro-service[176]: #033[36mINFO#033[0m Reconnecting to Windows host in 1 seconds
2025-09-18T13:48:39.319372+03:00 lum4ik wsl-pro-service[176]: #033[37mDEBUG#033[0m Updated systemd status to "Not connected: waiting to retry"
2025-09-18T13:48:39.330414+03:00 lum4ik dbus-daemon[166]: [system] Successfully activated service 'org.freedesktop.timedate1'
2025-09-18T13:48:39.330579+03:00 lum4ik systemd[1]: Started systemd-timedated.service - Time & Date Service.
2025-09-18T13:48:39.340094+03:00 lum4ik systemd[1]: Finished snapd.seeded.service - Wait until snapd is fully seeded.
2025-09-18T13:48:39.340681+03:00 lum4ik systemd[1]: snapd.autoimport.service - Auto import assertions from block devices was skipped because no trigger condition checks were met.
2025-09-18T13:48:39.699995+03:00 lum4ik landscape-config[169]: Registered:    False
2025-09-18T13:48:39.700085+03:00 lum4ik landscape-config[169]: Config Path:   /etc/landscape/client.conf
2025-09-18T13:48:39.700122+03:00 lum4ik landscape-config[169]: Data Path      /var/lib/landscape/client
2025-09-18T13:48:39.756451+03:00 lum4ik systemd[1]: landscape-client.service: Skipped due to 'exec-condition'.
2025-09-18T13:48:39.756632+03:00 lum4ik systemd[1]: Condition check resulted in landscape-client.service - Landscape client daemons being skipped.
2025-09-18T13:48:39.756951+03:00 lum4ik systemd[1]: Reached target multi-user.target - Multi-User System.
2025-09-18T13:48:39.757317+03:00 lum4ik systemd[1]: Reached target graphical.target - Graphical Interface.
2025-09-18T13:48:39.758352+03:00 lum4ik systemd[1]: Starting systemd-update-utmp-runlevel.service - Record Runlevel Change in UTMP...
2025-09-18T13:48:39.764553+03:00 lum4ik systemd[1]: systemd-update-utmp-runlevel.service: Deactivated successfully.
2025-09-18T13:48:39.764685+03:00 lum4ik systemd[1]: Finished systemd-update-utmp-runlevel.service - Record Runlevel Change in UTMP.
2025-09-18T13:48:39.765109+03:00 lum4ik systemd[1]: Startup finished in 1.148s.
2025-09-18T13:48:39.787994+03:00 lum4ik systemd[1]: dmesg.service: Deactivated successfully.
2025-09-18T13:48:39.923289+03:00 lum4ik kernel: WSL (2): Creating login session for root
2025-09-18T13:48:39.979862+03:00 lum4ik adduser[284]: Please enter a username matching the regular expression#012            configured via the NAME_REGEX configuration variable.  Use the#012            `--allow-bad-names' option to relax this check or reconfigure#012            NAME_REGEX in configuration.
2025-09-18T13:48:40.215396+03:00 lum4ik systemd[1]: Created slice user-0.slice - User Slice of UID 0.
2025-09-18T13:48:40.215977+03:00 lum4ik systemd[1]: Starting user-runtime-dir@0.service - User Runtime Directory /run/user/0...
2025-09-18T13:48:40.222839+03:00 lum4ik systemd[1]: Finished user-runtime-dir@0.service - User Runtime Directory /run/user/0.
2025-09-18T13:48:40.223963+03:00 lum4ik systemd[1]: Starting user@0.service - User Manager for UID 0...
2025-09-18T13:48:40.276002+03:00 lum4ik systemd[325]: Queued start job for default target default.target.
2025-09-18T13:48:40.276613+03:00 lum4ik systemd[325]: init.scope: Failed to delete controller cgroups /user.slice/user-0.slice/user@0.service/init.scope, ignoring: Device or resource busy
2025-09-18T13:48:40.276983+03:00 lum4ik systemd[325]: cgroup compatibility translation between legacy and unified hierarchy settings activated. See cgroup-compat debug messages for details.
2025-09-18T13:48:40.277025+03:00 lum4ik systemd[325]: Created slice app.slice - User Application Slice.
2025-09-18T13:48:40.277068+03:00 lum4ik systemd[325]: Started launchpadlib-cache-clean.timer - Clean up old files in the Launchpadlib cache.
2025-09-18T13:48:40.277123+03:00 lum4ik systemd[325]: Reached target paths.target - Paths.
2025-09-18T13:48:40.277163+03:00 lum4ik systemd[325]: Reached target timers.target - Timers.
2025-09-18T13:48:40.277537+03:00 lum4ik systemd[325]: Starting dbus.socket - D-Bus User Message Bus Socket...
2025-09-18T13:48:40.277597+03:00 lum4ik systemd[325]: Listening on dirmngr.socket - GnuPG network certificate management daemon.
2025-09-18T13:48:40.277650+03:00 lum4ik systemd[325]: Listening on gpg-agent-browser.socket - GnuPG cryptographic agent and passphrase cache (access for web browsers).
2025-09-18T13:48:40.277702+03:00 lum4ik systemd[325]: Listening on gpg-agent-extra.socket - GnuPG cryptographic agent and passphrase cache (restricted).
2025-09-18T13:48:40.278068+03:00 lum4ik systemd[325]: Starting gpg-agent-ssh.socket - GnuPG cryptographic agent (ssh-agent emulation)...
2025-09-18T13:48:40.278108+03:00 lum4ik systemd[325]: Listening on gpg-agent.socket - GnuPG cryptographic agent and passphrase cache.
2025-09-18T13:48:40.278357+03:00 lum4ik systemd[325]: Listening on keyboxd.socket - GnuPG public key management service.
2025-09-18T13:48:40.278453+03:00 lum4ik systemd[325]: Listening on pk-debconf-helper.socket - debconf communication socket.
2025-09-18T13:48:40.278532+03:00 lum4ik systemd[325]: Listening on snapd.session-agent.socket - REST API socket for snapd user session agent.
2025-09-18T13:48:40.283202+03:00 lum4ik systemd[325]: Listening on dbus.socket - D-Bus User Message Bus Socket.
2025-09-18T13:48:40.288997+03:00 lum4ik systemd[325]: Listening on gpg-agent-ssh.socket - GnuPG cryptographic agent (ssh-agent emulation).
2025-09-18T13:48:40.289057+03:00 lum4ik systemd[325]: Reached target sockets.target - Sockets.
2025-09-18T13:48:40.289084+03:00 lum4ik systemd[325]: Reached target basic.target - Basic System.
2025-09-18T13:48:40.289121+03:00 lum4ik systemd[325]: Reached target default.target - Main User Target.
2025-09-18T13:48:40.289143+03:00 lum4ik systemd[325]: Startup finished in 59ms.
2025-09-18T13:48:40.289182+03:00 lum4ik systemd[1]: Started user@0.service - User Manager for UID 0.
2025-09-18T13:48:40.289869+03:00 lum4ik systemd[1]: Started session-3.scope - Session 3 of User root.
2025-09-18T13:48:40.320480+03:00 lum4ik wsl-pro-service[176]: #033[36mINFO#033[0m Daemon: connecting to Windows Agent
2025-09-18T13:48:40.320564+03:00 lum4ik wsl-pro-service[176]: #033[37mDEBUG#033[0m Updated systemd status to "Connecting"
