2025-09-11T21:17:19.546823+00:00 anton-QEMU-Virtual-Machine systemd[1]: Finished systemd-remount-fs.service - Remount Root and Kernel File Systems.
2025-09-11T21:17:19.548617+00:00 anton-QEMU-Virtual-Machine systemd[1]: Finished systemd-udev-load-credentials.service - Load udev Rules from Credentials.
2025-09-11T21:17:19.548643+00:00 anton-QEMU-Virtual-Machine systemd[1]: Mounted sys-fs-fuse-connections.mount - FUSE Control File System.
2025-09-11T21:17:19.548647+00:00 anton-QEMU-Virtual-Machine systemd[1]: Mounted sys-kernel-config.mount - Kernel Configuration File System.
2025-09-11T21:17:19.548651+00:00 anton-QEMU-Virtual-Machine systemd[1]: Activating swap swap.img.swap - /swap.img...
2025-09-11T21:17:19.548655+00:00 anton-QEMU-Virtual-Machine systemd[1]: Starting cloud-init-main.service - Cloud-init: Single Process...
2025-09-11T21:17:19.548658+00:00 anton-QEMU-Virtual-Machine systemd[1]: systemd-hwdb-update.service - Rebuild Hardware Database was skipped because no trigger condition checks were met.
2025-09-11T21:17:19.548661+00:00 anton-QEMU-Virtual-Machine systemd[1]: Starting systemd-journal-flush.service - Flush Journal to Persistent Storage...
2025-09-11T21:17:19.548666+00:00 anton-QEMU-Virtual-Machine systemd[1]: systemd-pstore.service - Platform Persistent Storage Archival was skipped because of an unmet condition check (ConditionDirectoryNotEmpty=/sys/fs/pstore).
2025-09-11T21:17:19.548670+00:00 anton-QEMU-Virtual-Machine systemd[1]: Starting systemd-random-seed.service - Load/Save OS Random Seed...
2025-09-11T21:17:19.548673+00:00 anton-QEMU-Virtual-Machine systemd[1]: systemd-tpm2-setup.service - TPM SRK Setup was skipped because of an unmet condition check (ConditionSecurity=measured-uki).
2025-09-11T21:17:19.548676+00:00 anton-QEMU-Virtual-Machine systemd[1]: Finished keyboard-setup.service - Set the console keyboard layout.
2025-09-11T21:17:19.548679+00:00 anton-QEMU-Virtual-Machine systemd[1]: Activated swap swap.img.swap - /swap.img.
2025-09-11T21:17:19.548683+00:00 anton-QEMU-Virtual-Machine systemd[1]: Finished systemd-sysctl.service - Apply Kernel Variables.
2025-09-11T21:17:19.548686+00:00 anton-QEMU-Virtual-Machine systemd[1]: Reached target swap.target - Swaps.
2025-09-11T21:17:19.548690+00:00 anton-QEMU-Virtual-Machine systemd[1]: Finished systemd-tmpfiles-setup-dev-early.service - Create Static Device Nodes in /dev gracefully.
2025-09-11T21:17:19.548693+00:00 anton-QEMU-Virtual-Machine systemd[1]: Finished systemd-random-seed.service - Load/Save OS Random Seed.
2025-09-11T21:17:19.548696+00:00 anton-QEMU-Virtual-Machine systemd[1]: Starting systemd-sysusers.service - Create System Users...
2025-09-11T21:17:19.548700+00:00 anton-QEMU-Virtual-Machine systemd[1]: Finished systemd-journal-flush.service - Flush Journal to Persistent Storage.
2025-09-11T21:17:19.548706+00:00 anton-QEMU-Virtual-Machine systemd[1]: Started systemd-oomd.service - Userspace Out-Of-Memory (OOM) Killer.
2025-09-11T21:17:19.548709+00:00 anton-QEMU-Virtual-Machine systemd-sysusers[373]: Creating group 'gamemode' with GID 985.
2025-09-11T21:17:19.548713+00:00 anton-QEMU-Virtual-Machine systemd[1]: Finished systemd-udev-trigger.service - Coldplug All udev Devices.
2025-09-11T21:17:19.548717+00:00 anton-QEMU-Virtual-Machine systemd-sysusers[373]: Creating group 'gnome-initial-setup' with GID 984.
2025-09-11T21:17:19.548722+00:00 anton-QEMU-Virtual-Machine systemd[1]: Finished systemd-sysusers.service - Create System Users.
2025-09-11T21:17:19.548725+00:00 anton-QEMU-Virtual-Machine systemd[1]: Starting systemd-resolved.service - Network Name Resolution...
2025-09-11T21:17:19.548728+00:00 anton-QEMU-Virtual-Machine systemd[1]: Starting systemd-timesyncd.service - Network Time Synchronization...
2025-09-11T21:17:19.548732+00:00 anton-QEMU-Virtual-Machine systemd[1]: Starting systemd-tmpfiles-setup-dev.service - Create Static Device Nodes in /dev...
2025-09-11T21:17:19.547148+00:00 anton-QEMU-Virtual-Machine kernel: Booting Linux on physical CPU 0x0000000000 [0x610f0000]
2025-09-11T21:17:19.555617+00:00 anton-QEMU-Virtual-Machine kernel: Linux version 6.14.0-29-generic (buildd@bos03-arm64-066) (aarch64-linux-gnu-gcc-14 (Ubuntu 14.2.0-19ubuntu2) 14.2.0, GNU ld (GNU Binutils for Ubuntu) 2.44) #29-Ubuntu SMP PREEMPT_DYNAMIC Thu Aug  7 18:15:08 UTC 2025 (Ubuntu 6.14.0-29.29-generic 6.14.8)
2025-09-11T21:17:19.555697+00:00 anton-QEMU-Virtual-Machine kernel: KASLR enabled
2025-09-11T21:17:19.555703+00:00 anton-QEMU-Virtual-Machine kernel: efi: EFI v2.7 by EDK II
2025-09-11T21:17:19.555704+00:00 anton-QEMU-Virtual-Machine kernel: efi: SMBIOS 3.0=0x13f810000 MEMATTR=0x13ce23698 ACPI 2.0=0x13c150018 MOKvar=0x13c050000 INITRD=0x13c483318 RNG=0x13c15e698 MEMRESERVE=0x13c482e18 
2025-09-11T21:17:19.555705+00:00 anton-QEMU-Virtual-Machine kernel: random: crng init done
2025-09-11T21:17:19.555705+00:00 anton-QEMU-Virtual-Machine kernel: secureboot: Secure boot disabled
2025-09-11T21:17:19.555710+00:00 anton-QEMU-Virtual-Machine kernel: ACPI: Early table checksum verification disabled
2025-09-11T21:17:19.555711+00:00 anton-QEMU-Virtual-Machine kernel: ACPI: RSDP 0x000000013C150018 000024 (v02 BOCHS )
2025-09-11T21:17:19.555712+00:00 anton-QEMU-Virtual-Machine kernel: ACPI: XSDT 0x000000013C15FE98 00006C (v01 BOCHS  BXPC     00000001      01000013)
2025-09-11T21:17:19.555713+00:00 anton-QEMU-Virtual-Machine kernel: ACPI: FACP 0x000000013C15FA98 000114 (v06 BOCHS  BXPC     00000001 BXPC 00000001)
2025-09-11T21:17:19.555713+00:00 anton-QEMU-Virtual-Machine kernel: ACPI: DSDT 0x000000013C157518 001470 (v02 BOCHS  BXPC     00000001 BXPC 00000001)
2025-09-11T21:17:19.555714+00:00 anton-QEMU-Virtual-Machine kernel: ACPI: APIC 0x000000013C15FC18 00019C (v04 BOCHS  BXPC     00000001 BXPC 00000001)
2025-09-11T21:17:19.555716+00:00 anton-QEMU-Virtual-Machine kernel: ACPI: PPTT 0x000000013C15D898 000088 (v02 BOCHS  BXPC     00000001 BXPC 00000001)
2025-09-11T21:17:19.555717+00:00 anton-QEMU-Virtual-Machine kernel: ACPI: GTDT 0x000000013C15E818 000068 (v03 BOCHS  BXPC     00000001 BXPC 00000001)
2025-09-11T21:17:19.555718+00:00 anton-QEMU-Virtual-Machine kernel: ACPI: MCFG 0x000000013C15E918 00003C (v01 BOCHS  BXPC     00000001 BXPC 00000001)
2025-09-11T21:17:19.555718+00:00 anton-QEMU-Virtual-Machine kernel: ACPI: SPCR 0x000000013C15FF98 000050 (v02 BOCHS  BXPC     00000001 BXPC 00000001)
2025-09-11T21:17:19.555719+00:00 anton-QEMU-Virtual-Machine kernel: ACPI: DBG2 0x000000013C15E418 000057 (v00 BOCHS  BXPC     00000001 BXPC 00000001)
2025-09-11T21:17:19.555720+00:00 anton-QEMU-Virtual-Machine kernel: ACPI: IORT 0x000000013C15E718 000080 (v03 BOCHS  BXPC     00000001 BXPC 00000001)
2025-09-11T21:17:19.555721+00:00 anton-QEMU-Virtual-Machine kernel: ACPI: BGRT 0x000000013C15E498 000038 (v01 INTEL  EDK2     00000002      01000013)
2025-09-11T21:17:19.555722+00:00 anton-QEMU-Virtual-Machine kernel: ACPI: SPCR: console: pl011,mmio32,0x9000000,9600
2025-09-11T21:17:19.555723+00:00 anton-QEMU-Virtual-Machine kernel: ACPI: Use ACPI SPCR as default console: Yes
2025-09-11T21:17:19.555724+00:00 anton-QEMU-Virtual-Machine kernel: NUMA: Faking a node at [mem 0x0000000040000000-0x000000013fffffff]
2025-09-11T21:17:19.555725+00:00 anton-QEMU-Virtual-Machine kernel: NODE_DATA(0) allocated [mem 0x13f65a5c0-0x13f65ffff]
2025-09-11T21:17:19.555725+00:00 anton-QEMU-Virtual-Machine kernel: Zone ranges:
2025-09-11T21:17:19.555726+00:00 anton-QEMU-Virtual-Machine kernel:   DMA      [mem 0x0000000040000000-0x00000000ffffffff]
2025-09-11T21:17:19.555728+00:00 anton-QEMU-Virtual-Machine kernel:   DMA32    empty
2025-09-11T21:17:19.555729+00:00 anton-QEMU-Virtual-Machine kernel:   Normal   [mem 0x0000000100000000-0x000000013fffffff]
2025-09-11T21:17:19.555730+00:00 anton-QEMU-Virtual-Machine kernel:   Device   empty
2025-09-11T21:17:19.555730+00:00 anton-QEMU-Virtual-Machine kernel: Movable zone start for each node
2025-09-11T21:17:19.555731+00:00 anton-QEMU-Virtual-Machine kernel: Early memory node ranges
2025-09-11T21:17:19.555732+00:00 anton-QEMU-Virtual-Machine kernel:   node   0: [mem 0x0000000040000000-0x000000013c04ffff]
2025-09-11T21:17:19.555733+00:00 anton-QEMU-Virtual-Machine kernel:   node   0: [mem 0x000000013c050000-0x000000013c06ffff]
2025-09-11T21:17:19.555734+00:00 anton-QEMU-Virtual-Machine kernel:   node   0: [mem 0x000000013c070000-0x000000013c15ffff]
2025-09-11T21:17:19.555735+00:00 anton-QEMU-Virtual-Machine kernel:   node   0: [mem 0x000000013c160000-0x000000013c47ffff]
2025-09-11T21:17:19.555736+00:00 anton-QEMU-Virtual-Machine kernel:   node   0: [mem 0x000000013c480000-0x000000013f75ffff]
2025-09-11T21:17:19.555737+00:00 anton-QEMU-Virtual-Machine kernel:   node   0: [mem 0x000000013f760000-0x000000013f7effff]
2025-09-11T21:17:19.555738+00:00 anton-QEMU-Virtual-Machine kernel:   node   0: [mem 0x000000013f7f0000-0x000000013f7fffff]
2025-09-11T21:17:19.555738+00:00 anton-QEMU-Virtual-Machine kernel:   node   0: [mem 0x000000013f800000-0x000000013f91ffff]
2025-09-11T21:17:19.555740+00:00 anton-QEMU-Virtual-Machine kernel:   node   0: [mem 0x000000013f920000-0x000000013fffffff]
2025-09-11T21:17:19.555741+00:00 anton-QEMU-Virtual-Machine kernel: Initmem setup node 0 [mem 0x0000000040000000-0x000000013fffffff]
2025-09-11T21:17:19.555742+00:00 anton-QEMU-Virtual-Machine kernel: cma: Reserved 32 MiB at 0x00000000fe000000 on node -1
2025-09-11T21:17:19.555743+00:00 anton-QEMU-Virtual-Machine kernel: crashkernel reserved: 0x00000000de000000 - 0x00000000fe000000 (512 MB)
2025-09-11T21:17:19.555743+00:00 anton-QEMU-Virtual-Machine kernel: psci: probing for conduit method from ACPI.
2025-09-11T21:17:19.555744+00:00 anton-QEMU-Virtual-Machine kernel: psci: PSCIv1.1 detected in firmware.
2025-09-11T21:17:19.555746+00:00 anton-QEMU-Virtual-Machine kernel: psci: Using standard PSCI v0.2 function IDs
2025-09-11T21:17:19.555746+00:00 anton-QEMU-Virtual-Machine kernel: psci: Trusted OS migration not required
2025-09-11T21:17:19.555747+00:00 anton-QEMU-Virtual-Machine kernel: psci: SMC Calling Convention v1.0
2025-09-11T21:17:19.555748+00:00 anton-QEMU-Virtual-Machine kernel: percpu: Embedded 56 pages/cpu s106264 r8192 d114920 u229376
2025-09-11T21:17:19.555749+00:00 anton-QEMU-Virtual-Machine kernel: pcpu-alloc: s106264 r8192 d114920 u229376 alloc=56*4096
2025-09-11T21:17:19.555749+00:00 anton-QEMU-Virtual-Machine kernel: pcpu-alloc: [0] 0 [0] 1 [0] 2 [0] 3 
2025-09-11T21:17:19.555750+00:00 anton-QEMU-Virtual-Machine kernel: Detected PIPT I-cache on CPU0
2025-09-11T21:17:19.555752+00:00 anton-QEMU-Virtual-Machine kernel: CPU features: detected: Address authentication (IMP DEF algorithm)
2025-09-11T21:17:19.555753+00:00 anton-QEMU-Virtual-Machine kernel: CPU features: detected: Spectre-v4
2025-09-11T21:17:19.555753+00:00 anton-QEMU-Virtual-Machine kernel: CPU features: detected: Spectre-BHB
2025-09-11T21:17:19.555754+00:00 anton-QEMU-Virtual-Machine kernel: alternatives: applying boot alternatives
2025-09-11T21:17:19.555755+00:00 anton-QEMU-Virtual-Machine kernel: Kernel command line: BOOT_IMAGE=/boot/vmlinuz-6.14.0-29-generic root=UUID=2d9e118e-91fd-4af7-b0f3-788647be714b ro quiet splash console=tty0 crashkernel=2G-4G:320M,4G-32G:512M,32G-64G:1024M,64G-128G:2048M,128G-:4096M vt.handoff=7
2025-09-11T21:17:19.555788+00:00 anton-QEMU-Virtual-Machine kernel: Unknown kernel command line parameters "splash BOOT_IMAGE=/boot/vmlinuz-6.14.0-29-generic", will be passed to user space.
2025-09-11T21:17:19.555794+00:00 anton-QEMU-Virtual-Machine kernel: printk: log buffer data + meta data: 262144 + 917504 = 1179648 bytes
2025-09-11T21:17:19.555795+00:00 anton-QEMU-Virtual-Machine kernel: Dentry cache hash table entries: 524288 (order: 10, 4194304 bytes, linear)
2025-09-11T21:17:19.555795+00:00 anton-QEMU-Virtual-Machine kernel: Inode-cache hash table entries: 262144 (order: 9, 2097152 bytes, linear)
2025-09-11T21:17:19.555796+00:00 anton-QEMU-Virtual-Machine kernel: Fallback order for Node 0: 0 
2025-09-11T21:17:19.555796+00:00 anton-QEMU-Virtual-Machine kernel: Built 1 zonelists, mobility grouping on.  Total pages: 1048576
2025-09-11T21:17:19.555796+00:00 anton-QEMU-Virtual-Machine kernel: Policy zone: Normal
2025-09-11T21:17:19.555797+00:00 anton-QEMU-Virtual-Machine kernel: mem auto-init: stack:all(zero), heap alloc:on, heap free:off
2025-09-11T21:17:19.555798+00:00 anton-QEMU-Virtual-Machine kernel: software IO TLB: area num 4.
2025-09-11T21:17:19.555798+00:00 anton-QEMU-Virtual-Machine kernel: software IO TLB: mapped [mem 0x00000000da000000-0x00000000de000000] (64MB)
2025-09-11T21:17:19.555798+00:00 anton-QEMU-Virtual-Machine kernel: SLUB: HWalign=64, Order=0-3, MinObjects=0, CPUs=4, Nodes=1
2025-09-11T21:17:19.555799+00:00 anton-QEMU-Virtual-Machine kernel: ftrace: allocating 65882 entries in 258 pages
2025-09-11T21:17:19.555799+00:00 anton-QEMU-Virtual-Machine kernel: ftrace: allocated 258 pages with 2 groups
2025-09-11T21:17:19.555800+00:00 anton-QEMU-Virtual-Machine kernel: Dynamic Preempt: voluntary
2025-09-11T21:17:19.555801+00:00 anton-QEMU-Virtual-Machine kernel: rcu: Preemptible hierarchical RCU implementation.
2025-09-11T21:17:19.555801+00:00 anton-QEMU-Virtual-Machine kernel: rcu: 	RCU restricting CPUs from NR_CPUS=512 to nr_cpu_ids=4.
2025-09-11T21:17:19.555801+00:00 anton-QEMU-Virtual-Machine kernel: 	Trampoline variant of Tasks RCU enabled.
2025-09-11T21:17:19.555802+00:00 anton-QEMU-Virtual-Machine kernel: 	Rude variant of Tasks RCU enabled.
2025-09-11T21:17:19.555802+00:00 anton-QEMU-Virtual-Machine kernel: 	Tracing variant of Tasks RCU enabled.
2025-09-11T21:17:19.555803+00:00 anton-QEMU-Virtual-Machine kernel: rcu: RCU calculated value of scheduler-enlistment delay is 100 jiffies.
2025-09-11T21:17:19.555803+00:00 anton-QEMU-Virtual-Machine kernel: rcu: Adjusting geometry for rcu_fanout_leaf=16, nr_cpu_ids=4
2025-09-11T21:17:19.555804+00:00 anton-QEMU-Virtual-Machine kernel: RCU Tasks: Setting shift to 2 and lim to 1 rcu_task_cb_adjust=1 rcu_task_cpu_ids=4.
2025-09-11T21:17:19.555804+00:00 anton-QEMU-Virtual-Machine kernel: RCU Tasks Rude: Setting shift to 2 and lim to 1 rcu_task_cb_adjust=1 rcu_task_cpu_ids=4.
2025-09-11T21:17:19.555805+00:00 anton-QEMU-Virtual-Machine kernel: RCU Tasks Trace: Setting shift to 2 and lim to 1 rcu_task_cb_adjust=1 rcu_task_cpu_ids=4.
2025-09-11T21:17:19.555805+00:00 anton-QEMU-Virtual-Machine kernel: NR_IRQS: 64, nr_irqs: 64, preallocated irqs: 0
2025-09-11T21:17:19.555805+00:00 anton-QEMU-Virtual-Machine kernel: Root IRQ handler: gic_handle_irq
2025-09-11T21:17:19.555806+00:00 anton-QEMU-Virtual-Machine kernel: GICv2m: ACPI overriding V2M MSI_TYPER (base:80, num:64)
2025-09-11T21:17:19.555807+00:00 anton-QEMU-Virtual-Machine kernel: GICv2m: range[mem 0x08020000-0x08020fff], SPI[80:143]
2025-09-11T21:17:19.555807+00:00 anton-QEMU-Virtual-Machine kernel: rcu: srcu_init: Setting srcu_struct sizes based on contention.
2025-09-11T21:17:19.555808+00:00 anton-QEMU-Virtual-Machine kernel: arch_timer: cp15 timer(s) running at 24.00MHz (virt).
2025-09-11T21:17:19.555808+00:00 anton-QEMU-Virtual-Machine kernel: clocksource: arch_sys_counter: mask: 0xffffffffffffff max_cycles: 0x588fe9dc0, max_idle_ns: 440795202592 ns
2025-09-11T21:17:19.555808+00:00 anton-QEMU-Virtual-Machine kernel: sched_clock: 56 bits at 24MHz, resolution 41ns, wraps every 4398046511097ns
2025-09-11T21:17:19.555809+00:00 anton-QEMU-Virtual-Machine kernel: Console: colour dummy device 80x25
2025-09-11T21:17:19.555810+00:00 anton-QEMU-Virtual-Machine kernel: printk: legacy console [tty0] enabled
2025-09-11T21:17:19.555810+00:00 anton-QEMU-Virtual-Machine kernel: ACPI: Core revision 20240827
2025-09-11T21:17:19.555811+00:00 anton-QEMU-Virtual-Machine kernel: Calibrating delay loop (skipped), value calculated using timer frequency.. 48.00 BogoMIPS (lpj=24000)
2025-09-11T21:17:19.555811+00:00 anton-QEMU-Virtual-Machine kernel: pid_max: default: 32768 minimum: 301
2025-09-11T21:17:19.555812+00:00 anton-QEMU-Virtual-Machine kernel: LSM: initializing lsm=lockdown,capability,landlock,yama,apparmor,ima,evm
2025-09-11T21:17:19.555812+00:00 anton-QEMU-Virtual-Machine kernel: landlock: Up and running.
2025-09-11T21:17:19.555817+00:00 anton-QEMU-Virtual-Machine kernel: Yama: becoming mindful.
2025-09-11T21:17:19.555817+00:00 anton-QEMU-Virtual-Machine kernel: AppArmor: AppArmor initialized
2025-09-11T21:17:19.555817+00:00 anton-QEMU-Virtual-Machine kernel: Mount-cache hash table entries: 8192 (order: 4, 65536 bytes, linear)
2025-09-11T21:17:19.555818+00:00 anton-QEMU-Virtual-Machine kernel: Mountpoint-cache hash table entries: 8192 (order: 4, 65536 bytes, linear)
2025-09-11T21:17:19.555818+00:00 anton-QEMU-Virtual-Machine kernel: rcu: Hierarchical SRCU implementation.
2025-09-11T21:17:19.555819+00:00 anton-QEMU-Virtual-Machine kernel: rcu: 	Max phase no-delay instances is 400.
2025-09-11T21:17:19.555820+00:00 anton-QEMU-Virtual-Machine kernel: Timer migration: 1 hierarchy levels; 8 children per group; 1 crossnode level
2025-09-11T21:17:19.555820+00:00 anton-QEMU-Virtual-Machine kernel: Remapping and enabling EFI services.
2025-09-11T21:17:19.555820+00:00 anton-QEMU-Virtual-Machine kernel: smp: Bringing up secondary CPUs ...
2025-09-11T21:17:19.555821+00:00 anton-QEMU-Virtual-Machine kernel: Detected PIPT I-cache on CPU1
2025-09-11T21:17:19.555846+00:00 anton-QEMU-Virtual-Machine kernel: CPU1: Booted secondary processor 0x0000000001 [0x610f0000]
2025-09-11T21:17:19.555847+00:00 anton-QEMU-Virtual-Machine kernel: Detected PIPT I-cache on CPU2
2025-09-11T21:17:19.555847+00:00 anton-QEMU-Virtual-Machine kernel: CPU2: Booted secondary processor 0x0000000002 [0x610f0000]
2025-09-11T21:17:19.555848+00:00 anton-QEMU-Virtual-Machine kernel: Detected PIPT I-cache on CPU3
2025-09-11T21:17:19.555848+00:00 anton-QEMU-Virtual-Machine kernel: CPU3: Booted secondary processor 0x0000000003 [0x610f0000]
2025-09-11T21:17:19.555849+00:00 anton-QEMU-Virtual-Machine kernel: smp: Brought up 1 node, 4 CPUs
2025-09-11T21:17:19.555849+00:00 anton-QEMU-Virtual-Machine kernel: SMP: Total of 4 processors activated.
2025-09-11T21:17:19.555849+00:00 anton-QEMU-Virtual-Machine kernel: CPU: All CPU(s) started at EL1
2025-09-11T21:17:19.555850+00:00 anton-QEMU-Virtual-Machine kernel: CPU features: detected: ARMv8.4 Translation Table Level
2025-09-11T21:17:19.555851+00:00 anton-QEMU-Virtual-Machine kernel: CPU features: detected: Data cache clean to the PoU not required for I/D coherence
2025-09-11T21:17:19.555851+00:00 anton-QEMU-Virtual-Machine kernel: CPU features: detected: Common not Private translations
2025-09-11T21:17:19.555851+00:00 anton-QEMU-Virtual-Machine kernel: CPU features: detected: CRC32 instructions
2025-09-11T21:17:19.555852+00:00 anton-QEMU-Virtual-Machine kernel: CPU features: detected: Data cache clean to Point of Deep Persistence
2025-09-11T21:17:19.555852+00:00 anton-QEMU-Virtual-Machine kernel: CPU features: detected: Data cache clean to Point of Persistence
2025-09-11T21:17:19.555853+00:00 anton-QEMU-Virtual-Machine kernel: CPU features: detected: Data independent timing control (DIT)
2025-09-11T21:17:19.555853+00:00 anton-QEMU-Virtual-Machine kernel: CPU features: detected: E0PD
2025-09-11T21:17:19.555854+00:00 anton-QEMU-Virtual-Machine kernel: CPU features: detected: Generic authentication (IMP DEF algorithm)
2025-09-11T21:17:19.555855+00:00 anton-QEMU-Virtual-Machine kernel: CPU features: detected: RCpc load-acquire (LDAPR)
2025-09-11T21:17:19.555855+00:00 anton-QEMU-Virtual-Machine kernel: CPU features: detected: LSE atomic instructions
2025-09-11T21:17:19.555855+00:00 anton-QEMU-Virtual-Machine kernel: CPU features: detected: Privileged Access Never
2025-09-11T21:17:19.555856+00:00 anton-QEMU-Virtual-Machine kernel: CPU features: detected: RAS Extension Support
2025-09-11T21:17:19.555856+00:00 anton-QEMU-Virtual-Machine kernel: CPU features: detected: Speculation barrier (SB)
2025-09-11T21:17:19.555857+00:00 anton-QEMU-Virtual-Machine kernel: CPU features: detected: TLB range maintenance instructions
2025-09-11T21:17:19.555857+00:00 anton-QEMU-Virtual-Machine kernel: alternatives: applying system-wide alternatives
2025-09-11T21:17:19.555858+00:00 anton-QEMU-Virtual-Machine kernel: Memory: 3334368K/4194304K available (24640K kernel code, 5412K rwdata, 17980K rodata, 13504K init, 1194K bss, 818116K reserved, 32768K cma-reserved)
2025-09-11T21:17:19.555858+00:00 anton-QEMU-Virtual-Machine kernel: devtmpfs: initialized
2025-09-11T21:17:19.555859+00:00 anton-QEMU-Virtual-Machine kernel: setend instruction emulation is not supported on this system
2025-09-11T21:17:19.555859+00:00 anton-QEMU-Virtual-Machine kernel: clocksource: jiffies: mask: 0xffffffff max_cycles: 0xffffffff, max_idle_ns: 1911260446275000 ns
2025-09-11T21:17:19.555860+00:00 anton-QEMU-Virtual-Machine kernel: futex hash table entries: 1024 (order: 4, 65536 bytes, linear)
2025-09-11T21:17:19.555860+00:00 anton-QEMU-Virtual-Machine kernel: 2G module region forced by RANDOMIZE_MODULE_REGION_FULL
2025-09-11T21:17:19.555861+00:00 anton-QEMU-Virtual-Machine kernel: 0 pages in range for non-PLT usage
2025-09-11T21:17:19.555861+00:00 anton-QEMU-Virtual-Machine kernel: 508544 pages in range for PLT usage
2025-09-11T21:17:19.555862+00:00 anton-QEMU-Virtual-Machine kernel: pinctrl core: initialized pinctrl subsystem
2025-09-11T21:17:19.555862+00:00 anton-QEMU-Virtual-Machine kernel: SMBIOS 3.0.0 present.
2025-09-11T21:17:19.555863+00:00 anton-QEMU-Virtual-Machine kernel: DMI: QEMU QEMU Virtual Machine, BIOS 0.0.0 02/06/2015
2025-09-11T21:17:19.555863+00:00 anton-QEMU-Virtual-Machine kernel: DMI: Memory slots populated: 1/1
2025-09-11T21:17:19.555864+00:00 anton-QEMU-Virtual-Machine kernel: NET: Registered PF_NETLINK/PF_ROUTE protocol family
2025-09-11T21:17:19.555864+00:00 anton-QEMU-Virtual-Machine kernel: DMA: preallocated 512 KiB GFP_KERNEL pool for atomic allocations
2025-09-11T21:17:19.555864+00:00 anton-QEMU-Virtual-Machine kernel: DMA: preallocated 512 KiB GFP_KERNEL|GFP_DMA pool for atomic allocations
2025-09-11T21:17:19.555865+00:00 anton-QEMU-Virtual-Machine kernel: DMA: preallocated 512 KiB GFP_KERNEL|GFP_DMA32 pool for atomic allocations
2025-09-11T21:17:19.555865+00:00 anton-QEMU-Virtual-Machine kernel: audit: initializing netlink subsys (disabled)
2025-09-11T21:17:19.555866+00:00 anton-QEMU-Virtual-Machine kernel: audit: type=2000 audit(0.021:1): state=initialized audit_enabled=0 res=1
2025-09-11T21:17:19.555866+00:00 anton-QEMU-Virtual-Machine kernel: thermal_sys: Registered thermal governor 'fair_share'
2025-09-11T21:17:19.555867+00:00 anton-QEMU-Virtual-Machine kernel: thermal_sys: Registered thermal governor 'bang_bang'
2025-09-11T21:17:19.555867+00:00 anton-QEMU-Virtual-Machine kernel: thermal_sys: Registered thermal governor 'step_wise'
2025-09-11T21:17:19.555867+00:00 anton-QEMU-Virtual-Machine kernel: thermal_sys: Registered thermal governor 'user_space'
2025-09-11T21:17:19.555868+00:00 anton-QEMU-Virtual-Machine kernel: thermal_sys: Registered thermal governor 'power_allocator'
2025-09-11T21:17:19.555869+00:00 anton-QEMU-Virtual-Machine kernel: cpuidle: using governor ladder
2025-09-11T21:17:19.555869+00:00 anton-QEMU-Virtual-Machine kernel: cpuidle: using governor menu
2025-09-11T21:17:19.555870+00:00 anton-QEMU-Virtual-Machine kernel: hw-breakpoint: found 6 breakpoint and 4 watchpoint registers.
2025-09-11T21:17:19.555870+00:00 anton-QEMU-Virtual-Machine kernel: ASID allocator initialised with 256 entries
2025-09-11T21:17:19.555870+00:00 anton-QEMU-Virtual-Machine kernel: acpiphp: ACPI Hot Plug PCI Controller Driver version: 0.5
2025-09-11T21:17:19.555871+00:00 anton-QEMU-Virtual-Machine kernel: Serial: AMBA PL011 UART driver
2025-09-11T21:17:19.555871+00:00 anton-QEMU-Virtual-Machine kernel: HugeTLB: registered 1.00 GiB page size, pre-allocated 0 pages
2025-09-11T21:17:19.555872+00:00 anton-QEMU-Virtual-Machine kernel: HugeTLB: 0 KiB vmemmap can be freed for a 1.00 GiB page
2025-09-11T21:17:19.555872+00:00 anton-QEMU-Virtual-Machine kernel: HugeTLB: registered 32.0 MiB page size, pre-allocated 0 pages
2025-09-11T21:17:19.555873+00:00 anton-QEMU-Virtual-Machine kernel: HugeTLB: 0 KiB vmemmap can be freed for a 32.0 MiB page
2025-09-11T21:17:19.555873+00:00 anton-QEMU-Virtual-Machine kernel: HugeTLB: registered 2.00 MiB page size, pre-allocated 0 pages
2025-09-11T21:17:19.555873+00:00 anton-QEMU-Virtual-Machine kernel: HugeTLB: 0 KiB vmemmap can be freed for a 2.00 MiB page
2025-09-11T21:17:19.555874+00:00 anton-QEMU-Virtual-Machine kernel: HugeTLB: registered 64.0 KiB page size, pre-allocated 0 pages
2025-09-11T21:17:19.555874+00:00 anton-QEMU-Virtual-Machine kernel: HugeTLB: 0 KiB vmemmap can be freed for a 64.0 KiB page
2025-09-11T21:17:19.555875+00:00 anton-QEMU-Virtual-Machine kernel: ACPI: Added _OSI(Module Device)
2025-09-11T21:17:19.555875+00:00 anton-QEMU-Virtual-Machine kernel: ACPI: Added _OSI(Processor Device)
2025-09-11T21:17:19.555876+00:00 anton-QEMU-Virtual-Machine kernel: ACPI: Added _OSI(3.0 _SCP Extensions)
2025-09-11T21:17:19.555876+00:00 anton-QEMU-Virtual-Machine kernel: ACPI: Added _OSI(Processor Aggregator Device)
2025-09-11T21:17:19.555876+00:00 anton-QEMU-Virtual-Machine kernel: ACPI: 1 ACPI AML tables successfully acquired and loaded
2025-09-11T21:17:19.555877+00:00 anton-QEMU-Virtual-Machine kernel: ACPI: Interpreter enabled
2025-09-11T21:17:19.555878+00:00 anton-QEMU-Virtual-Machine kernel: ACPI: Using GIC for interrupt routing
2025-09-11T21:17:19.555878+00:00 anton-QEMU-Virtual-Machine kernel: ACPI: MCFG table detected, 1 entries
2025-09-11T21:17:19.555878+00:00 anton-QEMU-Virtual-Machine kernel: ACPI: CPU0 has been hot-added
2025-09-11T21:17:19.555879+00:00 anton-QEMU-Virtual-Machine kernel: ACPI: CPU1 has been hot-added
2025-09-11T21:17:19.555879+00:00 anton-QEMU-Virtual-Machine kernel: ACPI: CPU2 has been hot-added
2025-09-11T21:17:19.555880+00:00 anton-QEMU-Virtual-Machine kernel: ACPI: CPU3 has been hot-added
2025-09-11T21:17:19.555881+00:00 anton-QEMU-Virtual-Machine kernel: ARMH0011:00: ttyAMA0 at MMIO 0x9000000 (irq = 12, base_baud = 0) is a SBSA
2025-09-11T21:17:19.555881+00:00 anton-QEMU-Virtual-Machine kernel: printk: legacy console [ttyAMA0] enabled
2025-09-11T21:17:19.555881+00:00 anton-QEMU-Virtual-Machine kernel: ACPI: PCI: Interrupt link L000 configured for IRQ 35
2025-09-11T21:17:19.555882+00:00 anton-QEMU-Virtual-Machine kernel: ACPI: PCI: Interrupt link L001 configured for IRQ 36
2025-09-11T21:17:19.555882+00:00 anton-QEMU-Virtual-Machine kernel: ACPI: PCI: Interrupt link L002 configured for IRQ 37
2025-09-11T21:17:19.555883+00:00 anton-QEMU-Virtual-Machine kernel: ACPI: PCI: Interrupt link L003 configured for IRQ 38
2025-09-11T21:17:19.555883+00:00 anton-QEMU-Virtual-Machine kernel: ACPI: PCI Root Bridge [PCI0] (domain 0000 [bus 00-0f])
2025-09-11T21:17:19.555884+00:00 anton-QEMU-Virtual-Machine kernel: acpi PNP0A08:00: _OSC: OS supports [ExtendedConfig ASPM ClockPM Segments MSI EDR HPX-Type3]
2025-09-11T21:17:19.555884+00:00 anton-QEMU-Virtual-Machine kernel: acpi PNP0A08:00: _OSC: platform does not support [LTR DPC]
2025-09-11T21:17:19.555885+00:00 anton-QEMU-Virtual-Machine kernel: acpi PNP0A08:00: _OSC: OS now controls [PCIeHotplug SHPCHotplug PME AER PCIeCapability]
2025-09-11T21:17:19.555885+00:00 anton-QEMU-Virtual-Machine kernel: acpi PNP0A08:00: ECAM area [mem 0x3f000000-0x3fffffff] reserved by PNP0C02:00
2025-09-11T21:17:19.555885+00:00 anton-QEMU-Virtual-Machine kernel: acpi PNP0A08:00: ECAM at [mem 0x3f000000-0x3fffffff] for [bus 00-0f]
2025-09-11T21:17:19.555886+00:00 anton-QEMU-Virtual-Machine kernel: ACPI: Remapped I/O 0x000000003eff0000 to [io  0x0000-0xffff window]
2025-09-11T21:17:19.555887+00:00 anton-QEMU-Virtual-Machine kernel: PCI host bridge to bus 0000:00
2025-09-11T21:17:19.555887+00:00 anton-QEMU-Virtual-Machine kernel: pci_bus 0000:00: root bus resource [mem 0x10000000-0x3efeffff window]
2025-09-11T21:17:19.555887+00:00 anton-QEMU-Virtual-Machine kernel: pci_bus 0000:00: root bus resource [io  0x0000-0xffff window]
2025-09-11T21:17:19.555888+00:00 anton-QEMU-Virtual-Machine kernel: pci_bus 0000:00: root bus resource [bus 00-0f]
2025-09-11T21:17:19.555888+00:00 anton-QEMU-Virtual-Machine kernel: pci 0000:00:00.0: [1b36:0008] type 00 class 0x060000 conventional PCI endpoint
2025-09-11T21:17:19.555889+00:00 anton-QEMU-Virtual-Machine kernel: pci 0000:00:01.0: [1af4:1000] type 00 class 0x020000 conventional PCI endpoint
2025-09-11T21:17:19.555889+00:00 anton-QEMU-Virtual-Machine kernel: pci 0000:00:01.0: BAR 0 [io  0x0100-0x011f]
2025-09-11T21:17:19.555890+00:00 anton-QEMU-Virtual-Machine kernel: pci 0000:00:01.0: BAR 1 [mem 0x10069000-0x10069fff]
2025-09-11T21:17:19.555890+00:00 anton-QEMU-Virtual-Machine kernel: pci 0000:00:01.0: BAR 4 [mem 0x10054000-0x10057fff 64bit pref]
2025-09-11T21:17:19.555890+00:00 anton-QEMU-Virtual-Machine kernel: pci 0000:00:01.0: ROM [mem 0xfffc0000-0xffffffff pref]
2025-09-11T21:17:19.555891+00:00 anton-QEMU-Virtual-Machine kernel: pci 0000:00:02.0: [1af4:1050] type 00 class 0x038000 conventional PCI endpoint
2025-09-11T21:17:19.555891+00:00 anton-QEMU-Virtual-Machine kernel: pci 0000:00:02.0: BAR 1 [mem 0x10068000-0x10068fff]
2025-09-11T21:17:19.555898+00:00 anton-QEMU-Virtual-Machine kernel: pci 0000:00:02.0: BAR 4 [mem 0x10050000-0x10053fff 64bit pref]
2025-09-11T21:17:19.555898+00:00 anton-QEMU-Virtual-Machine kernel: pci 0000:00:03.0: [8086:2668] type 00 class 0x040300 conventional PCI endpoint
2025-09-11T21:17:19.555898+00:00 anton-QEMU-Virtual-Machine kernel: pci 0000:00:03.0: BAR 0 [mem 0x10060000-0x10063fff]
2025-09-11T21:17:19.555899+00:00 anton-QEMU-Virtual-Machine kernel: pci 0000:00:04.0: [1033:0194] type 00 class 0x0c0330 PCIe Root Complex Integrated Endpoint
2025-09-11T21:17:19.555899+00:00 anton-QEMU-Virtual-Machine kernel: pci 0000:00:04.0: BAR 0 [mem 0x10058000-0x1005bfff 64bit]
2025-09-11T21:17:19.555900+00:00 anton-QEMU-Virtual-Machine kernel: pci 0000:00:05.0: [1b36:000d] type 00 class 0x0c0330 PCIe Root Complex Integrated Endpoint
2025-09-11T21:17:19.555900+00:00 anton-QEMU-Virtual-Machine kernel: pci 0000:00:05.0: BAR 0 [mem 0x1005c000-0x1005ffff 64bit]
2025-09-11T21:17:19.555901+00:00 anton-QEMU-Virtual-Machine kernel: pci 0000:00:06.0: [1af4:1001] type 00 class 0x010000 conventional PCI endpoint
2025-09-11T21:17:19.555902+00:00 anton-QEMU-Virtual-Machine kernel: pci 0000:00:06.0: BAR 0 [io  0x0000-0x007f]
2025-09-11T21:17:19.555902+00:00 anton-QEMU-Virtual-Machine kernel: pci 0000:00:06.0: BAR 1 [mem 0x10067000-0x10067fff]
2025-09-11T21:17:19.555903+00:00 anton-QEMU-Virtual-Machine kernel: pci 0000:00:06.0: BAR 4 [mem 0x1004c000-0x1004ffff 64bit pref]
2025-09-11T21:17:19.555903+00:00 anton-QEMU-Virtual-Machine kernel: pci 0000:00:07.0: [1af4:1003] type 00 class 0x078000 conventional PCI endpoint
2025-09-11T21:17:19.555925+00:00 anton-QEMU-Virtual-Machine kernel: pci 0000:00:07.0: BAR 0 [io  0x0080-0x00bf]
2025-09-11T21:17:19.555926+00:00 anton-QEMU-Virtual-Machine kernel: pci 0000:00:07.0: BAR 1 [mem 0x10066000-0x10066fff]
2025-09-11T21:17:19.555927+00:00 anton-QEMU-Virtual-Machine kernel: pci 0000:00:07.0: BAR 4 [mem 0x10048000-0x1004bfff 64bit pref]
2025-09-11T21:17:19.555927+00:00 anton-QEMU-Virtual-Machine kernel: pci 0000:00:08.0: [1af4:1009] type 00 class 0x000200 conventional PCI endpoint
2025-09-11T21:17:19.555927+00:00 anton-QEMU-Virtual-Machine kernel: pci 0000:00:08.0: BAR 0 [io  0x00e0-0x00ff]
2025-09-11T21:17:19.555928+00:00 anton-QEMU-Virtual-Machine kernel: pci 0000:00:08.0: BAR 1 [mem 0x10065000-0x10065fff]
2025-09-11T21:17:19.555928+00:00 anton-QEMU-Virtual-Machine kernel: pci 0000:00:08.0: BAR 4 [mem 0x10044000-0x10047fff 64bit pref]
2025-09-11T21:17:19.555929+00:00 anton-QEMU-Virtual-Machine kernel: pci 0000:00:09.0: [1af4:1005] type 00 class 0x00ff00 conventional PCI endpoint
2025-09-11T21:17:19.555930+00:00 anton-QEMU-Virtual-Machine kernel: pci 0000:00:09.0: BAR 0 [io  0x00c0-0x00df]
2025-09-11T21:17:19.555930+00:00 anton-QEMU-Virtual-Machine kernel: pci 0000:00:09.0: BAR 1 [mem 0x10064000-0x10064fff]
2025-09-11T21:17:19.555931+00:00 anton-QEMU-Virtual-Machine kernel: pci 0000:00:09.0: BAR 4 [mem 0x10040000-0x10043fff 64bit pref]
2025-09-11T21:17:19.555931+00:00 anton-QEMU-Virtual-Machine kernel: pci 0000:00:01.0: ROM [mem 0x10000000-0x1003ffff pref]: assigned
2025-09-11T21:17:19.555931+00:00 anton-QEMU-Virtual-Machine kernel: pci 0000:00:01.0: BAR 4 [mem 0x10040000-0x10043fff 64bit pref]: assigned
2025-09-11T21:17:19.555932+00:00 anton-QEMU-Virtual-Machine kernel: pci 0000:00:02.0: BAR 4 [mem 0x10044000-0x10047fff 64bit pref]: assigned
2025-09-11T21:17:19.555933+00:00 anton-QEMU-Virtual-Machine kernel: pci 0000:00:03.0: BAR 0 [mem 0x10048000-0x1004bfff]: assigned
2025-09-11T21:17:19.555934+00:00 anton-QEMU-Virtual-Machine kernel: pci 0000:00:04.0: BAR 0 [mem 0x1004c000-0x1004ffff 64bit]: assigned
2025-09-11T21:17:19.555934+00:00 anton-QEMU-Virtual-Machine kernel: pci 0000:00:05.0: BAR 0 [mem 0x10050000-0x10053fff 64bit]: assigned
2025-09-11T21:17:19.555934+00:00 anton-QEMU-Virtual-Machine kernel: pci 0000:00:06.0: BAR 4 [mem 0x10054000-0x10057fff 64bit pref]: assigned
2025-09-11T21:17:19.555935+00:00 anton-QEMU-Virtual-Machine kernel: pci 0000:00:07.0: BAR 4 [mem 0x10058000-0x1005bfff 64bit pref]: assigned
2025-09-11T21:17:19.555935+00:00 anton-QEMU-Virtual-Machine kernel: pci 0000:00:08.0: BAR 4 [mem 0x1005c000-0x1005ffff 64bit pref]: assigned
2025-09-11T21:17:19.555936+00:00 anton-QEMU-Virtual-Machine kernel: pci 0000:00:09.0: BAR 4 [mem 0x10060000-0x10063fff 64bit pref]: assigned
2025-09-11T21:17:19.555937+00:00 anton-QEMU-Virtual-Machine kernel: pci 0000:00:01.0: BAR 1 [mem 0x10064000-0x10064fff]: assigned
2025-09-11T21:17:19.555937+00:00 anton-QEMU-Virtual-Machine kernel: pci 0000:00:02.0: BAR 1 [mem 0x10065000-0x10065fff]: assigned
2025-09-11T21:17:19.555938+00:00 anton-QEMU-Virtual-Machine kernel: pci 0000:00:06.0: BAR 1 [mem 0x10066000-0x10066fff]: assigned
2025-09-11T21:17:19.555938+00:00 anton-QEMU-Virtual-Machine kernel: pci 0000:00:07.0: BAR 1 [mem 0x10067000-0x10067fff]: assigned
2025-09-11T21:17:19.555939+00:00 anton-QEMU-Virtual-Machine kernel: pci 0000:00:08.0: BAR 1 [mem 0x10068000-0x10068fff]: assigned
2025-09-11T21:17:19.555939+00:00 anton-QEMU-Virtual-Machine kernel: pci 0000:00:09.0: BAR 1 [mem 0x10069000-0x10069fff]: assigned
2025-09-11T21:17:19.555940+00:00 anton-QEMU-Virtual-Machine kernel: pci 0000:00:06.0: BAR 0 [io  0x1000-0x107f]: assigned
2025-09-11T21:17:19.555941+00:00 anton-QEMU-Virtual-Machine kernel: pci 0000:00:07.0: BAR 0 [io  0x1080-0x10bf]: assigned
2025-09-11T21:17:19.555941+00:00 anton-QEMU-Virtual-Machine kernel: pci 0000:00:01.0: BAR 0 [io  0x10c0-0x10df]: assigned
2025-09-11T21:17:19.555941+00:00 anton-QEMU-Virtual-Machine kernel: pci 0000:00:08.0: BAR 0 [io  0x10e0-0x10ff]: assigned
2025-09-11T21:17:19.555942+00:00 anton-QEMU-Virtual-Machine kernel: pci 0000:00:09.0: BAR 0 [io  0x1100-0x111f]: assigned
2025-09-11T21:17:19.555942+00:00 anton-QEMU-Virtual-Machine kernel: pci_bus 0000:00: resource 4 [mem 0x10000000-0x3efeffff window]
2025-09-11T21:17:19.555944+00:00 anton-QEMU-Virtual-Machine kernel: pci_bus 0000:00: resource 5 [io  0x0000-0xffff window]
2025-09-11T21:17:19.555944+00:00 anton-QEMU-Virtual-Machine kernel: iommu: Default domain type: Translated
2025-09-11T21:17:19.555944+00:00 anton-QEMU-Virtual-Machine kernel: iommu: DMA domain TLB invalidation policy: strict mode
2025-09-11T21:17:19.555945+00:00 anton-QEMU-Virtual-Machine kernel: SCSI subsystem initialized
2025-09-11T21:17:19.555945+00:00 anton-QEMU-Virtual-Machine kernel: libata version 3.00 loaded.
2025-09-11T21:17:19.555945+00:00 anton-QEMU-Virtual-Machine kernel: ACPI: bus type USB registered
2025-09-11T21:17:19.555947+00:00 anton-QEMU-Virtual-Machine kernel: usbcore: registered new interface driver usbfs
2025-09-11T21:17:19.555947+00:00 anton-QEMU-Virtual-Machine kernel: usbcore: registered new interface driver hub
2025-09-11T21:17:19.555948+00:00 anton-QEMU-Virtual-Machine kernel: usbcore: registered new device driver usb
2025-09-11T21:17:19.555948+00:00 anton-QEMU-Virtual-Machine kernel: pps_core: LinuxPPS API ver. 1 registered
2025-09-11T21:17:19.555948+00:00 anton-QEMU-Virtual-Machine kernel: pps_core: Software ver. 5.3.6 - Copyright 2005-2007 Rodolfo Giometti <giometti@linux.it>
2025-09-11T21:17:19.555949+00:00 anton-QEMU-Virtual-Machine kernel: PTP clock support registered
2025-09-11T21:17:19.555949+00:00 anton-QEMU-Virtual-Machine kernel: EDAC MC: Ver: 3.0.0
2025-09-11T21:17:19.555951+00:00 anton-QEMU-Virtual-Machine kernel: scmi_core: SCMI protocol bus registered
2025-09-11T21:17:19.555951+00:00 anton-QEMU-Virtual-Machine kernel: efivars: Registered efivars operations
2025-09-11T21:17:19.555951+00:00 anton-QEMU-Virtual-Machine kernel: NetLabel: Initializing
2025-09-11T21:17:19.555952+00:00 anton-QEMU-Virtual-Machine kernel: NetLabel:  domain hash size = 128
2025-09-11T21:17:19.555952+00:00 anton-QEMU-Virtual-Machine kernel: NetLabel:  protocols = UNLABELED CIPSOv4 CALIPSO
2025-09-11T21:17:19.555952+00:00 anton-QEMU-Virtual-Machine kernel: NetLabel:  unlabeled traffic allowed by default
2025-09-11T21:17:19.555954+00:00 anton-QEMU-Virtual-Machine kernel: mctp: management component transport protocol core
2025-09-11T21:17:19.555954+00:00 anton-QEMU-Virtual-Machine kernel: NET: Registered PF_MCTP protocol family
2025-09-11T21:17:19.555955+00:00 anton-QEMU-Virtual-Machine kernel: vgaarb: loaded
2025-09-11T21:17:19.555955+00:00 anton-QEMU-Virtual-Machine kernel: clocksource: Switched to clocksource arch_sys_counter
2025-09-11T21:17:19.555955+00:00 anton-QEMU-Virtual-Machine kernel: VFS: Disk quotas dquot_6.6.0
2025-09-11T21:17:19.555956+00:00 anton-QEMU-Virtual-Machine kernel: VFS: Dquot-cache hash table entries: 512 (order 0, 4096 bytes)
2025-09-11T21:17:19.555956+00:00 anton-QEMU-Virtual-Machine kernel: AppArmor: AppArmor Filesystem Enabled
2025-09-11T21:17:19.555957+00:00 anton-QEMU-Virtual-Machine kernel: pnp: PnP ACPI init
2025-09-11T21:17:19.555958+00:00 anton-QEMU-Virtual-Machine kernel: system 00:00: [mem 0x3f000000-0x3fffffff window] could not be reserved
2025-09-11T21:17:19.555958+00:00 anton-QEMU-Virtual-Machine kernel: pnp: PnP ACPI: found 1 devices
2025-09-11T21:17:19.555959+00:00 anton-QEMU-Virtual-Machine kernel: NET: Registered PF_INET protocol family
2025-09-11T21:17:19.555959+00:00 anton-QEMU-Virtual-Machine kernel: IP idents hash table entries: 65536 (order: 7, 524288 bytes, linear)
2025-09-11T21:17:19.555959+00:00 anton-QEMU-Virtual-Machine kernel: tcp_listen_portaddr_hash hash table entries: 2048 (order: 3, 32768 bytes, linear)
2025-09-11T21:17:19.555961+00:00 anton-QEMU-Virtual-Machine kernel: Table-perturb hash table entries: 65536 (order: 6, 262144 bytes, linear)
2025-09-11T21:17:19.555961+00:00 anton-QEMU-Virtual-Machine kernel: TCP established hash table entries: 32768 (order: 6, 262144 bytes, linear)
2025-09-11T21:17:19.555962+00:00 anton-QEMU-Virtual-Machine kernel: TCP bind hash table entries: 32768 (order: 8, 1048576 bytes, linear)
2025-09-11T21:17:19.555962+00:00 anton-QEMU-Virtual-Machine kernel: TCP: Hash tables configured (established 32768 bind 32768)
2025-09-11T21:17:19.555962+00:00 anton-QEMU-Virtual-Machine kernel: MPTCP token hash table entries: 4096 (order: 4, 98304 bytes, linear)
2025-09-11T21:17:19.555963+00:00 anton-QEMU-Virtual-Machine kernel: UDP hash table entries: 2048 (order: 5, 131072 bytes, linear)
2025-09-11T21:17:19.555964+00:00 anton-QEMU-Virtual-Machine kernel: UDP-Lite hash table entries: 2048 (order: 5, 131072 bytes, linear)
2025-09-11T21:17:19.555964+00:00 anton-QEMU-Virtual-Machine kernel: NET: Registered PF_UNIX/PF_LOCAL protocol family
2025-09-11T21:17:19.555965+00:00 anton-QEMU-Virtual-Machine kernel: NET: Registered PF_XDP protocol family
2025-09-11T21:17:19.555965+00:00 anton-QEMU-Virtual-Machine kernel: pci 0000:00:04.0: enabling device (0000 -> 0002)
2025-09-11T21:17:19.555966+00:00 anton-QEMU-Virtual-Machine kernel: pci 0000:00:05.0: enabling device (0000 -> 0002)
2025-09-11T21:17:19.555966+00:00 anton-QEMU-Virtual-Machine kernel: PCI: CLS 0 bytes, default 64
2025-09-11T21:17:19.555966+00:00 anton-QEMU-Virtual-Machine kernel: Trying to unpack rootfs image as initramfs...
2025-09-11T21:17:19.555969+00:00 anton-QEMU-Virtual-Machine kernel: kvm [1]: HYP mode not available
2025-09-11T21:17:19.555969+00:00 anton-QEMU-Virtual-Machine kernel: Initialise system trusted keyrings
2025-09-11T21:17:19.555970+00:00 anton-QEMU-Virtual-Machine kernel: Key type blacklist registered
2025-09-11T21:17:19.555970+00:00 anton-QEMU-Virtual-Machine kernel: workingset: timestamp_bits=40 max_order=20 bucket_order=0
2025-09-11T21:17:19.555971+00:00 anton-QEMU-Virtual-Machine kernel: zbud: loaded
2025-09-11T21:17:19.555971+00:00 anton-QEMU-Virtual-Machine kernel: squashfs: version 4.0 (2009/01/31) Phillip Lougher
2025-09-11T21:17:19.555972+00:00 anton-QEMU-Virtual-Machine kernel: fuse: init (API version 7.42)
2025-09-11T21:17:19.555973+00:00 anton-QEMU-Virtual-Machine kernel: integrity: Platform Keyring initialized
2025-09-11T21:17:19.555973+00:00 anton-QEMU-Virtual-Machine kernel: integrity: Machine keyring initialized
2025-09-11T21:17:19.555974+00:00 anton-QEMU-Virtual-Machine kernel: Key type asymmetric registered
2025-09-11T21:17:19.555974+00:00 anton-QEMU-Virtual-Machine kernel: Asymmetric key parser 'x509' registered
2025-09-11T21:17:19.555974+00:00 anton-QEMU-Virtual-Machine kernel: Block layer SCSI generic (bsg) driver version 0.4 loaded (major 242)
2025-09-11T21:17:19.555975+00:00 anton-QEMU-Virtual-Machine kernel: io scheduler mq-deadline registered
2025-09-11T21:17:19.555976+00:00 anton-QEMU-Virtual-Machine kernel: ledtrig-cpu: registered to indicate activity on CPUs
2025-09-11T21:17:19.555976+00:00 anton-QEMU-Virtual-Machine kernel: shpchp: Standard Hot Plug PCI Controller Driver version: 0.4
2025-09-11T21:17:19.555977+00:00 anton-QEMU-Virtual-Machine kernel: input: Power Button as /devices/LNXSYSTM:00/LNXSYBUS:00/PNP0C0C:00/input/input0
2025-09-11T21:17:19.555977+00:00 anton-QEMU-Virtual-Machine kernel: ACPI: button: Power Button [PWRB]
2025-09-11T21:17:19.555978+00:00 anton-QEMU-Virtual-Machine kernel: ACPI: \_SB_.L001: Enabled at IRQ 36
2025-09-11T21:17:19.555978+00:00 anton-QEMU-Virtual-Machine kernel: virtio-pci 0000:00:01.0: enabling device (0005 -> 0007)
2025-09-11T21:17:19.555979+00:00 anton-QEMU-Virtual-Machine kernel: ACPI: \_SB_.L002: Enabled at IRQ 37
2025-09-11T21:17:19.555980+00:00 anton-QEMU-Virtual-Machine kernel: virtio-pci 0000:00:06.0: enabling device (0005 -> 0007)
2025-09-11T21:17:19.555980+00:00 anton-QEMU-Virtual-Machine kernel: ACPI: \_SB_.L003: Enabled at IRQ 38
2025-09-11T21:17:19.555981+00:00 anton-QEMU-Virtual-Machine kernel: virtio-pci 0000:00:07.0: enabling device (0005 -> 0007)
2025-09-11T21:17:19.555981+00:00 anton-QEMU-Virtual-Machine kernel: ACPI: \_SB_.L000: Enabled at IRQ 35
2025-09-11T21:17:19.555981+00:00 anton-QEMU-Virtual-Machine kernel: virtio-pci 0000:00:08.0: enabling device (0005 -> 0007)
2025-09-11T21:17:19.555983+00:00 anton-QEMU-Virtual-Machine kernel: virtio-pci 0000:00:09.0: enabling device (0005 -> 0007)
2025-09-11T21:17:19.555983+00:00 anton-QEMU-Virtual-Machine kernel: Serial: 8250/16550 driver, 32 ports, IRQ sharing enabled
2025-09-11T21:17:19.555984+00:00 anton-QEMU-Virtual-Machine kernel: msm_serial: driver initialized
2025-09-11T21:17:19.555984+00:00 anton-QEMU-Virtual-Machine kernel: SuperH (H)SCI(F) driver initialized
2025-09-11T21:17:19.555984+00:00 anton-QEMU-Virtual-Machine kernel: loop: module loaded
2025-09-11T21:17:19.555985+00:00 anton-QEMU-Virtual-Machine kernel: virtio_blk virtio2: 4/0/0 default/read/poll queues
2025-09-11T21:17:19.555985+00:00 anton-QEMU-Virtual-Machine kernel: virtio_blk virtio2: [vda] 73400320 512-byte logical blocks (37.6 GB/35.0 GiB)
2025-09-11T21:17:19.555987+00:00 anton-QEMU-Virtual-Machine kernel:  vda: vda1 vda2
2025-09-11T21:17:19.555987+00:00 anton-QEMU-Virtual-Machine kernel: ACPI: bus type drm_connector registered
2025-09-11T21:17:19.555987+00:00 anton-QEMU-Virtual-Machine kernel: tun: Universal TUN/TAP device driver, 1.6
2025-09-11T21:17:19.555988+00:00 anton-QEMU-Virtual-Machine kernel: PPP generic driver version 2.4.2
2025-09-11T21:17:19.555988+00:00 anton-QEMU-Virtual-Machine kernel: xhci_hcd 0000:00:04.0: xHCI Host Controller
2025-09-11T21:17:19.555989+00:00 anton-QEMU-Virtual-Machine kernel: xhci_hcd 0000:00:04.0: new USB bus registered, assigned bus number 1
2025-09-11T21:17:19.555990+00:00 anton-QEMU-Virtual-Machine kernel: xhci_hcd 0000:00:04.0: hcc params 0x00080001 hci version 0x100 quirks 0x0000000000000014
2025-09-11T21:17:19.555990+00:00 anton-QEMU-Virtual-Machine kernel: xhci_hcd 0000:00:04.0: xHCI Host Controller
2025-09-11T21:17:19.556022+00:00 anton-QEMU-Virtual-Machine kernel: xhci_hcd 0000:00:04.0: new USB bus registered, assigned bus number 2
2025-09-11T21:17:19.556023+00:00 anton-QEMU-Virtual-Machine kernel: xhci_hcd 0000:00:04.0: Host supports USB 3.0 SuperSpeed
2025-09-11T21:17:19.556023+00:00 anton-QEMU-Virtual-Machine kernel: usb usb1: New USB device found, idVendor=1d6b, idProduct=0002, bcdDevice= 6.14
2025-09-11T21:17:19.556024+00:00 anton-QEMU-Virtual-Machine kernel: usb usb1: New USB device strings: Mfr=3, Product=2, SerialNumber=1
2025-09-11T21:17:19.556024+00:00 anton-QEMU-Virtual-Machine kernel: usb usb1: Product: xHCI Host Controller
2025-09-11T21:17:19.556026+00:00 anton-QEMU-Virtual-Machine kernel: usb usb1: Manufacturer: Linux 6.14.0-29-generic xhci-hcd
2025-09-11T21:17:19.556031+00:00 anton-QEMU-Virtual-Machine kernel: usb usb1: SerialNumber: 0000:00:04.0
2025-09-11T21:17:19.556031+00:00 anton-QEMU-Virtual-Machine kernel: hub 1-0:1.0: USB hub found
2025-09-11T21:17:19.556032+00:00 anton-QEMU-Virtual-Machine kernel: hub 1-0:1.0: 4 ports detected
2025-09-11T21:17:19.556032+00:00 anton-QEMU-Virtual-Machine kernel: usb usb2: We don't know the algorithms for LPM for this host, disabling LPM.
2025-09-11T21:17:19.556033+00:00 anton-QEMU-Virtual-Machine kernel: usb usb2: New USB device found, idVendor=1d6b, idProduct=0003, bcdDevice= 6.14
2025-09-11T21:17:19.556034+00:00 anton-QEMU-Virtual-Machine kernel: usb usb2: New USB device strings: Mfr=3, Product=2, SerialNumber=1
2025-09-11T21:17:19.556035+00:00 anton-QEMU-Virtual-Machine kernel: usb usb2: Product: xHCI Host Controller
2025-09-11T21:17:19.556035+00:00 anton-QEMU-Virtual-Machine kernel: usb usb2: Manufacturer: Linux 6.14.0-29-generic xhci-hcd
2025-09-11T21:17:19.556035+00:00 anton-QEMU-Virtual-Machine kernel: usb usb2: SerialNumber: 0000:00:04.0
2025-09-11T21:17:19.556036+00:00 anton-QEMU-Virtual-Machine kernel: hub 2-0:1.0: USB hub found
2025-09-11T21:17:19.556036+00:00 anton-QEMU-Virtual-Machine kernel: hub 2-0:1.0: 4 ports detected
2025-09-11T21:17:19.556037+00:00 anton-QEMU-Virtual-Machine kernel: xhci_hcd 0000:00:05.0: xHCI Host Controller
2025-09-11T21:17:19.556038+00:00 anton-QEMU-Virtual-Machine kernel: xhci_hcd 0000:00:05.0: new USB bus registered, assigned bus number 3
2025-09-11T21:17:19.556038+00:00 anton-QEMU-Virtual-Machine kernel: xhci_hcd 0000:00:05.0: hcc params 0x00087001 hci version 0x100 quirks 0x0000000000000010
2025-09-11T21:17:19.556039+00:00 anton-QEMU-Virtual-Machine kernel: xhci_hcd 0000:00:05.0: xHCI Host Controller
2025-09-11T21:17:19.556039+00:00 anton-QEMU-Virtual-Machine kernel: xhci_hcd 0000:00:05.0: new USB bus registered, assigned bus number 4
2025-09-11T21:17:19.556039+00:00 anton-QEMU-Virtual-Machine kernel: xhci_hcd 0000:00:05.0: Host supports USB 3.0 SuperSpeed
2025-09-11T21:17:19.556040+00:00 anton-QEMU-Virtual-Machine kernel: usb usb3: New USB device found, idVendor=1d6b, idProduct=0002, bcdDevice= 6.14
2025-09-11T21:17:19.556041+00:00 anton-QEMU-Virtual-Machine kernel: usb usb3: New USB device strings: Mfr=3, Product=2, SerialNumber=1
2025-09-11T21:17:19.556042+00:00 anton-QEMU-Virtual-Machine kernel: usb usb3: Product: xHCI Host Controller
2025-09-11T21:17:19.556042+00:00 anton-QEMU-Virtual-Machine kernel: usb usb3: Manufacturer: Linux 6.14.0-29-generic xhci-hcd
2025-09-11T21:17:19.556042+00:00 anton-QEMU-Virtual-Machine kernel: usb usb3: SerialNumber: 0000:00:05.0
2025-09-11T21:17:19.556043+00:00 anton-QEMU-Virtual-Machine kernel: hub 3-0:1.0: USB hub found
2025-09-11T21:17:19.556043+00:00 anton-QEMU-Virtual-Machine kernel: hub 3-0:1.0: 4 ports detected
2025-09-11T21:17:19.556045+00:00 anton-QEMU-Virtual-Machine kernel: usb usb4: We don't know the algorithms for LPM for this host, disabling LPM.
2025-09-11T21:17:19.556045+00:00 anton-QEMU-Virtual-Machine kernel: usb usb4: New USB device found, idVendor=1d6b, idProduct=0003, bcdDevice= 6.14
2025-09-11T21:17:19.556045+00:00 anton-QEMU-Virtual-Machine kernel: usb usb4: New USB device strings: Mfr=3, Product=2, SerialNumber=1
2025-09-11T21:17:19.556046+00:00 anton-QEMU-Virtual-Machine kernel: usb usb4: Product: xHCI Host Controller
2025-09-11T21:17:19.556046+00:00 anton-QEMU-Virtual-Machine kernel: usb usb4: Manufacturer: Linux 6.14.0-29-generic xhci-hcd
2025-09-11T21:17:19.556047+00:00 anton-QEMU-Virtual-Machine kernel: usb usb4: SerialNumber: 0000:00:05.0
2025-09-11T21:17:19.556047+00:00 anton-QEMU-Virtual-Machine kernel: hub 4-0:1.0: USB hub found
2025-09-11T21:17:19.556048+00:00 anton-QEMU-Virtual-Machine kernel: hub 4-0:1.0: 4 ports detected
2025-09-11T21:17:19.556049+00:00 anton-QEMU-Virtual-Machine kernel: mousedev: PS/2 mouse device common for all mice
2025-09-11T21:17:19.556049+00:00 anton-QEMU-Virtual-Machine kernel: rtc-efi rtc-efi.0: registered as rtc0
2025-09-11T21:17:19.556049+00:00 anton-QEMU-Virtual-Machine kernel: rtc-efi rtc-efi.0: setting system clock to 2025-09-11T21:17:11 UTC (1757625431)
2025-09-11T21:17:19.556050+00:00 anton-QEMU-Virtual-Machine kernel: i2c_dev: i2c /dev entries driver
2025-09-11T21:17:19.556050+00:00 anton-QEMU-Virtual-Machine kernel: device-mapper: core: CONFIG_IMA_DISABLE_HTABLE is disabled. Duplicate IMA measurements will not be recorded in the IMA log.
2025-09-11T21:17:19.556052+00:00 anton-QEMU-Virtual-Machine kernel: device-mapper: uevent: version 1.0.3
2025-09-11T21:17:19.556052+00:00 anton-QEMU-Virtual-Machine kernel: device-mapper: ioctl: 4.49.0-ioctl (2025-01-17) initialised: dm-devel@lists.linux.dev
2025-09-11T21:17:19.556052+00:00 anton-QEMU-Virtual-Machine kernel: drop_monitor: Initializing network drop monitor service
2025-09-11T21:17:19.556053+00:00 anton-QEMU-Virtual-Machine kernel: NET: Registered PF_INET6 protocol family
2025-09-11T21:17:19.556053+00:00 anton-QEMU-Virtual-Machine kernel: Freeing initrd memory: 78460K
2025-09-11T21:17:19.556053+00:00 anton-QEMU-Virtual-Machine kernel: Segment Routing with IPv6
2025-09-11T21:17:19.556055+00:00 anton-QEMU-Virtual-Machine kernel: In-situ OAM (IOAM) with IPv6
2025-09-11T21:17:19.556055+00:00 anton-QEMU-Virtual-Machine kernel: NET: Registered PF_PACKET protocol family
2025-09-11T21:17:19.556056+00:00 anton-QEMU-Virtual-Machine kernel: Key type dns_resolver registered
2025-09-11T21:17:19.556056+00:00 anton-QEMU-Virtual-Machine kernel: registered taskstats version 1
2025-09-11T21:17:19.556056+00:00 anton-QEMU-Virtual-Machine kernel: Loading compiled-in X.509 certificates
2025-09-11T21:17:19.556057+00:00 anton-QEMU-Virtual-Machine kernel: Loaded X.509 cert 'Build time autogenerated kernel key: c62144d01149e5949fb5d9c1a77fb018abf38dec'
2025-09-11T21:17:19.556057+00:00 anton-QEMU-Virtual-Machine kernel: Loaded X.509 cert 'Canonical Ltd. Live Patch Signing 2025 Kmod: d541cef61dc7e793b7eb7e899970a2eef0b5dc8c'
2025-09-11T21:17:19.556059+00:00 anton-QEMU-Virtual-Machine kernel: Loaded X.509 cert 'Canonical Ltd. Live Patch Signing: 14df34d1a87cf37625abec039ef2bf521249b969'
2025-09-11T21:17:19.556059+00:00 anton-QEMU-Virtual-Machine kernel: Loaded X.509 cert 'Canonical Ltd. Kernel Module Signing: 88f752e560a1e0737e31163a466ad7b70a850c19'
2025-09-11T21:17:19.556135+00:00 anton-QEMU-Virtual-Machine kernel: blacklist: Loading compiled-in revocation X.509 certificates
2025-09-11T21:17:19.556137+00:00 anton-QEMU-Virtual-Machine kernel: Loaded X.509 cert 'Canonical Ltd. Secure Boot Signing: 61482aa2830d0ab2ad5af10b7250da9033ddcef0'
2025-09-11T21:17:19.556138+00:00 anton-QEMU-Virtual-Machine kernel: Loaded X.509 cert 'Canonical Ltd. Secure Boot Signing (2017): 242ade75ac4a15e50d50c84b0d45ff3eae707a03'
2025-09-11T21:17:19.556139+00:00 anton-QEMU-Virtual-Machine kernel: Loaded X.509 cert 'Canonical Ltd. Secure Boot Signing (ESM 2018): 365188c1d374d6b07c3c8f240f8ef722433d6a8b'
2025-09-11T21:17:19.556153+00:00 anton-QEMU-Virtual-Machine kernel: Loaded X.509 cert 'Canonical Ltd. Secure Boot Signing (2019): c0746fd6c5da3ae827864651ad66ae47fe24b3e8'
2025-09-11T21:17:19.556154+00:00 anton-QEMU-Virtual-Machine kernel: Loaded X.509 cert 'Canonical Ltd. Secure Boot Signing (2021 v1): a8d54bbb3825cfb94fa13c9f8a594a195c107b8d'
2025-09-11T21:17:19.556155+00:00 anton-QEMU-Virtual-Machine kernel: Loaded X.509 cert 'Canonical Ltd. Secure Boot Signing (2021 v2): 4cf046892d6fd3c9a5b03f98d845f90851dc6a8c'
2025-09-11T21:17:19.556156+00:00 anton-QEMU-Virtual-Machine kernel: Loaded X.509 cert 'Canonical Ltd. Secure Boot Signing (2021 v3): 100437bb6de6e469b581e61cd66bce3ef4ed53af'
2025-09-11T21:17:19.556157+00:00 anton-QEMU-Virtual-Machine kernel: Loaded X.509 cert 'Canonical Ltd. Secure Boot Signing (Ubuntu Core 2019): c1d57b8f6b743f23ee41f4f7ee292f06eecadfb9'
2025-09-11T21:17:19.556160+00:00 anton-QEMU-Virtual-Machine kernel: Demotion targets for Node 0: null
2025-09-11T21:17:19.556161+00:00 anton-QEMU-Virtual-Machine kernel: Key type .fscrypt registered
2025-09-11T21:17:19.556162+00:00 anton-QEMU-Virtual-Machine kernel: Key type fscrypt-provisioning registered
2025-09-11T21:17:19.556163+00:00 anton-QEMU-Virtual-Machine kernel: Key type encrypted registered
2025-09-11T21:17:19.556164+00:00 anton-QEMU-Virtual-Machine kernel: AppArmor: AppArmor sha256 policy hashing enabled
2025-09-11T21:17:19.556164+00:00 anton-QEMU-Virtual-Machine kernel: integrity: Loading X.509 certificate: UEFI:db
2025-09-11T21:17:19.556168+00:00 anton-QEMU-Virtual-Machine kernel: integrity: Loaded X.509 cert 'Microsoft Windows Production PCA 2011: a92902398e16c49778cd90f99e4f9ae17c55af53'
2025-09-11T21:17:19.556169+00:00 anton-QEMU-Virtual-Machine kernel: integrity: Loading X.509 certificate: UEFI:db
2025-09-11T21:17:19.556170+00:00 anton-QEMU-Virtual-Machine kernel: integrity: Loaded X.509 cert 'Microsoft Corporation UEFI CA 2011: 13adbf4309bd82709c8cd54f316ed522988a1bd4'
2025-09-11T21:17:19.556171+00:00 anton-QEMU-Virtual-Machine kernel: ima: secureboot mode disabled
2025-09-11T21:17:19.556171+00:00 anton-QEMU-Virtual-Machine kernel: ima: No TPM chip found, activating TPM-bypass!
2025-09-11T21:17:19.556172+00:00 anton-QEMU-Virtual-Machine kernel: Loading compiled-in module X.509 certificates
2025-09-11T21:17:19.556175+00:00 anton-QEMU-Virtual-Machine kernel: Loaded X.509 cert 'Build time autogenerated kernel key: c62144d01149e5949fb5d9c1a77fb018abf38dec'
2025-09-11T21:17:19.556176+00:00 anton-QEMU-Virtual-Machine kernel: ima: Allocated hash algorithm: sha256
2025-09-11T21:17:19.556177+00:00 anton-QEMU-Virtual-Machine kernel: ima: No architecture policies found
2025-09-11T21:17:19.556178+00:00 anton-QEMU-Virtual-Machine kernel: evm: Initialising EVM extended attributes:
2025-09-11T21:17:19.556178+00:00 anton-QEMU-Virtual-Machine kernel: evm: security.selinux
2025-09-11T21:17:19.555662+00:00 anton-QEMU-Virtual-Machine systemd[1]: Finished systemd-tmpfiles-setup-dev.service - Create Static Device Nodes in /dev.
2025-09-11T21:17:19.556909+00:00 anton-QEMU-Virtual-Machine systemd[1]: Reached target local-fs-pre.target - Preparation for Local File Systems.
2025-09-11T21:17:19.556927+00:00 anton-QEMU-Virtual-Machine systemd[1]: Starting systemd-udevd.service - Rule-based Manager for Device Events and Files...
2025-09-11T21:17:19.556933+00:00 anton-QEMU-Virtual-Machine systemd[1]: Started systemd-timesyncd.service - Network Time Synchronization.
2025-09-11T21:17:19.557050+00:00 anton-QEMU-Virtual-Machine systemd[1]: Reached target time-set.target - System Time Set.
2025-09-11T21:17:19.557053+00:00 anton-QEMU-Virtual-Machine systemd-udevd[389]: Using default interface naming scheme 'v257'.
2025-09-11T21:17:19.557055+00:00 anton-QEMU-Virtual-Machine systemd-resolved[379]: Positive Trust Anchors:
2025-09-11T21:17:19.557058+00:00 anton-QEMU-Virtual-Machine systemd-resolved[379]: . IN DS 20326 8 2 e06d44b80b8f1d39a95c0b0d7c65d08458e880409bbc683457104237c7f8ec8d
2025-09-11T21:17:19.557060+00:00 anton-QEMU-Virtual-Machine systemd-resolved[379]: . IN DS 38696 8 2 683d2d0acb8c9b712a1948b27f741219298d0a450d612c483af444a4c0fb2b16
2025-09-11T21:17:19.557062+00:00 anton-QEMU-Virtual-Machine systemd-resolved[379]: Negative trust anchors: home.arpa 10.in-addr.arpa 16.172.in-addr.arpa 17.172.in-addr.arpa 18.172.in-addr.arpa 19.172.in-addr.arpa 20.172.in-addr.arpa 21.172.in-addr.arpa 22.172.in-addr.arpa 23.172.in-addr.arpa 24.172.in-addr.arpa 25.172.in-addr.arpa 26.172.in-addr.arpa 27.172.in-addr.arpa 28.172.in-addr.arpa 29.172.in-addr.arpa 30.172.in-addr.arpa 31.172.in-addr.arpa 170.0.0.192.in-addr.arpa 171.0.0.192.in-addr.arpa 168.192.in-addr.arpa d.f.ip6.arpa ipv4only.arpa resolver.arpa corp home internal intranet lan local private test
2025-09-11T21:17:19.557064+00:00 anton-QEMU-Virtual-Machine systemd-resolved[379]: Using system hostname 'anton-QEMU-Virtual-Machine'.
2025-09-11T21:17:19.557066+00:00 anton-QEMU-Virtual-Machine systemd[1]: Started systemd-resolved.service - Network Name Resolution.
2025-09-11T21:17:19.557068+00:00 anton-QEMU-Virtual-Machine systemd[1]: Reached target nss-lookup.target - Host and Network Name Lookups.
2025-09-11T21:17:19.557069+00:00 anton-QEMU-Virtual-Machine systemd-udevd[389]: /usr/lib/udev/rules.d/90-alsa-restore.rules:16 GOTO="alsa_restore_std" has no matching label, ignoring.
2025-09-11T21:17:19.557070+00:00 anton-QEMU-Virtual-Machine systemd-udevd[389]: /usr/lib/udev/rules.d/90-alsa-restore.rules:16 The line has no effect any more, dropping.
2025-09-11T21:17:19.557073+00:00 anton-QEMU-Virtual-Machine systemd-udevd[389]: /usr/lib/udev/rules.d/90-alsa-restore.rules:20 GOTO="alsa_restore_std" has no matching label, ignoring.
2025-09-11T21:17:19.557074+00:00 anton-QEMU-Virtual-Machine systemd-udevd[389]: /usr/lib/udev/rules.d/90-alsa-restore.rules:20 The line has no effect any more, dropping.
2025-09-11T21:17:19.557075+00:00 anton-QEMU-Virtual-Machine systemd[1]: Started systemd-udevd.service - Rule-based Manager for Device Events and Files.
2025-09-11T21:17:19.557077+00:00 anton-QEMU-Virtual-Machine systemd[1]: Starting plymouth-start.service - Show Plymouth Boot Screen...
2025-09-11T21:17:19.557080+00:00 anton-QEMU-Virtual-Machine systemd[1]: Found device dev-ttyAMA0.device - /dev/ttyAMA0.
2025-09-11T21:17:19.557688+00:00 anton-QEMU-Virtual-Machine systemd[1]: Started plymouth-start.service - Show Plymouth Boot Screen.
2025-09-11T21:17:19.557693+00:00 anton-QEMU-Virtual-Machine systemd[1]: systemd-ask-password-console.path - Dispatch Password Requests to Console Directory Watch was skipped because of an unmet condition check (ConditionPathExists=!/run/plymouth/pid).
2025-09-11T21:17:19.557695+00:00 anton-QEMU-Virtual-Machine systemd[1]: Started systemd-ask-password-plymouth.path - Forward Password Requests to Plymouth Directory Watch.
2025-09-11T21:17:19.557697+00:00 anton-QEMU-Virtual-Machine systemd[1]: Reached target cryptsetup.target - Local Encrypted Volumes.
2025-09-11T21:17:19.557704+00:00 anton-QEMU-Virtual-Machine (udev-worker)[414]: vda: Process '/usr/bin/unshare -m /usr/bin/snap auto-import --mount=/dev/vda' failed with exit code 1.
2025-09-11T21:17:19.557707+00:00 anton-QEMU-Virtual-Machine (udev-worker)[400]: vda2: Process '/usr/bin/unshare -m /usr/bin/snap auto-import --mount=/dev/vda2' failed with exit code 1.
2025-09-11T21:17:19.557712+00:00 anton-QEMU-Virtual-Machine mtp-probe: checking bus 1, device 4: "/sys/devices/pci0000:00/0000:00:04.0/usb1/1-3"
2025-09-11T21:17:19.557714+00:00 anton-QEMU-Virtual-Machine mtp-probe: bus: 1, device: 4 was not an MTP device
2025-09-11T21:17:19.557716+00:00 anton-QEMU-Virtual-Machine mtp-probe: checking bus 1, device 2: "/sys/devices/pci0000:00/0000:00:04.0/usb1/1-1"
2025-09-11T21:17:19.557717+00:00 anton-QEMU-Virtual-Machine mtp-probe: bus: 1, device: 2 was not an MTP device
2025-09-11T21:17:19.557719+00:00 anton-QEMU-Virtual-Machine mtp-probe: checking bus 1, device 3: "/sys/devices/pci0000:00/0000:00:04.0/usb1/1-2"
2025-09-11T21:17:19.557721+00:00 anton-QEMU-Virtual-Machine mtp-probe: bus: 1, device: 3 was not an MTP device
2025-09-11T21:17:19.557723+00:00 anton-QEMU-Virtual-Machine (udev-worker)[414]: vda1: Process '/usr/bin/unshare -m /usr/bin/snap auto-import --mount=/dev/vda1' failed with exit code 1.
2025-09-11T21:17:19.557725+00:00 anton-QEMU-Virtual-Machine systemd[1]: Found device dev-disk-by\x2duuid-95A0\x2d17D5.device - /dev/disk/by-uuid/95A0-17D5.
2025-09-11T21:17:19.557727+00:00 anton-QEMU-Virtual-Machine systemd[1]: Starting systemd-fsck@dev-disk-by\x2duuid-95A0\x2d17D5.service - File System Check on /dev/disk/by-uuid/95A0-17D5...
2025-09-11T21:17:19.557728+00:00 anton-QEMU-Virtual-Machine systemd[1]: Started systemd-fsckd.service - File System Check Daemon to report status.
2025-09-11T21:17:19.557730+00:00 anton-QEMU-Virtual-Machine systemd-fsck[435]: fsck.fat 4.2 (2021-01-31)
2025-09-11T21:17:19.557732+00:00 anton-QEMU-Virtual-Machine systemd-fsck[435]: /dev/vda1: 11 files, 1629/274657 clusters
2025-09-11T21:17:19.557735+00:00 anton-QEMU-Virtual-Machine systemd[1]: Finished systemd-fsck@dev-disk-by\x2duuid-95A0\x2d17D5.service - File System Check on /dev/disk/by-uuid/95A0-17D5.
2025-09-11T21:17:19.557737+00:00 anton-QEMU-Virtual-Machine mtp-probe: checking bus 1, device 6: "/sys/devices/pci0000:00/0000:00:04.0/usb1/1-4/1-4.1"
2025-09-11T21:17:19.557738+00:00 anton-QEMU-Virtual-Machine systemd[1]: systemd-ask-password-console.path - Dispatch Password Requests to Console Directory Watch was skipped because of an unmet condition check (ConditionPathExists=!/run/plymouth/pid).
2025-09-11T21:17:19.557740+00:00 anton-QEMU-Virtual-Machine systemd[1]: Starting modprobe@efi_pstore.service - Load Kernel Module efi_pstore...
2025-09-11T21:17:19.557765+00:00 anton-QEMU-Virtual-Machine systemd[1]: systemd-fsck-root.service - File System Check on Root Device was skipped because of an unmet condition check (ConditionPathExists=!/run/initramfs/fsck-root).
2025-09-11T21:17:19.557774+00:00 anton-QEMU-Virtual-Machine systemd[1]: systemd-hibernate-clear.service - Clear Stale Hibernate Storage Info was skipped because of an unmet condition check (ConditionPathExists=/sys/firmware/efi/efivars/HibernateLocation-8cf2644b-4b0b-428f-9387-6d876050dc67).
2025-09-11T21:17:19.557776+00:00 anton-QEMU-Virtual-Machine systemd[1]: systemd-hwdb-update.service - Rebuild Hardware Database was skipped because no trigger condition checks were met.
2025-09-11T21:17:19.557778+00:00 anton-QEMU-Virtual-Machine systemd[1]: systemd-pcrmachine.service - TPM PCR Machine ID Measurement was skipped because of an unmet condition check (ConditionSecurity=measured-uki).
2025-09-11T21:17:19.557779+00:00 anton-QEMU-Virtual-Machine systemd[1]: systemd-tpm2-setup-early.service - Early TPM SRK Setup was skipped because of an unmet condition check (ConditionSecurity=measured-uki).
2025-09-11T21:17:19.557781+00:00 anton-QEMU-Virtual-Machine systemd[1]: systemd-tpm2-setup.service - TPM SRK Setup was skipped because of an unmet condition check (ConditionSecurity=measured-uki).
2025-09-11T21:17:19.557791+00:00 anton-QEMU-Virtual-Machine mtp-probe: bus: 1, device: 6 was not an MTP device
2025-09-11T21:17:19.557793+00:00 anton-QEMU-Virtual-Machine systemd[1]: modprobe@efi_pstore.service: Deactivated successfully.
2025-09-11T21:17:19.557795+00:00 anton-QEMU-Virtual-Machine systemd[1]: Finished modprobe@efi_pstore.service - Load Kernel Module efi_pstore.
2025-09-11T21:17:19.557805+00:00 anton-QEMU-Virtual-Machine systemd[1]: systemd-pstore.service - Platform Persistent Storage Archival was skipped because of an unmet condition check (ConditionDirectoryNotEmpty=/sys/fs/pstore).
2025-09-11T21:17:19.557808+00:00 anton-QEMU-Virtual-Machine systemd[1]: Listening on systemd-rfkill.socket - Load/Save RF Kill Switch Status /dev/rfkill Watch.
2025-09-11T21:17:19.557811+00:00 anton-QEMU-Virtual-Machine systemd[1]: Started cloud-init-main.service - Cloud-init: Single Process.
2025-09-11T21:17:19.557813+00:00 anton-QEMU-Virtual-Machine systemd[1]: Starting cloud-init-local.service - Cloud-init: Local Stage (pre-network)...
2025-09-11T21:17:19.557815+00:00 anton-QEMU-Virtual-Machine cloud-init[615]: Cloud-init v. 25.1.4-0ubuntu0~25.04.1 running 'init-local' at Thu, 11 Sep 2025 21:17:13 +0000. Up 2.42 seconds.
2025-09-11T21:17:19.557817+00:00 anton-QEMU-Virtual-Machine (udev-worker)[393]: controlC0: Process '/usr/sbin/alsactl -E HOME=/run/alsa -E XDG_RUNTIME_DIR=/run/alsa/runtime restore ' failed with exit code 99.
2025-09-11T21:17:19.557819+00:00 anton-QEMU-Virtual-Machine systemd[1]: systemd-ask-password-console.path - Dispatch Password Requests to Console Directory Watch was skipped because of an unmet condition check (ConditionPathExists=!/run/plymouth/pid).
2025-09-11T21:17:19.557822+00:00 anton-QEMU-Virtual-Machine systemd[1]: Starting modprobe@efi_pstore.service - Load Kernel Module efi_pstore...
2025-09-11T21:17:19.557823+00:00 anton-QEMU-Virtual-Machine systemd[1]: systemd-fsck-root.service - File System Check on Root Device was skipped because of an unmet condition check (ConditionPathExists=!/run/initramfs/fsck-root).
2025-09-11T21:17:19.557825+00:00 anton-QEMU-Virtual-Machine systemd[1]: systemd-hibernate-clear.service - Clear Stale Hibernate Storage Info was skipped because of an unmet condition check (ConditionPathExists=/sys/firmware/efi/efivars/HibernateLocation-8cf2644b-4b0b-428f-9387-6d876050dc67).
2025-09-11T21:17:19.557827+00:00 anton-QEMU-Virtual-Machine systemd[1]: systemd-hwdb-update.service - Rebuild Hardware Database was skipped because no trigger condition checks were met.
2025-09-11T21:17:19.557828+00:00 anton-QEMU-Virtual-Machine systemd[1]: systemd-pcrmachine.service - TPM PCR Machine ID Measurement was skipped because of an unmet condition check (ConditionSecurity=measured-uki).
2025-09-11T21:17:19.557832+00:00 anton-QEMU-Virtual-Machine systemd[1]: systemd-tpm2-setup-early.service - Early TPM SRK Setup was skipped because of an unmet condition check (ConditionSecurity=measured-uki).
2025-09-11T21:17:19.557833+00:00 anton-QEMU-Virtual-Machine systemd[1]: systemd-tpm2-setup.service - TPM SRK Setup was skipped because of an unmet condition check (ConditionSecurity=measured-uki).
2025-09-11T21:17:19.557835+00:00 anton-QEMU-Virtual-Machine systemd[1]: modprobe@efi_pstore.service: Deactivated successfully.
2025-09-11T21:17:19.557837+00:00 anton-QEMU-Virtual-Machine systemd[1]: Finished modprobe@efi_pstore.service - Load Kernel Module efi_pstore.
2025-09-11T21:17:19.557839+00:00 anton-QEMU-Virtual-Machine systemd[1]: systemd-pstore.service - Platform Persistent Storage Archival was skipped because of an unmet condition check (ConditionDirectoryNotEmpty=/sys/fs/pstore).
2025-09-11T21:17:19.557841+00:00 anton-QEMU-Virtual-Machine systemd[1]: netplan-ovs-cleanup.service - OpenVSwitch configuration for cleanup was skipped because of an unmet condition check (ConditionFileIsExecutable=/usr/bin/ovs-vsctl).
2025-09-11T21:17:19.557843+00:00 anton-QEMU-Virtual-Machine systemd-udevd[389]: /usr/lib/udev/rules.d/90-alsa-restore.rules:16 GOTO="alsa_restore_std" has no matching label, ignoring.
2025-09-11T21:17:19.557844+00:00 anton-QEMU-Virtual-Machine systemd-udevd[389]: /usr/lib/udev/rules.d/90-alsa-restore.rules:16 The line has no effect any more, dropping.
2025-09-11T21:17:19.557846+00:00 anton-QEMU-Virtual-Machine systemd-udevd[389]: /usr/lib/udev/rules.d/90-alsa-restore.rules:20 GOTO="alsa_restore_std" has no matching label, ignoring.
2025-09-11T21:17:19.557848+00:00 anton-QEMU-Virtual-Machine systemd-udevd[389]: /usr/lib/udev/rules.d/90-alsa-restore.rules:20 The line has no effect any more, dropping.
2025-09-11T21:17:19.557850+00:00 anton-QEMU-Virtual-Machine systemd[1]: Reload requested from client PID 631 ('systemctl') (unit cloud-init-main.service)...
2025-09-11T21:17:19.557852+00:00 anton-QEMU-Virtual-Machine systemd[1]: Reloading...
2025-09-11T21:17:19.557854+00:00 anton-QEMU-Virtual-Machine systemd-timesyncd[380]: Network configuration changed, trying to establish connection.
2025-09-11T21:17:19.557855+00:00 anton-QEMU-Virtual-Machine systemd[1]: Reloading finished in 114 ms.
2025-09-11T21:17:19.557857+00:00 anton-QEMU-Virtual-Machine sh[579]: Completed socket interaction for boot stage local
2025-09-11T21:17:19.557859+00:00 anton-QEMU-Virtual-Machine systemd[1]: Finished cloud-init-local.service - Cloud-init: Local Stage (pre-network).
2025-09-11T21:17:19.557860+00:00 anton-QEMU-Virtual-Machine systemd[1]: Mounting boot-efi.mount - /boot/efi...
2025-09-11T21:17:19.557862+00:00 anton-QEMU-Virtual-Machine systemd[1]: Mounting snap-bare-5.mount - Mount unit for bare, revision 5...
2025-09-11T21:17:19.557864+00:00 anton-QEMU-Virtual-Machine systemd[1]: Mounting snap-core22-1912.mount - Mount unit for core22, revision 1912...
2025-09-11T21:17:19.557866+00:00 anton-QEMU-Virtual-Machine systemd[1]: Mounting snap-desktop\x2dsecurity\x2dcenter-60.mount - Mount unit for desktop-security-center, revision 60...
2025-09-11T21:17:19.557868+00:00 anton-QEMU-Virtual-Machine systemd[1]: Mounting snap-firefox-6039.mount - Mount unit for firefox, revision 6039...
2025-09-11T21:17:19.557869+00:00 anton-QEMU-Virtual-Machine systemd[1]: Mounting snap-gnome\x2d42\x2d2204-201.mount - Mount unit for gnome-42-2204, revision 201...
2025-09-11T21:17:19.557871+00:00 anton-QEMU-Virtual-Machine systemd[1]: Mounting snap-gtk\x2dcommon\x2dthemes-1535.mount - Mount unit for gtk-common-themes, revision 1535...
2025-09-11T21:17:19.557873+00:00 anton-QEMU-Virtual-Machine systemd[1]: Mounting snap-prompting\x2dclient-105.mount - Mount unit for prompting-client, revision 105...
2025-09-11T21:17:19.557875+00:00 anton-QEMU-Virtual-Machine systemd[1]: Mounting snap-snap\x2dstore-1271.mount - Mount unit for snap-store, revision 1271...
2025-09-11T21:17:19.557878+00:00 anton-QEMU-Virtual-Machine systemd[1]: Mounting snap-snapd-23772.mount - Mount unit for snapd, revision 23772...
2025-09-11T21:17:19.557879+00:00 anton-QEMU-Virtual-Machine systemd[1]: Mounting snap-snapd\x2ddesktop\x2dintegration-255.mount - Mount unit for snapd-desktop-integration, revision 255...
2025-09-11T21:17:19.557881+00:00 anton-QEMU-Virtual-Machine systemd[1]: Mounting tmp.mount - Temporary Directory /tmp...
2025-09-11T21:17:19.557883+00:00 anton-QEMU-Virtual-Machine systemd[1]: Mounted boot-efi.mount - /boot/efi.
2025-09-11T21:17:19.557884+00:00 anton-QEMU-Virtual-Machine systemd[1]: Mounted snap-bare-5.mount - Mount unit for bare, revision 5.
2025-09-11T21:17:19.557886+00:00 anton-QEMU-Virtual-Machine systemd[1]: Mounted snap-core22-1912.mount - Mount unit for core22, revision 1912.
2025-09-11T21:17:19.557887+00:00 anton-QEMU-Virtual-Machine systemd[1]: Mounted snap-desktop\x2dsecurity\x2dcenter-60.mount - Mount unit for desktop-security-center, revision 60.
2025-09-11T21:17:19.557889+00:00 anton-QEMU-Virtual-Machine systemd[1]: Mounted snap-firefox-6039.mount - Mount unit for firefox, revision 6039.
2025-09-11T21:17:19.557890+00:00 anton-QEMU-Virtual-Machine systemd[1]: Mounted snap-gnome\x2d42\x2d2204-201.mount - Mount unit for gnome-42-2204, revision 201.
2025-09-11T21:17:19.557892+00:00 anton-QEMU-Virtual-Machine systemd[1]: Mounted snap-gtk\x2dcommon\x2dthemes-1535.mount - Mount unit for gtk-common-themes, revision 1535.
2025-09-11T21:17:19.557893+00:00 anton-QEMU-Virtual-Machine systemd[1]: Mounted snap-prompting\x2dclient-105.mount - Mount unit for prompting-client, revision 105.
2025-09-11T21:17:19.557895+00:00 anton-QEMU-Virtual-Machine systemd[1]: Mounted snap-snap\x2dstore-1271.mount - Mount unit for snap-store, revision 1271.
2025-09-11T21:17:19.557896+00:00 anton-QEMU-Virtual-Machine systemd[1]: Mounted snap-snapd-23772.mount - Mount unit for snapd, revision 23772.
2025-09-11T21:17:19.557898+00:00 anton-QEMU-Virtual-Machine systemd[1]: Mounted tmp.mount - Temporary Directory /tmp.
2025-09-11T21:17:19.557900+00:00 anton-QEMU-Virtual-Machine systemd[1]: Mounted snap-snapd\x2ddesktop\x2dintegration-255.mount - Mount unit for snapd-desktop-integration, revision 255.
2025-09-11T21:17:19.557902+00:00 anton-QEMU-Virtual-Machine systemd[1]: Reached target snapd.mounts.target - Mounted snaps.
2025-09-11T21:17:19.557903+00:00 anton-QEMU-Virtual-Machine systemd[1]: Reached target local-fs.target - Local File Systems.
2025-09-11T21:17:19.557905+00:00 anton-QEMU-Virtual-Machine systemd[1]: Listening on systemd-sysext.socket - System Extension Image Management.
2025-09-11T21:17:19.557906+00:00 anton-QEMU-Virtual-Machine systemd-timesyncd[380]: Network configuration changed, trying to establish connection.
2025-09-11T21:17:19.557908+00:00 anton-QEMU-Virtual-Machine systemd[1]: Starting apparmor.service - Load AppArmor profiles...
2025-09-11T21:17:19.557910+00:00 anton-QEMU-Virtual-Machine systemd[1]: Starting console-setup.service - Set console font and keymap...
2025-09-11T21:17:19.557911+00:00 anton-QEMU-Virtual-Machine systemd[1]: Starting kdump-tools.service - Kernel crash dump capture service...
2025-09-11T21:17:19.557913+00:00 anton-QEMU-Virtual-Machine systemd[1]: Starting plymouth-read-write.service - Tell Plymouth To Write Out Runtime Data...
2025-09-11T21:17:19.557914+00:00 anton-QEMU-Virtual-Machine systemd[1]: Starting systemd-binfmt.service - Set Up Additional Binary Formats...
2025-09-11T21:17:19.557915+00:00 anton-QEMU-Virtual-Machine systemd[1]: Starting systemd-tmpfiles-setup.service - Create System Files and Directories...
2025-09-11T21:17:19.557918+00:00 anton-QEMU-Virtual-Machine systemd[1]: Starting ufw.service - Uncomplicated firewall...
2025-09-11T21:17:19.557920+00:00 anton-QEMU-Virtual-Machine apparmor.systemd[715]: Restarting AppArmor
2025-09-11T21:17:19.557921+00:00 anton-QEMU-Virtual-Machine systemd[1]: Finished console-setup.service - Set console font and keymap.
2025-09-11T21:17:19.557922+00:00 anton-QEMU-Virtual-Machine apparmor.systemd[715]: Reloading AppArmor profiles
2025-09-11T21:17:19.557924+00:00 anton-QEMU-Virtual-Machine systemd-tmpfiles[722]: /usr/lib/tmpfiles.d/legacy.conf:14: Duplicate line for path "/run/lock", ignoring.
2025-09-11T21:17:19.557926+00:00 anton-QEMU-Virtual-Machine systemd[1]: Finished ufw.service - Uncomplicated firewall.
2025-09-11T21:17:19.557928+00:00 anton-QEMU-Virtual-Machine systemd[1]: proc-sys-fs-binfmt_misc.automount: Got automount request for /proc/sys/fs/binfmt_misc, triggered by 721 (systemd-binfmt)
2025-09-11T21:17:19.557929+00:00 anton-QEMU-Virtual-Machine systemd[1]: Received SIGRTMIN+20 from PID 234 (plymouthd).
2025-09-11T21:17:19.557931+00:00 anton-QEMU-Virtual-Machine systemd-timesyncd[380]: Network configuration changed, trying to establish connection.
2025-09-11T21:17:19.557932+00:00 anton-QEMU-Virtual-Machine systemd[1]: Finished plymouth-read-write.service - Tell Plymouth To Write Out Runtime Data.
2025-09-11T21:17:19.557934+00:00 anton-QEMU-Virtual-Machine systemd[1]: Reached target network-pre.target - Preparation for Network.
2025-09-11T21:17:19.557935+00:00 anton-QEMU-Virtual-Machine systemd[1]: Mounting proc-sys-fs-binfmt_misc.mount - Arbitrary Executable File Formats File System...
2025-09-11T21:17:19.557938+00:00 anton-QEMU-Virtual-Machine systemd-timesyncd[380]: Network configuration changed, trying to establish connection.
2025-09-11T21:17:19.557972+00:00 anton-QEMU-Virtual-Machine systemd-timesyncd[380]: message repeated 3 times: [ Network configuration changed, trying to establish connection.]
2025-09-11T21:17:19.557974+00:00 anton-QEMU-Virtual-Machine systemd[1]: Finished systemd-tmpfiles-setup.service - Create System Files and Directories.
2025-09-11T21:17:19.557980+00:00 anton-QEMU-Virtual-Machine systemd[1]: Mounted proc-sys-fs-binfmt_misc.mount - Arbitrary Executable File Formats File System.
2025-09-11T21:17:19.557982+00:00 anton-QEMU-Virtual-Machine systemd[1]: Finished systemd-binfmt.service - Set Up Additional Binary Formats.
2025-09-11T21:17:19.557983+00:00 anton-QEMU-Virtual-Machine systemd[1]: Starting ldconfig.service - Rebuild Dynamic Linker Cache...
2025-09-11T21:17:19.557985+00:00 anton-QEMU-Virtual-Machine systemd[1]: systemd-firstboot.service - First Boot Wizard was skipped because of an unmet condition check (ConditionFirstBoot=yes).
2025-09-11T21:17:19.557987+00:00 anton-QEMU-Virtual-Machine systemd[1]: first-boot-complete.target - First Boot Complete was skipped because of an unmet condition check (ConditionFirstBoot=yes).
2025-09-11T21:17:19.557988+00:00 anton-QEMU-Virtual-Machine systemd[1]: Starting systemd-journal-catalog-update.service - Rebuild Journal Catalog...
2025-09-11T21:17:19.557990+00:00 anton-QEMU-Virtual-Machine systemd[1]: systemd-machine-id-commit.service - Save Transient machine-id to Disk was skipped because of an unmet condition check (ConditionPathIsMountPoint=/etc/machine-id).
2025-09-11T21:17:19.558022+00:00 anton-QEMU-Virtual-Machine systemd[1]: Finished kdump-tools.service - Kernel crash dump capture service.
2025-09-11T21:17:19.558026+00:00 anton-QEMU-Virtual-Machine systemd[1]: Finished systemd-journal-catalog-update.service - Rebuild Journal Catalog.
2025-09-11T21:17:19.558040+00:00 anton-QEMU-Virtual-Machine systemd[1]: Finished ldconfig.service - Rebuild Dynamic Linker Cache.
2025-09-11T21:17:19.558081+00:00 anton-QEMU-Virtual-Machine systemd[1]: Starting systemd-update-done.service - Update is Completed...
2025-09-11T21:17:19.558088+00:00 anton-QEMU-Virtual-Machine systemd[1]: Finished systemd-update-done.service - Update is Completed.
2025-09-11T21:17:19.558090+00:00 anton-QEMU-Virtual-Machine (udev-worker)[696]: sr0: Process '/usr/bin/unshare -m /usr/bin/snap auto-import --mount=/dev/sr0' failed with exit code 1.
2025-09-11T21:17:19.558097+00:00 anton-QEMU-Virtual-Machine apparmor.systemd[902]: Warning: found usr.sbin.sssd in /etc/apparmor.d/force-complain, forcing complain mode
2025-09-11T21:17:19.558100+00:00 anton-QEMU-Virtual-Machine apparmor.systemd[902]: Warning from /etc/apparmor.d (/etc/apparmor.d/usr.sbin.sssd line 63): Caching disabled for: 'usr.sbin.sssd' due to force complain
2025-09-11T21:17:19.558102+00:00 anton-QEMU-Virtual-Machine systemd[1]: Finished apparmor.service - Load AppArmor profiles.
2025-09-11T21:17:19.558104+00:00 anton-QEMU-Virtual-Machine systemd[1]: Starting snapd.apparmor.service - Load AppArmor profiles managed internally by snapd...
2025-09-11T21:17:19.558109+00:00 anton-QEMU-Virtual-Machine snapd-apparmor[915]: main.go:146: Loading profiles [/var/lib/snapd/apparmor/profiles/snap-confine.snapd.23772 /var/lib/snapd/apparmor/profiles/snap-update-ns.desktop-security-center /var/lib/snapd/apparmor/profiles/snap-update-ns.firefox /var/lib/snapd/apparmor/profiles/snap-update-ns.prompting-client /var/lib/snapd/apparmor/profiles/snap-update-ns.snap-store /var/lib/snapd/apparmor/profiles/snap-update-ns.snapd-desktop-integration /var/lib/snapd/apparmor/profiles/snap.desktop-security-center.desktop-security-center /var/lib/snapd/apparmor/profiles/snap.desktop-security-center.hook.configure /var/lib/snapd/apparmor/profiles/snap.firefox.firefox /var/lib/snapd/apparmor/profiles/snap.firefox.geckodriver /var/lib/snapd/apparmor/profiles/snap.firefox.hook.configure /var/lib/snapd/apparmor/profiles/snap.firefox.hook.disconnect-plug-host-hunspell /var/lib/snapd/apparmor/profiles/snap.firefox.hook.install /var/lib/snapd/apparmor/profiles/snap.firefox.hook.post-refresh /var/lib/snapd/apparmor/profiles/snap.prompting-client.daemon /var/lib/snapd/apparmor/profiles/snap.prompting-client.echo /var/lib/snapd/apparmor/profiles/snap.prompting-client.hook.configure /var/lib/snapd/apparmor/profiles/snap.prompting-client.logging-level /var/lib/snapd/apparmor/profiles/snap.prompting-client.scripted /var/lib/snapd/apparmor/profiles/snap.snap-store.hook.configure /var/lib/snapd/apparmor/profiles/snap.snap-store.show-updates /var/lib/snapd/apparmor/profiles/snap.snap-store.snap-store /var/lib/snapd/apparmor/profiles/snap.snapd-desktop-integration.hook.configure /var/lib/snapd/apparmor/profiles/snap.snapd-desktop-integration.snapd-desktop-integration]
2025-09-11T21:17:19.558114+00:00 anton-QEMU-Virtual-Machine systemd[1]: Finished snapd.apparmor.service - Load AppArmor profiles managed internally by snapd.
2025-09-11T21:17:19.558149+00:00 anton-QEMU-Virtual-Machine systemd[1]: Reached target sysinit.target - System Initialization.
2025-09-11T21:17:19.558165+00:00 anton-QEMU-Virtual-Machine systemd[1]: apport-autoreport.path - Process error reports when automatic reporting is enabled (file watch) was skipped because of an unmet condition check (ConditionPathExists=/var/lib/apport/autoreport).
2025-09-11T21:17:19.558172+00:00 anton-QEMU-Virtual-Machine systemd[1]: Started cups.path - CUPS Scheduler.
2025-09-11T21:17:19.558436+00:00 anton-QEMU-Virtual-Machine systemd[1]: tpm-udev.path - Handle dynamically added tpm devices was skipped because of an unmet condition check (ConditionVirtualization=container).
2025-09-11T21:17:19.558442+00:00 anton-QEMU-Virtual-Machine systemd[1]: Started whoopsie.path - Start whoopsie on modification of the /var/crash directory.
2025-09-11T21:17:19.558446+00:00 anton-QEMU-Virtual-Machine systemd[1]: Started anacron.timer - Trigger anacron every hour.
2025-09-11T21:17:19.558449+00:00 anton-QEMU-Virtual-Machine systemd[1]: apport-autoreport.timer - Process error reports when automatic reporting is enabled (timer based) was skipped because of an unmet condition check (ConditionPathExists=/var/lib/apport/autoreport).
2025-09-11T21:17:19.558453+00:00 anton-QEMU-Virtual-Machine systemd[1]: Started apt-daily.timer - Daily apt download activities.
2025-09-11T21:17:19.558581+00:00 anton-QEMU-Virtual-Machine systemd[1]: Started apt-daily-upgrade.timer - Daily apt upgrade and clean activities.
2025-09-11T21:17:19.558586+00:00 anton-QEMU-Virtual-Machine systemd[1]: Started dpkg-db-backup.timer - Daily dpkg database backup timer.
2025-09-11T21:17:19.558590+00:00 anton-QEMU-Virtual-Machine systemd[1]: Started e2scrub_all.timer - Periodic ext4 Online Metadata Check for All Filesystems.
2025-09-11T21:17:19.558593+00:00 anton-QEMU-Virtual-Machine systemd[1]: Started fstrim.timer - Discard unused filesystem blocks once a week.
2025-09-11T21:17:19.558597+00:00 anton-QEMU-Virtual-Machine systemd[1]: Started fwupd-refresh.timer - Refresh fwupd metadata regularly.
2025-09-11T21:17:19.558602+00:00 anton-QEMU-Virtual-Machine systemd[1]: Started logrotate.timer - Daily rotation of log files.
2025-09-11T21:17:19.558610+00:00 anton-QEMU-Virtual-Machine systemd[1]: Started man-db.timer - Daily man-db regeneration.
2025-09-11T21:17:19.558614+00:00 anton-QEMU-Virtual-Machine systemd[1]: Started motd-news.timer - Message of the Day.
2025-09-11T21:17:19.558629+00:00 anton-QEMU-Virtual-Machine systemd[1]: snapd.snap-repair.timer - Timer to automatically fetch and run repair assertions was skipped because no trigger condition checks were met.
2025-09-11T21:17:19.558639+00:00 anton-QEMU-Virtual-Machine systemd[1]: Started sysstat-collect.timer - Run system activity accounting tool every 10 minutes.
2025-09-11T21:17:19.558640+00:00 anton-QEMU-Virtual-Machine systemd[1]: Started sysstat-rotate.timer - Rotate daily system activity data file at midnight.
2025-09-11T21:17:19.558642+00:00 anton-QEMU-Virtual-Machine systemd[1]: Started sysstat-summary.timer - Generate summary of yesterday's process accounting.
2025-09-11T21:17:19.558648+00:00 anton-QEMU-Virtual-Machine systemd[1]: Started systemd-tmpfiles-clean.timer - Daily Cleanup of Temporary Directories.
2025-09-11T21:17:19.558650+00:00 anton-QEMU-Virtual-Machine systemd[1]: ua-timer.timer - Ubuntu Pro Timer for running repeated jobs was skipped because of an unmet condition check (ConditionPathExists=/var/lib/ubuntu-advantage/private/machine-token.json).
2025-09-11T21:17:19.558652+00:00 anton-QEMU-Virtual-Machine systemd[1]: Reached target boot-complete.target - Boot Completion Check.
2025-09-11T21:17:19.558653+00:00 anton-QEMU-Virtual-Machine systemd[1]: Reached target paths.target - Path Units.
2025-09-11T21:17:19.558655+00:00 anton-QEMU-Virtual-Machine systemd[1]: apport-forward.socket - Unix socket for apport crash forwarding was skipped because of an unmet condition check (ConditionVirtualization=container).
2025-09-11T21:17:19.558658+00:00 anton-QEMU-Virtual-Machine systemd[1]: Listening on avahi-daemon.socket - Avahi mDNS/DNS-SD Stack Activation Socket.
2025-09-11T21:17:19.558659+00:00 anton-QEMU-Virtual-Machine systemd[1]: Listening on cups.socket - CUPS Scheduler.
2025-09-11T21:17:19.558661+00:00 anton-QEMU-Virtual-Machine systemd[1]: Listening on dbus.socket - D-Bus System Message Bus Socket.
2025-09-11T21:17:19.558662+00:00 anton-QEMU-Virtual-Machine systemd[1]: Starting snapd.socket - Socket activation for snappy daemon...
2025-09-11T21:17:19.558664+00:00 anton-QEMU-Virtual-Machine systemd[1]: Listening on spice-vdagentd.socket - Activation socket for spice guest agent daemon.
2025-09-11T21:17:19.558665+00:00 anton-QEMU-Virtual-Machine systemd[1]: Listening on systemd-hostnamed.socket - Hostname Service Socket.
2025-09-11T21:17:19.558668+00:00 anton-QEMU-Virtual-Machine systemd[1]: Listening on uuidd.socket - UUID daemon activation socket.
2025-09-11T21:17:19.558669+00:00 anton-QEMU-Virtual-Machine systemd[1]: systemd-pcrphase-sysinit.service - TPM PCR Barrier (Initialization) was skipped because of an unmet condition check (ConditionSecurity=measured-uki).
2025-09-11T21:17:19.558671+00:00 anton-QEMU-Virtual-Machine systemd[1]: Listening on snapd.socket - Socket activation for snappy daemon.
2025-09-11T21:17:19.558672+00:00 anton-QEMU-Virtual-Machine systemd[1]: Reached target sockets.target - Socket Units.
2025-09-11T21:17:19.558674+00:00 anton-QEMU-Virtual-Machine systemd[1]: Reached target basic.target - Basic System.
2025-09-11T21:17:19.558675+00:00 anton-QEMU-Virtual-Machine systemd[1]: System is tainted: unmerged-bin
2025-09-11T21:17:19.558678+00:00 anton-QEMU-Virtual-Machine systemd[1]: Started anacron.service - Run anacron jobs.
2025-09-11T21:17:19.558679+00:00 anton-QEMU-Virtual-Machine systemd[1]: Starting apport.service - automatic crash report generation...
2025-09-11T21:17:19.558681+00:00 anton-QEMU-Virtual-Machine systemd[1]: Starting avahi-daemon.service - Avahi mDNS/DNS-SD Stack...
2025-09-11T21:17:19.558683+00:00 anton-QEMU-Virtual-Machine systemd[1]: Starting dbus.service - D-Bus System Message Bus...
2025-09-11T21:17:19.558684+00:00 anton-QEMU-Virtual-Machine anacron[950]: Anacron 2.3 started on 2025-09-11
2025-09-11T21:17:19.558686+00:00 anton-QEMU-Virtual-Machine systemd[1]: Started dmesg.service - Save initial kernel messages after boot.
2025-09-11T21:17:19.558687+00:00 anton-QEMU-Virtual-Machine anacron[950]: Will run job `cron.daily' in 5 min.
2025-09-11T21:17:19.558691+00:00 anton-QEMU-Virtual-Machine anacron[950]: Will run job `cron.weekly' in 10 min.
2025-09-11T21:17:19.558692+00:00 anton-QEMU-Virtual-Machine anacron[950]: Will run job `cron.monthly' in 15 min.
2025-09-11T21:17:19.558694+00:00 anton-QEMU-Virtual-Machine anacron[950]: Will run job `cron.yearly' in 20 min.
2025-09-11T21:17:19.558695+00:00 anton-QEMU-Virtual-Machine anacron[950]: Jobs will be executed sequentially
2025-09-11T21:17:19.558697+00:00 anton-QEMU-Virtual-Machine systemd[1]: Starting e2scrub_reap.service - Remove Stale Online ext4 Metadata Check Snapshots...
2025-09-11T21:17:19.558700+00:00 anton-QEMU-Virtual-Machine systemd[1]: getty-static.service - getty on tty2-tty6 if dbus and logind are not available was skipped because of an unmet condition check (ConditionPathExists=!/usr/bin/dbus-daemon).
2025-09-11T21:17:19.558703+00:00 anton-QEMU-Virtual-Machine systemd[1]: Starting gnome-remote-desktop-configuration.service - Configure GNOME Remote Desktop...
2025-09-11T21:17:19.558705+00:00 anton-QEMU-Virtual-Machine systemd[1]: Starting gnome-remote-desktop.service - GNOME Remote Desktop...
2025-09-11T21:17:19.558706+00:00 anton-QEMU-Virtual-Machine avahi-daemon[952]: Found user 'avahi' (UID 105) and group 'avahi' (GID 111).
2025-09-11T21:17:19.558709+00:00 anton-QEMU-Virtual-Machine systemd[1]: Starting grub-common.service - Record successful boot for GRUB...
2025-09-11T21:17:19.558710+00:00 anton-QEMU-Virtual-Machine systemd[1]: networkd-dispatcher.service - Dispatcher daemon for systemd-networkd was skipped because no trigger condition checks were met.
2025-09-11T21:17:19.558712+00:00 anton-QEMU-Virtual-Machine systemd[1]: Starting polkit.service - Authorization Manager...
2025-09-11T21:17:19.558715+00:00 anton-QEMU-Virtual-Machine systemd[1]: Starting rsyslog.service - System Logging Service...
2025-09-11T21:17:19.558716+00:00 anton-QEMU-Virtual-Machine systemd[1]: Starting secureboot-db.service - Secure Boot updates for DB and DBX...
2025-09-11T21:17:19.558718+00:00 anton-QEMU-Virtual-Machine systemd[1]: snapd.core-fixup.service - Automatically repair incorrect owner/permissions on core devices was skipped because no trigger condition checks were met.
2025-09-11T21:17:19.558719+00:00 anton-QEMU-Virtual-Machine systemd[1]: snapd.recovery-chooser-trigger.service - Wait for the Ubuntu Core chooser trigger was skipped because of an unmet condition check (ConditionKernelCommandLine=snapd_recovery_mode).
2025-09-11T21:17:19.558721+00:00 anton-QEMU-Virtual-Machine systemd[1]: Reached target getty-pre.target - Preparation for Logins.
2025-09-11T21:17:19.558724+00:00 anton-QEMU-Virtual-Machine systemd[1]: Starting snapd.seeded.service - Wait until snapd is fully seeded...
2025-09-11T21:17:19.558725+00:00 anton-QEMU-Virtual-Machine systemd[1]: Starting snapd.service - Snap Daemon...
2025-09-11T21:17:19.558727+00:00 anton-QEMU-Virtual-Machine systemd[1]: Starting ssl-cert.service - Generate snakeoil SSL keypair...
2025-09-11T21:17:19.558728+00:00 anton-QEMU-Virtual-Machine systemd[1]: sssd.service - System Security Services Daemon was skipped because no trigger condition checks were met.
2025-09-11T21:17:19.558730+00:00 anton-QEMU-Virtual-Machine systemd[1]: Reached target nss-user-lookup.target - User and Group Name Lookups.
2025-09-11T21:17:19.558731+00:00 anton-QEMU-Virtual-Machine systemd[1]: sssd-nss.socket: Bound to unit sssd.service, but unit isn't active.
2025-09-11T21:17:19.558734+00:00 anton-QEMU-Virtual-Machine systemd[1]: Dependency failed for sssd-nss.socket - SSSD NSS Service responder socket.
2025-09-11T21:17:19.558736+00:00 anton-QEMU-Virtual-Machine systemd[1]: sssd-nss.socket: Job sssd-nss.socket/start failed with result 'dependency'.
2025-09-11T21:17:19.558737+00:00 anton-QEMU-Virtual-Machine systemd[1]: sssd-autofs.socket: Bound to unit sssd.service, but unit isn't active.
2025-09-11T21:17:19.558739+00:00 anton-QEMU-Virtual-Machine systemd[1]: Dependency failed for sssd-autofs.socket - SSSD AutoFS Service responder socket.
2025-09-11T21:17:19.558740+00:00 anton-QEMU-Virtual-Machine systemd[1]: sssd-autofs.socket: Job sssd-autofs.socket/start failed with result 'dependency'.
2025-09-11T21:17:19.558741+00:00 anton-QEMU-Virtual-Machine systemd[1]: sssd-pac.socket: Bound to unit sssd.service, but unit isn't active.
2025-09-11T21:17:19.558744+00:00 anton-QEMU-Virtual-Machine systemd[1]: Dependency failed for sssd-pac.socket - SSSD PAC Service responder socket.
2025-09-11T21:17:19.558746+00:00 anton-QEMU-Virtual-Machine systemd[1]: sssd-pac.socket: Job sssd-pac.socket/start failed with result 'dependency'.
2025-09-11T21:17:19.558747+00:00 anton-QEMU-Virtual-Machine systemd[1]: sssd-pam.socket: Bound to unit sssd.service, but unit isn't active.
2025-09-11T21:17:19.558748+00:00 anton-QEMU-Virtual-Machine systemd[1]: Dependency failed for sssd-pam.socket - SSSD PAM Service responder socket.
2025-09-11T21:17:19.558750+00:00 anton-QEMU-Virtual-Machine systemd[1]: sssd-pam.socket: Job sssd-pam.socket/start failed with result 'dependency'.
2025-09-11T21:17:19.558753+00:00 anton-QEMU-Virtual-Machine systemd[1]: sssd-ssh.socket: Bound to unit sssd.service, but unit isn't active.
2025-09-11T21:17:19.558754+00:00 anton-QEMU-Virtual-Machine systemd[1]: Dependency failed for sssd-ssh.socket - SSSD SSH Service responder socket.
2025-09-11T21:17:19.558755+00:00 anton-QEMU-Virtual-Machine systemd[1]: sssd-ssh.socket: Job sssd-ssh.socket/start failed with result 'dependency'.
2025-09-11T21:17:19.558757+00:00 anton-QEMU-Virtual-Machine systemd[1]: sssd-sudo.socket: Bound to unit sssd.service, but unit isn't active.
2025-09-11T21:17:19.558758+00:00 anton-QEMU-Virtual-Machine systemd[1]: Dependency failed for sssd-sudo.socket - SSSD Sudo Service responder socket.
2025-09-11T21:17:19.558760+00:00 anton-QEMU-Virtual-Machine systemd[1]: sssd-sudo.socket: Job sssd-sudo.socket/start failed with result 'dependency'.
2025-09-11T21:17:19.558762+00:00 anton-QEMU-Virtual-Machine systemd[1]: Starting accounts-daemon.service - Accounts Service...
2025-09-11T21:17:19.558764+00:00 anton-QEMU-Virtual-Machine systemd[1]: Started cron.service - Regular background program processing daemon.
2025-09-11T21:17:19.558765+00:00 anton-QEMU-Virtual-Machine systemd[1]: Starting switcheroo-control.service - Switcheroo Control Proxy service...
2025-09-11T21:17:19.558767+00:00 anton-QEMU-Virtual-Machine (cron)[970]: cron.service: Referenced but unset environment variable evaluates to an empty string: EXTRA_OPTS
2025-09-11T21:17:19.558768+00:00 anton-QEMU-Virtual-Machine cron[970]: (CRON) INFO (pidfile fd = 3)
2025-09-11T21:17:19.558770+00:00 anton-QEMU-Virtual-Machine systemd[1]: Starting sysstat.service - Resets System Activity Logs...
2025-09-11T21:17:19.558773+00:00 anton-QEMU-Virtual-Machine cron[970]: (CRON) INFO (Running @reboot jobs)
2025-09-11T21:17:19.558775+00:00 anton-QEMU-Virtual-Machine systemd[1]: Starting systemd-logind.service - User Login Management...
2025-09-11T21:17:19.558776+00:00 anton-QEMU-Virtual-Machine systemd[1]: systemd-pcrphase.service - TPM PCR Barrier (User) was skipped because of an unmet condition check (ConditionSecurity=measured-uki).
2025-09-11T21:17:19.558778+00:00 anton-QEMU-Virtual-Machine systemd[1]: ua-reboot-cmds.service - Ubuntu Pro reboot cmds was skipped because of an unmet condition check (ConditionPathExists=/var/lib/ubuntu-advantage/private/machine-token.json).
2025-09-11T21:17:19.558779+00:00 anton-QEMU-Virtual-Machine systemd[1]: Starting udisks2.service - Disk Manager...
2025-09-11T21:17:19.558780+00:00 anton-QEMU-Virtual-Machine systemd[1]: e2scrub_reap.service: Deactivated successfully.
2025-09-11T21:17:19.558783+00:00 anton-QEMU-Virtual-Machine systemd[1]: Finished e2scrub_reap.service - Remove Stale Online ext4 Metadata Check Snapshots.
2025-09-11T21:17:19.558784+00:00 anton-QEMU-Virtual-Machine udisksd[986]: udisks daemon version 2.10.1 starting
2025-09-11T21:17:19.558786+00:00 anton-QEMU-Virtual-Machine systemd[1]: Finished sysstat.service - Resets System Activity Logs.
2025-09-11T21:17:19.558787+00:00 anton-QEMU-Virtual-Machine avahi-daemon[952]: Successfully dropped root privileges.
2025-09-11T21:17:19.558789+00:00 anton-QEMU-Virtual-Machine avahi-daemon[952]: avahi-daemon 0.8 starting up.
2025-09-11T21:17:19.558790+00:00 anton-QEMU-Virtual-Machine systemd[1]: grub-common.service: Deactivated successfully.
2025-09-11T21:17:19.558793+00:00 anton-QEMU-Virtual-Machine systemd[1]: Finished grub-common.service - Record successful boot for GRUB.
2025-09-11T21:17:19.558796+00:00 anton-QEMU-Virtual-Machine systemd[1]: Starting grub-initrd-fallback.service - GRUB failed boot detection...
2025-09-11T21:17:19.558800+00:00 anton-QEMU-Virtual-Machine systemd[1]: Started systemd-logind.service - User Login Management.
2025-09-11T21:17:19.547169+00:00 anton-QEMU-Virtual-Machine systemd[1]: Started rsyslog.service - System Logging Service.
2025-09-11T21:17:19.547812+00:00 anton-QEMU-Virtual-Machine rsyslogd: imuxsock: Acquired UNIX socket '/run/systemd/journal/syslog' (fd 3) from systemd.  [v8.2412.0]
2025-09-11T21:17:19.548333+00:00 anton-QEMU-Virtual-Machine rsyslogd: rsyslogd's groupid changed to 101
2025-09-11T21:17:19.548354+00:00 anton-QEMU-Virtual-Machine rsyslogd: rsyslogd's userid changed to 101
2025-09-11T21:17:19.548366+00:00 anton-QEMU-Virtual-Machine rsyslogd: [origin software="rsyslogd" swVersion="8.2412.0" x-pid="1003" x-info="https://www.rsyslog.com"] start
2025-09-11T21:17:19.560742+00:00 anton-QEMU-Virtual-Machine kernel: evm: security.SMACK64
2025-09-11T21:17:19.560748+00:00 anton-QEMU-Virtual-Machine kernel: evm: security.SMACK64EXEC
2025-09-11T21:17:19.560749+00:00 anton-QEMU-Virtual-Machine kernel: evm: security.SMACK64TRANSMUTE
2025-09-11T21:17:19.560754+00:00 anton-QEMU-Virtual-Machine kernel: evm: security.SMACK64MMAP
2025-09-11T21:17:19.560755+00:00 anton-QEMU-Virtual-Machine kernel: evm: security.apparmor
2025-09-11T21:17:19.560755+00:00 anton-QEMU-Virtual-Machine kernel: evm: security.ima
2025-09-11T21:17:19.560756+00:00 anton-QEMU-Virtual-Machine kernel: evm: security.capability
2025-09-11T21:17:19.560756+00:00 anton-QEMU-Virtual-Machine kernel: evm: HMAC attrs: 0x1
2025-09-11T21:17:19.560756+00:00 anton-QEMU-Virtual-Machine kernel: clk: Disabling unused clocks
2025-09-11T21:17:19.560758+00:00 anton-QEMU-Virtual-Machine kernel: PM: genpd: Disabling unused power domains
2025-09-11T21:17:19.560758+00:00 anton-QEMU-Virtual-Machine kernel: Freeing unused kernel memory: 13504K
2025-09-11T21:17:19.560759+00:00 anton-QEMU-Virtual-Machine kernel: Checked W+X mappings: passed, no W+X pages found
2025-09-11T21:17:19.560759+00:00 anton-QEMU-Virtual-Machine kernel: Run /init as init process
2025-09-11T21:17:19.560760+00:00 anton-QEMU-Virtual-Machine kernel:   with arguments:
2025-09-11T21:17:19.560760+00:00 anton-QEMU-Virtual-Machine kernel:     /init
2025-09-11T21:17:19.560761+00:00 anton-QEMU-Virtual-Machine kernel:     splash
2025-09-11T21:17:19.560762+00:00 anton-QEMU-Virtual-Machine kernel:   with environment:
2025-09-11T21:17:19.560762+00:00 anton-QEMU-Virtual-Machine kernel:     HOME=/
2025-09-11T21:17:19.560763+00:00 anton-QEMU-Virtual-Machine kernel:     TERM=linux
2025-09-11T21:17:19.560763+00:00 anton-QEMU-Virtual-Machine kernel:     BOOT_IMAGE=/boot/vmlinuz-6.14.0-29-generic
2025-09-11T21:17:19.560764+00:00 anton-QEMU-Virtual-Machine kernel: virtio_net virtio0 enp0s1: renamed from eth0
2025-09-11T21:17:19.560764+00:00 anton-QEMU-Virtual-Machine kernel: [drm] pci: virtio-gpu-pci detected at 0000:00:02.0
2025-09-11T21:17:19.560765+00:00 anton-QEMU-Virtual-Machine kernel: [drm] features: -virgl +edid -resource_blob -host_visible
2025-09-11T21:17:19.560766+00:00 anton-QEMU-Virtual-Machine kernel: [drm] features: -context_init
2025-09-11T21:17:19.560766+00:00 anton-QEMU-Virtual-Machine kernel: [drm] number of scanouts: 1
2025-09-11T21:17:19.560767+00:00 anton-QEMU-Virtual-Machine kernel: [drm] number of cap sets: 0
2025-09-11T21:17:19.560767+00:00 anton-QEMU-Virtual-Machine kernel: [drm] Initialized virtio_gpu 0.1.0 for 0000:00:02.0 on minor 0
2025-09-11T21:17:19.560767+00:00 anton-QEMU-Virtual-Machine kernel: fbcon: Deferring console take-over
2025-09-11T21:17:19.560769+00:00 anton-QEMU-Virtual-Machine kernel: virtio-pci 0000:00:02.0: [drm] fb0: virtio_gpudrmfb frame buffer device
2025-09-11T21:17:19.560769+00:00 anton-QEMU-Virtual-Machine kernel: usb 1-1: new high-speed USB device number 2 using xhci_hcd
