2025-09-12T08:52:01.717901+00:00 dasha-VirtualBox kernel: Linux version 6.14.0-29-generic (buildd@lcy02-amd64-105) (x86_64-linux-gnu-gcc-13 (Ubuntu 13.3.0-6ubuntu2~24.04) 13.3.0, GNU ld (GNU Binutils for Ubuntu) 2.42) #29~24.04.1-Ubuntu SMP PREEMPT_DYNAMIC Thu Aug 14 16:52:50 UTC 2 (Ubuntu 6.14.0-29.29~24.04.1-generic 6.14.8)
2025-09-12T08:52:01.719451+00:00 dasha-VirtualBox kernel: Command line: BOOT_IMAGE=/boot/vmlinuz-6.14.0-29-generic root=UUID=9320758f-72be-49fd-96fb-9be077bada73 ro quiet splash
2025-09-12T08:52:01.719458+00:00 dasha-VirtualBox kernel: KERNEL supported cpus:
2025-09-12T08:52:01.719459+00:00 dasha-VirtualBox kernel:   Intel GenuineIntel
2025-09-12T08:52:01.719459+00:00 dasha-VirtualBox kernel:   AMD AuthenticAMD
2025-09-12T08:52:01.719459+00:00 dasha-VirtualBox kernel:   Hygon HygonGenuine
2025-09-12T08:52:01.719465+00:00 dasha-VirtualBox kernel:   Centaur CentaurHauls
2025-09-12T08:52:01.719466+00:00 dasha-VirtualBox kernel:   zhaoxin   Shanghai  
2025-09-12T08:52:01.719466+00:00 dasha-VirtualBox kernel: BIOS-provided physical RAM map:
2025-09-12T08:52:01.719466+00:00 dasha-VirtualBox kernel: BIOS-e820: [mem 0x0000000000000000-0x000000000009fbff] usable
2025-09-12T08:52:01.719467+00:00 dasha-VirtualBox kernel: BIOS-e820: [mem 0x000000000009fc00-0x000000000009ffff] reserved
2025-09-12T08:52:01.719468+00:00 dasha-VirtualBox kernel: BIOS-e820: [mem 0x00000000000f0000-0x00000000000fffff] reserved
2025-09-12T08:52:01.719468+00:00 dasha-VirtualBox kernel: BIOS-e820: [mem 0x0000000000100000-0x00000000dffeffff] usable
2025-09-12T08:52:01.719469+00:00 dasha-VirtualBox kernel: BIOS-e820: [mem 0x00000000dfff0000-0x00000000dfffffff] ACPI data
2025-09-12T08:52:01.719470+00:00 dasha-VirtualBox kernel: BIOS-e820: [mem 0x00000000fec00000-0x00000000fec00fff] reserved
2025-09-12T08:52:01.719470+00:00 dasha-VirtualBox kernel: BIOS-e820: [mem 0x00000000fee00000-0x00000000fee00fff] reserved
2025-09-12T08:52:01.719470+00:00 dasha-VirtualBox kernel: BIOS-e820: [mem 0x00000000fffc0000-0x00000000ffffffff] reserved
2025-09-12T08:52:01.719471+00:00 dasha-VirtualBox kernel: BIOS-e820: [mem 0x0000000100000000-0x000000011fffffff] usable
2025-09-12T08:52:01.719471+00:00 dasha-VirtualBox kernel: NX (Execute Disable) protection: active
2025-09-12T08:52:01.719472+00:00 dasha-VirtualBox kernel: APIC: Static calls initialized
2025-09-12T08:52:01.719473+00:00 dasha-VirtualBox kernel: SMBIOS 2.5 present.
2025-09-12T08:52:01.719473+00:00 dasha-VirtualBox kernel: DMI: innotek GmbH VirtualBox/VirtualBox, BIOS VirtualBox 12/01/2006
2025-09-12T08:52:01.719473+00:00 dasha-VirtualBox kernel: DMI: Memory slots populated: 0/0
2025-09-12T08:52:01.719474+00:00 dasha-VirtualBox kernel: Hypervisor detected: KVM
2025-09-12T08:52:01.719474+00:00 dasha-VirtualBox kernel: kvm-clock: Using msrs 4b564d01 and 4b564d00
2025-09-12T08:52:01.719474+00:00 dasha-VirtualBox kernel: kvm-clock: using sched offset of 3933956694 cycles
2025-09-12T08:52:01.719476+00:00 dasha-VirtualBox kernel: clocksource: kvm-clock: mask: 0xffffffffffffffff max_cycles: 0x1cd42e4dffb, max_idle_ns: 881590591483 ns
2025-09-12T08:52:01.719476+00:00 dasha-VirtualBox kernel: tsc: Detected 2419.200 MHz processor
2025-09-12T08:52:01.719476+00:00 dasha-VirtualBox kernel: e820: update [mem 0x00000000-0x00000fff] usable ==> reserved
2025-09-12T08:52:01.719477+00:00 dasha-VirtualBox kernel: e820: remove [mem 0x000a0000-0x000fffff] usable
2025-09-12T08:52:01.719477+00:00 dasha-VirtualBox kernel: last_pfn = 0x120000 max_arch_pfn = 0x400000000
2025-09-12T08:52:01.719477+00:00 dasha-VirtualBox kernel: MTRRs disabled by BIOS
2025-09-12T08:52:01.719479+00:00 dasha-VirtualBox kernel: x86/PAT: Configuration [0-7]: WB  WC  UC- UC  WB  WP  UC- WT  
2025-09-12T08:52:01.719479+00:00 dasha-VirtualBox kernel: last_pfn = 0xe0000 max_arch_pfn = 0x400000000
2025-09-12T08:52:01.719479+00:00 dasha-VirtualBox kernel: found SMP MP-table at [mem 0x0009fff0-0x0009ffff]
2025-09-12T08:52:01.719479+00:00 dasha-VirtualBox kernel: RAMDISK: [mem 0x2f515000-0x33a81fff]
2025-09-12T08:52:01.719480+00:00 dasha-VirtualBox kernel: ACPI: Early table checksum verification disabled
2025-09-12T08:52:01.719480+00:00 dasha-VirtualBox kernel: ACPI: RSDP 0x00000000000E0000 000024 (v02 VBOX  )
2025-09-12T08:52:01.719482+00:00 dasha-VirtualBox kernel: ACPI: XSDT 0x00000000DFFF0030 00003C (v01 VBOX   VBOXXSDT 00000001 ASL  00000061)
2025-09-12T08:52:01.719482+00:00 dasha-VirtualBox kernel: ACPI: FACP 0x00000000DFFF00F0 0000F4 (v04 VBOX   VBOXFACP 00000001 ASL  00000061)
2025-09-12T08:52:01.719488+00:00 dasha-VirtualBox kernel: ACPI: DSDT 0x00000000DFFF0620 002353 (v02 VBOX   VBOXBIOS 00000002 INTL 20100528)
2025-09-12T08:52:01.719489+00:00 dasha-VirtualBox kernel: ACPI: FACS 0x00000000DFFF0200 000040
2025-09-12T08:52:01.719489+00:00 dasha-VirtualBox kernel: ACPI: FACS 0x00000000DFFF0200 000040
2025-09-12T08:52:01.719491+00:00 dasha-VirtualBox kernel: ACPI: APIC 0x00000000DFFF0240 00006C (v02 VBOX   VBOXAPIC 00000001 ASL  00000061)
2025-09-12T08:52:01.719493+00:00 dasha-VirtualBox kernel: ACPI: SSDT 0x00000000DFFF02B0 00036C (v01 VBOX   VBOXCPUT 00000002 INTL 20100528)
2025-09-12T08:52:01.719493+00:00 dasha-VirtualBox kernel: ACPI: Reserving FACP table memory at [mem 0xdfff00f0-0xdfff01e3]
2025-09-12T08:52:01.719493+00:00 dasha-VirtualBox kernel: ACPI: Reserving DSDT table memory at [mem 0xdfff0620-0xdfff2972]
2025-09-12T08:52:01.719494+00:00 dasha-VirtualBox kernel: ACPI: Reserving FACS table memory at [mem 0xdfff0200-0xdfff023f]
2025-09-12T08:52:01.719494+00:00 dasha-VirtualBox kernel: ACPI: Reserving FACS table memory at [mem 0xdfff0200-0xdfff023f]
2025-09-12T08:52:01.719494+00:00 dasha-VirtualBox kernel: ACPI: Reserving APIC table memory at [mem 0xdfff0240-0xdfff02ab]
2025-09-12T08:52:01.719495+00:00 dasha-VirtualBox kernel: ACPI: Reserving SSDT table memory at [mem 0xdfff02b0-0xdfff061b]
2025-09-12T08:52:01.719496+00:00 dasha-VirtualBox kernel: No NUMA configuration found
2025-09-12T08:52:01.719497+00:00 dasha-VirtualBox kernel: Faking a node at [mem 0x0000000000000000-0x000000011fffffff]
2025-09-12T08:52:01.719497+00:00 dasha-VirtualBox kernel: NODE_DATA(0) allocated [mem 0x11ffd1540-0x11fffbfff]
2025-09-12T08:52:01.719497+00:00 dasha-VirtualBox kernel: Zone ranges:
2025-09-12T08:52:01.719498+00:00 dasha-VirtualBox kernel:   DMA      [mem 0x0000000000001000-0x0000000000ffffff]
2025-09-12T08:52:01.719498+00:00 dasha-VirtualBox kernel:   DMA32    [mem 0x0000000001000000-0x00000000ffffffff]
2025-09-12T08:52:01.719499+00:00 dasha-VirtualBox kernel:   Normal   [mem 0x0000000100000000-0x000000011fffffff]
2025-09-12T08:52:01.719500+00:00 dasha-VirtualBox kernel:   Device   empty
2025-09-12T08:52:01.719500+00:00 dasha-VirtualBox kernel: Movable zone start for each node
2025-09-12T08:52:01.719500+00:00 dasha-VirtualBox kernel: Early memory node ranges
2025-09-12T08:52:01.719501+00:00 dasha-VirtualBox kernel:   node   0: [mem 0x0000000000001000-0x000000000009efff]
2025-09-12T08:52:01.719501+00:00 dasha-VirtualBox kernel:   node   0: [mem 0x0000000000100000-0x00000000dffeffff]
2025-09-12T08:52:01.719502+00:00 dasha-VirtualBox kernel:   node   0: [mem 0x0000000100000000-0x000000011fffffff]
2025-09-12T08:52:01.719503+00:00 dasha-VirtualBox kernel: Initmem setup node 0 [mem 0x0000000000001000-0x000000011fffffff]
2025-09-12T08:52:01.719503+00:00 dasha-VirtualBox kernel: On node 0, zone DMA: 1 pages in unavailable ranges
2025-09-12T08:52:01.719503+00:00 dasha-VirtualBox kernel: On node 0, zone DMA: 97 pages in unavailable ranges
2025-09-12T08:52:01.719504+00:00 dasha-VirtualBox kernel: On node 0, zone Normal: 16 pages in unavailable ranges
2025-09-12T08:52:01.719504+00:00 dasha-VirtualBox kernel: ACPI: PM-Timer IO Port: 0x4008
2025-09-12T08:52:01.719504+00:00 dasha-VirtualBox kernel: IOAPIC[0]: apic_id 4, version 32, address 0xfec00000, GSI 0-23
2025-09-12T08:52:01.719506+00:00 dasha-VirtualBox kernel: ACPI: INT_SRC_OVR (bus 0 bus_irq 0 global_irq 2 dfl dfl)
2025-09-12T08:52:01.719506+00:00 dasha-VirtualBox kernel: ACPI: INT_SRC_OVR (bus 0 bus_irq 9 global_irq 9 low level)
2025-09-12T08:52:01.719506+00:00 dasha-VirtualBox kernel: ACPI: Using ACPI (MADT) for SMP configuration information
2025-09-12T08:52:01.719507+00:00 dasha-VirtualBox kernel: CPU topo: Max. logical packages:   1
2025-09-12T08:52:01.719507+00:00 dasha-VirtualBox kernel: CPU topo: Max. logical dies:       1
2025-09-12T08:52:01.719507+00:00 dasha-VirtualBox kernel: CPU topo: Max. dies per package:   1
2025-09-12T08:52:01.719509+00:00 dasha-VirtualBox kernel: CPU topo: Max. threads per core:   1
2025-09-12T08:52:01.719509+00:00 dasha-VirtualBox kernel: CPU topo: Num. cores per package:     4
2025-09-12T08:52:01.719509+00:00 dasha-VirtualBox kernel: CPU topo: Num. threads per package:   4
2025-09-12T08:52:01.719510+00:00 dasha-VirtualBox kernel: CPU topo: Allowing 4 present CPUs plus 0 hotplug CPUs
2025-09-12T08:52:01.719510+00:00 dasha-VirtualBox kernel: PM: hibernation: Registered nosave memory: [mem 0x00000000-0x00000fff]
2025-09-12T08:52:01.719510+00:00 dasha-VirtualBox kernel: PM: hibernation: Registered nosave memory: [mem 0x0009f000-0x000fffff]
2025-09-12T08:52:01.719510+00:00 dasha-VirtualBox kernel: PM: hibernation: Registered nosave memory: [mem 0xdfff0000-0xffffffff]
2025-09-12T08:52:01.719512+00:00 dasha-VirtualBox kernel: [mem 0xe0000000-0xfebfffff] available for PCI devices
2025-09-12T08:52:01.719512+00:00 dasha-VirtualBox kernel: Booting paravirtualized kernel on KVM
2025-09-12T08:52:01.719513+00:00 dasha-VirtualBox kernel: clocksource: refined-jiffies: mask: 0xffffffff max_cycles: 0xffffffff, max_idle_ns: 1910969940391419 ns
2025-09-12T08:52:01.719513+00:00 dasha-VirtualBox kernel: setup_percpu: NR_CPUS:8192 nr_cpumask_bits:4 nr_cpu_ids:4 nr_node_ids:1
2025-09-12T08:52:01.719513+00:00 dasha-VirtualBox kernel: percpu: Embedded 88 pages/cpu s237568 r8192 d114688 u524288
2025-09-12T08:52:01.719513+00:00 dasha-VirtualBox kernel: pcpu-alloc: s237568 r8192 d114688 u524288 alloc=1*2097152
2025-09-12T08:52:01.719515+00:00 dasha-VirtualBox kernel: pcpu-alloc: [0] 0 1 2 3 
2025-09-12T08:52:01.719515+00:00 dasha-VirtualBox kernel: kvm-guest: PV spinlocks enabled
2025-09-12T08:52:01.719516+00:00 dasha-VirtualBox kernel: PV qspinlock hash table entries: 256 (order: 0, 4096 bytes, linear)
2025-09-12T08:52:01.719516+00:00 dasha-VirtualBox kernel: Kernel command line: BOOT_IMAGE=/boot/vmlinuz-6.14.0-29-generic root=UUID=9320758f-72be-49fd-96fb-9be077bada73 ro quiet splash
2025-09-12T08:52:01.719516+00:00 dasha-VirtualBox kernel: Unknown kernel command line parameters "splash BOOT_IMAGE=/boot/vmlinuz-6.14.0-29-generic", will be passed to user space.
2025-09-12T08:52:01.719517+00:00 dasha-VirtualBox kernel: random: crng init done
2025-09-12T08:52:01.719518+00:00 dasha-VirtualBox kernel: printk: log buffer data + meta data: 262144 + 917504 = 1179648 bytes
2025-09-12T08:52:01.719518+00:00 dasha-VirtualBox kernel: Dentry cache hash table entries: 524288 (order: 10, 4194304 bytes, linear)
2025-09-12T08:52:01.719519+00:00 dasha-VirtualBox kernel: Inode-cache hash table entries: 262144 (order: 9, 2097152 bytes, linear)
2025-09-12T08:52:01.719519+00:00 dasha-VirtualBox kernel: Fallback order for Node 0: 0 
2025-09-12T08:52:01.719519+00:00 dasha-VirtualBox kernel: Built 1 zonelists, mobility grouping on.  Total pages: 1048462
2025-09-12T08:52:01.719520+00:00 dasha-VirtualBox kernel: Policy zone: Normal
2025-09-12T08:52:01.719521+00:00 dasha-VirtualBox kernel: mem auto-init: stack:all(zero), heap alloc:on, heap free:off
2025-09-12T08:52:01.719522+00:00 dasha-VirtualBox kernel: software IO TLB: area num 4.
2025-09-12T08:52:01.719522+00:00 dasha-VirtualBox kernel: SLUB: HWalign=64, Order=0-3, MinObjects=0, CPUs=4, Nodes=1
2025-09-12T08:52:01.719522+00:00 dasha-VirtualBox kernel: ftrace: allocating 60358 entries in 236 pages
2025-09-12T08:52:01.719522+00:00 dasha-VirtualBox kernel: ftrace: allocated 236 pages with 5 groups
2025-09-12T08:52:01.719523+00:00 dasha-VirtualBox kernel: Dynamic Preempt: voluntary
2025-09-12T08:52:01.719523+00:00 dasha-VirtualBox kernel: rcu: Preemptible hierarchical RCU implementation.
2025-09-12T08:52:01.719530+00:00 dasha-VirtualBox kernel: rcu: 	RCU restricting CPUs from NR_CPUS=8192 to nr_cpu_ids=4.
2025-09-12T08:52:01.719530+00:00 dasha-VirtualBox kernel: 	Trampoline variant of Tasks RCU enabled.
2025-09-12T08:52:01.719530+00:00 dasha-VirtualBox kernel: 	Rude variant of Tasks RCU enabled.
2025-09-12T08:52:01.719531+00:00 dasha-VirtualBox kernel: 	Tracing variant of Tasks RCU enabled.
2025-09-12T08:52:01.719583+00:00 dasha-VirtualBox kernel: rcu: RCU calculated value of scheduler-enlistment delay is 100 jiffies.
2025-09-12T08:52:01.719584+00:00 dasha-VirtualBox kernel: rcu: Adjusting geometry for rcu_fanout_leaf=16, nr_cpu_ids=4
2025-09-12T08:52:01.719586+00:00 dasha-VirtualBox kernel: RCU Tasks: Setting shift to 2 and lim to 1 rcu_task_cb_adjust=1 rcu_task_cpu_ids=4.
2025-09-12T08:52:01.719586+00:00 dasha-VirtualBox kernel: RCU Tasks Rude: Setting shift to 2 and lim to 1 rcu_task_cb_adjust=1 rcu_task_cpu_ids=4.
2025-09-12T08:52:01.719586+00:00 dasha-VirtualBox kernel: RCU Tasks Trace: Setting shift to 2 and lim to 1 rcu_task_cb_adjust=1 rcu_task_cpu_ids=4.
2025-09-12T08:52:01.719587+00:00 dasha-VirtualBox kernel: NR_IRQS: 524544, nr_irqs: 456, preallocated irqs: 16
2025-09-12T08:52:01.719587+00:00 dasha-VirtualBox kernel: rcu: srcu_init: Setting srcu_struct sizes based on contention.
2025-09-12T08:52:01.719587+00:00 dasha-VirtualBox kernel: Console: colour VGA+ 80x25
2025-09-12T08:52:01.719589+00:00 dasha-VirtualBox kernel: printk: legacy console [tty0] enabled
2025-09-12T08:52:01.719589+00:00 dasha-VirtualBox kernel: ACPI: Core revision 20240827
2025-09-12T08:52:01.719589+00:00 dasha-VirtualBox kernel: APIC: Switch to symmetric I/O mode setup
2025-09-12T08:52:01.719590+00:00 dasha-VirtualBox kernel: x2apic enabled
2025-09-12T08:52:01.719590+00:00 dasha-VirtualBox kernel: APIC: Switched APIC routing to: physical x2apic
2025-09-12T08:52:01.719590+00:00 dasha-VirtualBox kernel: ..TIMER: vector=0x30 apic1=0 pin1=2 apic2=-1 pin2=-1
2025-09-12T08:52:01.719590+00:00 dasha-VirtualBox kernel: clocksource: tsc-early: mask: 0xffffffffffffffff max_cycles: 0x22df1149949, max_idle_ns: 440795312789 ns
2025-09-12T08:52:01.719592+00:00 dasha-VirtualBox kernel: Calibrating delay loop (skipped) preset value.. 4838.40 BogoMIPS (lpj=2419200)
2025-09-12T08:52:01.719592+00:00 dasha-VirtualBox kernel: Last level iTLB entries: 4KB 0, 2MB 0, 4MB 0
2025-09-12T08:52:01.719593+00:00 dasha-VirtualBox kernel: Last level dTLB entries: 4KB 0, 2MB 0, 4MB 0, 1GB 0
2025-09-12T08:52:01.719593+00:00 dasha-VirtualBox kernel: Spectre V1 : Mitigation: usercopy/swapgs barriers and __user pointer sanitization
2025-09-12T08:52:01.719593+00:00 dasha-VirtualBox kernel: Spectre V2 : Mitigation: Retpolines
2025-09-12T08:52:01.719593+00:00 dasha-VirtualBox kernel: Spectre V2 : Spectre v2 / SpectreRSB: Filling RSB on context switch and VMEXIT
2025-09-12T08:52:01.719595+00:00 dasha-VirtualBox kernel: Speculative Store Bypass: Vulnerable
2025-09-12T08:52:01.719595+00:00 dasha-VirtualBox kernel: GDS: Unknown: Dependent on hypervisor status
2025-09-12T08:52:01.719595+00:00 dasha-VirtualBox kernel: ITS: Mitigation: Aligned branch/return thunks
2025-09-12T08:52:01.719596+00:00 dasha-VirtualBox kernel: x86/fpu: Supporting XSAVE feature 0x001: 'x87 floating point registers'
2025-09-12T08:52:01.719596+00:00 dasha-VirtualBox kernel: x86/fpu: Supporting XSAVE feature 0x002: 'SSE registers'
2025-09-12T08:52:01.719596+00:00 dasha-VirtualBox kernel: x86/fpu: Supporting XSAVE feature 0x004: 'AVX registers'
2025-09-12T08:52:01.719598+00:00 dasha-VirtualBox kernel: x86/fpu: xstate_offset[2]:  576, xstate_sizes[2]:  256
2025-09-12T08:52:01.719599+00:00 dasha-VirtualBox kernel: x86/fpu: Enabled xstate features 0x7, context size is 832 bytes, using 'standard' format.
2025-09-12T08:52:01.719599+00:00 dasha-VirtualBox kernel: Freeing SMP alternatives memory: 48K
2025-09-12T08:52:01.719599+00:00 dasha-VirtualBox kernel: pid_max: default: 32768 minimum: 301
2025-09-12T08:52:01.719600+00:00 dasha-VirtualBox kernel: LSM: initializing lsm=lockdown,capability,landlock,yama,apparmor,ima,evm
2025-09-12T08:52:01.719600+00:00 dasha-VirtualBox kernel: landlock: Up and running.
2025-09-12T08:52:01.719600+00:00 dasha-VirtualBox kernel: Yama: becoming mindful.
2025-09-12T08:52:01.719602+00:00 dasha-VirtualBox kernel: AppArmor: AppArmor initialized
2025-09-12T08:52:01.719602+00:00 dasha-VirtualBox kernel: Mount-cache hash table entries: 8192 (order: 4, 65536 bytes, linear)
2025-09-12T08:52:01.719602+00:00 dasha-VirtualBox kernel: Mountpoint-cache hash table entries: 8192 (order: 4, 65536 bytes, linear)
2025-09-12T08:52:01.719603+00:00 dasha-VirtualBox kernel: smpboot: CPU0: 11th Gen Intel(R) Core(TM) i5-1135G7 @ 2.40GHz (family: 0x6, model: 0x8c, stepping: 0x1)
2025-09-12T08:52:01.719603+00:00 dasha-VirtualBox kernel: Performance Events: unsupported p6 CPU model 140 no PMU driver, software events only.
2025-09-12T08:52:01.719603+00:00 dasha-VirtualBox kernel: signal: max sigframe size: 1776
2025-09-12T08:52:01.719605+00:00 dasha-VirtualBox kernel: rcu: Hierarchical SRCU implementation.
2025-09-12T08:52:01.719605+00:00 dasha-VirtualBox kernel: rcu: 	Max phase no-delay instances is 400.
2025-09-12T08:52:01.719606+00:00 dasha-VirtualBox kernel: Timer migration: 1 hierarchy levels; 8 children per group; 1 crossnode level
2025-09-12T08:52:01.719606+00:00 dasha-VirtualBox kernel: NMI watchdog: Perf NMI watchdog permanently disabled
2025-09-12T08:52:01.719606+00:00 dasha-VirtualBox kernel: smp: Bringing up secondary CPUs ...
2025-09-12T08:52:01.719606+00:00 dasha-VirtualBox kernel: smpboot: x86: Booting SMP configuration:
2025-09-12T08:52:01.719608+00:00 dasha-VirtualBox kernel: .... node  #0, CPUs:      #1 #2 #3
2025-09-12T08:52:01.719608+00:00 dasha-VirtualBox kernel: smp: Brought up 1 node, 4 CPUs
2025-09-12T08:52:01.719609+00:00 dasha-VirtualBox kernel: smpboot: Total of 4 processors activated (19353.60 BogoMIPS)
2025-09-12T08:52:01.719609+00:00 dasha-VirtualBox kernel: Memory: 3922600K/4193848K available (21446K kernel code, 4573K rwdata, 15052K rodata, 5132K init, 4436K bss, 264664K reserved, 0K cma-reserved)
2025-09-12T08:52:01.719610+00:00 dasha-VirtualBox kernel: devtmpfs: initialized
2025-09-12T08:52:01.719610+00:00 dasha-VirtualBox kernel: x86/mm: Memory block size: 128MB
2025-09-12T08:52:01.719610+00:00 dasha-VirtualBox kernel: clocksource: jiffies: mask: 0xffffffff max_cycles: 0xffffffff, max_idle_ns: 1911260446275000 ns
2025-09-12T08:52:01.719612+00:00 dasha-VirtualBox kernel: futex hash table entries: 1024 (order: 4, 65536 bytes, linear)
2025-09-12T08:52:01.719612+00:00 dasha-VirtualBox kernel: pinctrl core: initialized pinctrl subsystem
2025-09-12T08:52:01.719612+00:00 dasha-VirtualBox kernel: PM: RTC time: 08:51:52, date: 2025-09-12
2025-09-12T08:52:01.719613+00:00 dasha-VirtualBox kernel: NET: Registered PF_NETLINK/PF_ROUTE protocol family
2025-09-12T08:52:01.719613+00:00 dasha-VirtualBox kernel: DMA: preallocated 512 KiB GFP_KERNEL pool for atomic allocations
2025-09-12T08:52:01.719613+00:00 dasha-VirtualBox kernel: DMA: preallocated 512 KiB GFP_KERNEL|GFP_DMA pool for atomic allocations
2025-09-12T08:52:01.719615+00:00 dasha-VirtualBox kernel: DMA: preallocated 512 KiB GFP_KERNEL|GFP_DMA32 pool for atomic allocations
2025-09-12T08:52:01.719616+00:00 dasha-VirtualBox kernel: audit: initializing netlink subsys (disabled)
2025-09-12T08:52:01.719616+00:00 dasha-VirtualBox kernel: audit: type=2000 audit(1757667117.231:1): state=initialized audit_enabled=0 res=1
2025-09-12T08:52:01.719616+00:00 dasha-VirtualBox kernel: thermal_sys: Registered thermal governor 'fair_share'
2025-09-12T08:52:01.719617+00:00 dasha-VirtualBox kernel: thermal_sys: Registered thermal governor 'bang_bang'
2025-09-12T08:52:01.719617+00:00 dasha-VirtualBox kernel: thermal_sys: Registered thermal governor 'step_wise'
2025-09-12T08:52:01.719619+00:00 dasha-VirtualBox kernel: thermal_sys: Registered thermal governor 'user_space'
2025-09-12T08:52:01.719619+00:00 dasha-VirtualBox kernel: thermal_sys: Registered thermal governor 'power_allocator'
2025-09-12T08:52:01.719620+00:00 dasha-VirtualBox kernel: cpuidle: using governor ladder
2025-09-12T08:52:01.719620+00:00 dasha-VirtualBox kernel: cpuidle: using governor menu
2025-09-12T08:52:01.719620+00:00 dasha-VirtualBox kernel: acpiphp: ACPI Hot Plug PCI Controller Driver version: 0.5
2025-09-12T08:52:01.719620+00:00 dasha-VirtualBox kernel: PCI: Using configuration type 1 for base access
2025-09-12T08:52:01.719621+00:00 dasha-VirtualBox kernel: kprobes: kprobe jump-optimization is enabled. All kprobes are optimized if possible.
2025-09-12T08:52:01.719622+00:00 dasha-VirtualBox kernel: HugeTLB: registered 2.00 MiB page size, pre-allocated 0 pages
2025-09-12T08:52:01.719622+00:00 dasha-VirtualBox kernel: HugeTLB: 28 KiB vmemmap can be freed for a 2.00 MiB page
2025-09-12T08:52:01.719623+00:00 dasha-VirtualBox kernel: ACPI: Added _OSI(Module Device)
2025-09-12T08:52:01.719623+00:00 dasha-VirtualBox kernel: ACPI: Added _OSI(Processor Device)
2025-09-12T08:52:01.719623+00:00 dasha-VirtualBox kernel: ACPI: Added _OSI(3.0 _SCP Extensions)
2025-09-12T08:52:01.719624+00:00 dasha-VirtualBox kernel: ACPI: Added _OSI(Processor Aggregator Device)
2025-09-12T08:52:01.719625+00:00 dasha-VirtualBox kernel: ACPI: 2 ACPI AML tables successfully acquired and loaded
2025-09-12T08:52:01.719626+00:00 dasha-VirtualBox kernel: ACPI: Interpreter enabled
2025-09-12T08:52:01.719626+00:00 dasha-VirtualBox kernel: ACPI: PM: (supports S0 S5)
2025-09-12T08:52:01.719626+00:00 dasha-VirtualBox kernel: ACPI: Using IOAPIC for interrupt routing
2025-09-12T08:52:01.719627+00:00 dasha-VirtualBox kernel: PCI: Using host bridge windows from ACPI; if necessary, use "pci=nocrs" and report a bug
2025-09-12T08:52:01.719627+00:00 dasha-VirtualBox kernel: PCI: Using E820 reservations for host bridge windows
2025-09-12T08:52:01.719627+00:00 dasha-VirtualBox kernel: ACPI: Enabled 2 GPEs in block 00 to 07
2025-09-12T08:52:01.719632+00:00 dasha-VirtualBox kernel: ACPI: PCI Root Bridge [PCI0] (domain 0000 [bus 00-ff])
2025-09-12T08:52:01.719632+00:00 dasha-VirtualBox kernel: acpi PNP0A03:00: _OSC: OS supports [ASPM ClockPM Segments MSI EDR HPX-Type3]
2025-09-12T08:52:01.719633+00:00 dasha-VirtualBox kernel: acpi PNP0A03:00: _OSC: not requesting OS control; OS requires [ExtendedConfig ASPM ClockPM MSI]
2025-09-12T08:52:01.719633+00:00 dasha-VirtualBox kernel: acpi PNP0A03:00: fail to add MMCONFIG information, can't access extended configuration space under this bridge
2025-09-12T08:52:01.719633+00:00 dasha-VirtualBox kernel: PCI host bridge to bus 0000:00
2025-09-12T08:52:01.719634+00:00 dasha-VirtualBox kernel: pci_bus 0000:00: root bus resource [io  0x0000-0x0cf7 window]
2025-09-12T08:52:01.719641+00:00 dasha-VirtualBox kernel: pci_bus 0000:00: root bus resource [io  0x0d00-0xffff window]
2025-09-12T08:52:01.719641+00:00 dasha-VirtualBox kernel: pci_bus 0000:00: root bus resource [mem 0x000a0000-0x000bffff window]
2025-09-12T08:52:01.719642+00:00 dasha-VirtualBox kernel: pci_bus 0000:00: root bus resource [mem 0xe0000000-0xfdffffff window]
2025-09-12T08:52:01.719642+00:00 dasha-VirtualBox kernel: pci_bus 0000:00: root bus resource [bus 00-ff]
2025-09-12T08:52:01.719642+00:00 dasha-VirtualBox kernel: pci 0000:00:00.0: [8086:1237] type 00 class 0x060000 conventional PCI endpoint
2025-09-12T08:52:01.719642+00:00 dasha-VirtualBox kernel: pci 0000:00:01.0: [8086:7000] type 00 class 0x060100 conventional PCI endpoint
2025-09-12T08:52:01.719645+00:00 dasha-VirtualBox kernel: pci 0000:00:01.1: [8086:7111] type 00 class 0x01018a conventional PCI endpoint
2025-09-12T08:52:01.719645+00:00 dasha-VirtualBox kernel: pci 0000:00:01.1: BAR 4 [io  0xd000-0xd00f]
2025-09-12T08:52:01.719645+00:00 dasha-VirtualBox kernel: pci 0000:00:01.1: BAR 0 [io  0x01f0-0x01f7]: legacy IDE quirk
2025-09-12T08:52:01.719646+00:00 dasha-VirtualBox kernel: pci 0000:00:01.1: BAR 1 [io  0x03f6]: legacy IDE quirk
2025-09-12T08:52:01.719646+00:00 dasha-VirtualBox kernel: pci 0000:00:01.1: BAR 2 [io  0x0170-0x0177]: legacy IDE quirk
2025-09-12T08:52:01.719646+00:00 dasha-VirtualBox kernel: pci 0000:00:01.1: BAR 3 [io  0x0376]: legacy IDE quirk
2025-09-12T08:52:01.719646+00:00 dasha-VirtualBox kernel: pci 0000:00:02.0: [15ad:0405] type 00 class 0x030000 conventional PCI endpoint
2025-09-12T08:52:01.719649+00:00 dasha-VirtualBox kernel: pci 0000:00:02.0: BAR 0 [io  0xd010-0xd01f]
2025-09-12T08:52:01.719649+00:00 dasha-VirtualBox kernel: pci 0000:00:02.0: BAR 1 [mem 0xe0000000-0xe0ffffff pref]
2025-09-12T08:52:01.719649+00:00 dasha-VirtualBox kernel: pci 0000:00:02.0: BAR 2 [mem 0xf0000000-0xf01fffff]
2025-09-12T08:52:01.719685+00:00 dasha-VirtualBox kernel: pci 0000:00:02.0: Video device with shadowed ROM at [mem 0x000c0000-0x000dffff]
2025-09-12T08:52:01.719686+00:00 dasha-VirtualBox kernel: pci 0000:00:03.0: [8086:100e] type 00 class 0x020000 conventional PCI endpoint
2025-09-12T08:52:01.719686+00:00 dasha-VirtualBox kernel: pci 0000:00:03.0: BAR 0 [mem 0xf0200000-0xf021ffff]
2025-09-12T08:52:01.719689+00:00 dasha-VirtualBox kernel: pci 0000:00:03.0: BAR 2 [io  0xd020-0xd027]
2025-09-12T08:52:01.719689+00:00 dasha-VirtualBox kernel: pci 0000:00:04.0: [80ee:cafe] type 00 class 0x088000 conventional PCI endpoint
2025-09-12T08:52:01.719689+00:00 dasha-VirtualBox kernel: pci 0000:00:04.0: BAR 0 [io  0xd040-0xd05f]
2025-09-12T08:52:01.719689+00:00 dasha-VirtualBox kernel: pci 0000:00:04.0: BAR 1 [mem 0xf0400000-0xf07fffff]
2025-09-12T08:52:01.719690+00:00 dasha-VirtualBox kernel: pci 0000:00:04.0: BAR 2 [mem 0xf0800000-0xf0803fff pref]
2025-09-12T08:52:01.719690+00:00 dasha-VirtualBox kernel: pci 0000:00:05.0: [8086:2415] type 00 class 0x040100 conventional PCI endpoint
2025-09-12T08:52:01.719692+00:00 dasha-VirtualBox kernel: pci 0000:00:05.0: BAR 0 [io  0xd100-0xd1ff]
2025-09-12T08:52:01.719693+00:00 dasha-VirtualBox kernel: pci 0000:00:05.0: BAR 1 [io  0xd200-0xd23f]
2025-09-12T08:52:01.719693+00:00 dasha-VirtualBox kernel: pci 0000:00:06.0: [106b:003f] type 00 class 0x0c0310 conventional PCI endpoint
2025-09-12T08:52:01.719693+00:00 dasha-VirtualBox kernel: pci 0000:00:06.0: BAR 0 [mem 0xf0804000-0xf0804fff]
2025-09-12T08:52:01.719694+00:00 dasha-VirtualBox kernel: pci 0000:00:07.0: [8086:7113] type 00 class 0x068000 conventional PCI endpoint
2025-09-12T08:52:01.719694+00:00 dasha-VirtualBox kernel: pci 0000:00:07.0: quirk: [io  0x4000-0x403f] claimed by PIIX4 ACPI
2025-09-12T08:52:01.719694+00:00 dasha-VirtualBox kernel: pci 0000:00:07.0: quirk: [io  0x4100-0x410f] claimed by PIIX4 SMB
2025-09-12T08:52:01.719696+00:00 dasha-VirtualBox kernel: pci 0000:00:0b.0: [8086:265c] type 00 class 0x0c0320 conventional PCI endpoint
2025-09-12T08:52:01.719697+00:00 dasha-VirtualBox kernel: pci 0000:00:0b.0: BAR 0 [mem 0xf0805000-0xf0805fff]
2025-09-12T08:52:01.719697+00:00 dasha-VirtualBox kernel: pci 0000:00:0d.0: [8086:2829] type 00 class 0x010601 conventional PCI endpoint
2025-09-12T08:52:01.719697+00:00 dasha-VirtualBox kernel: pci 0000:00:0d.0: BAR 0 [io  0xd240-0xd247]
2025-09-12T08:52:01.719698+00:00 dasha-VirtualBox kernel: pci 0000:00:0d.0: BAR 1 [io  0xd248-0xd24b]
2025-09-12T08:52:01.719698+00:00 dasha-VirtualBox kernel: pci 0000:00:0d.0: BAR 2 [io  0xd250-0xd257]
2025-09-12T08:52:01.719700+00:00 dasha-VirtualBox kernel: pci 0000:00:0d.0: BAR 3 [io  0xd258-0xd25b]
2025-09-12T08:52:01.719701+00:00 dasha-VirtualBox kernel: pci 0000:00:0d.0: BAR 4 [io  0xd260-0xd26f]
2025-09-12T08:52:01.719701+00:00 dasha-VirtualBox kernel: pci 0000:00:0d.0: BAR 5 [mem 0xf0806000-0xf0807fff]
2025-09-12T08:52:01.719701+00:00 dasha-VirtualBox kernel: ACPI: PCI: Interrupt link LNKA configured for IRQ 11
2025-09-12T08:52:01.719701+00:00 dasha-VirtualBox kernel: ACPI: PCI: Interrupt link LNKB configured for IRQ 10
2025-09-12T08:52:01.719702+00:00 dasha-VirtualBox kernel: ACPI: PCI: Interrupt link LNKC configured for IRQ 9
2025-09-12T08:52:01.719702+00:00 dasha-VirtualBox kernel: ACPI: PCI: Interrupt link LNKD configured for IRQ 11
2025-09-12T08:52:01.719704+00:00 dasha-VirtualBox kernel: iommu: Default domain type: Translated
2025-09-12T08:52:01.719704+00:00 dasha-VirtualBox kernel: iommu: DMA domain TLB invalidation policy: lazy mode
2025-09-12T08:52:01.719705+00:00 dasha-VirtualBox kernel: SCSI subsystem initialized
2025-09-12T08:52:01.719705+00:00 dasha-VirtualBox kernel: libata version 3.00 loaded.
2025-09-12T08:52:01.719705+00:00 dasha-VirtualBox kernel: ACPI: bus type USB registered
2025-09-12T08:52:01.719705+00:00 dasha-VirtualBox kernel: usbcore: registered new interface driver usbfs
2025-09-12T08:52:01.719708+00:00 dasha-VirtualBox kernel: usbcore: registered new interface driver hub
2025-09-12T08:52:01.719709+00:00 dasha-VirtualBox kernel: usbcore: registered new device driver usb
2025-09-12T08:52:01.719709+00:00 dasha-VirtualBox kernel: pps_core: LinuxPPS API ver. 1 registered
2025-09-12T08:52:01.719709+00:00 dasha-VirtualBox kernel: pps_core: Software ver. 5.3.6 - Copyright 2005-2007 Rodolfo Giometti <giometti@linux.it>
2025-09-12T08:52:01.719709+00:00 dasha-VirtualBox kernel: PTP clock support registered
2025-09-12T08:52:01.719710+00:00 dasha-VirtualBox kernel: EDAC MC: Ver: 3.0.0
2025-09-12T08:52:01.719712+00:00 dasha-VirtualBox kernel: NetLabel: Initializing
2025-09-12T08:52:01.719712+00:00 dasha-VirtualBox kernel: NetLabel:  domain hash size = 128
2025-09-12T08:52:01.719712+00:00 dasha-VirtualBox kernel: NetLabel:  protocols = UNLABELED CIPSOv4 CALIPSO
2025-09-12T08:52:01.719713+00:00 dasha-VirtualBox kernel: NetLabel:  unlabeled traffic allowed by default
2025-09-12T08:52:01.719713+00:00 dasha-VirtualBox kernel: mctp: management component transport protocol core
2025-09-12T08:52:01.719713+00:00 dasha-VirtualBox kernel: NET: Registered PF_MCTP protocol family
2025-09-12T08:52:01.719713+00:00 dasha-VirtualBox kernel: PCI: Using ACPI for IRQ routing
2025-09-12T08:52:01.719715+00:00 dasha-VirtualBox kernel: PCI: pci_cache_line_size set to 64 bytes
2025-09-12T08:52:01.719716+00:00 dasha-VirtualBox kernel: e820: reserve RAM buffer [mem 0x0009fc00-0x0009ffff]
2025-09-12T08:52:01.719716+00:00 dasha-VirtualBox kernel: e820: reserve RAM buffer [mem 0xdfff0000-0xdfffffff]
2025-09-12T08:52:01.719716+00:00 dasha-VirtualBox kernel: pci 0000:00:02.0: vgaarb: setting as boot VGA device
2025-09-12T08:52:01.719717+00:00 dasha-VirtualBox kernel: pci 0000:00:02.0: vgaarb: bridge control possible
2025-09-12T08:52:01.719717+00:00 dasha-VirtualBox kernel: pci 0000:00:02.0: vgaarb: VGA device added: decodes=io+mem,owns=io+mem,locks=none
2025-09-12T08:52:01.719719+00:00 dasha-VirtualBox kernel: vgaarb: loaded
2025-09-12T08:52:01.719719+00:00 dasha-VirtualBox kernel: clocksource: Switched to clocksource kvm-clock
2025-09-12T08:52:01.719720+00:00 dasha-VirtualBox kernel: VFS: Disk quotas dquot_6.6.0
2025-09-12T08:52:01.719720+00:00 dasha-VirtualBox kernel: VFS: Dquot-cache hash table entries: 512 (order 0, 4096 bytes)
2025-09-12T08:52:01.719720+00:00 dasha-VirtualBox kernel: AppArmor: AppArmor Filesystem Enabled
2025-09-12T08:52:01.719720+00:00 dasha-VirtualBox kernel: pnp: PnP ACPI init
2025-09-12T08:52:01.719721+00:00 dasha-VirtualBox kernel: pnp: PnP ACPI: found 2 devices
2025-09-12T08:52:01.719723+00:00 dasha-VirtualBox kernel: clocksource: acpi_pm: mask: 0xffffff max_cycles: 0xffffff, max_idle_ns: 2085701024 ns
2025-09-12T08:52:01.719723+00:00 dasha-VirtualBox kernel: NET: Registered PF_INET protocol family
2025-09-12T08:52:01.719723+00:00 dasha-VirtualBox kernel: IP idents hash table entries: 65536 (order: 7, 524288 bytes, linear)
2025-09-12T08:52:01.719724+00:00 dasha-VirtualBox kernel: tcp_listen_portaddr_hash hash table entries: 2048 (order: 3, 32768 bytes, linear)
2025-09-12T08:52:01.719724+00:00 dasha-VirtualBox kernel: Table-perturb hash table entries: 65536 (order: 6, 262144 bytes, linear)
2025-09-12T08:52:01.719724+00:00 dasha-VirtualBox kernel: TCP established hash table entries: 32768 (order: 6, 262144 bytes, linear)
2025-09-12T08:52:01.719726+00:00 dasha-VirtualBox kernel: TCP bind hash table entries: 32768 (order: 8, 1048576 bytes, linear)
2025-09-12T08:52:01.719727+00:00 dasha-VirtualBox kernel: TCP: Hash tables configured (established 32768 bind 32768)
2025-09-12T08:52:01.719727+00:00 dasha-VirtualBox kernel: MPTCP token hash table entries: 4096 (order: 4, 98304 bytes, linear)
2025-09-12T08:52:01.719727+00:00 dasha-VirtualBox kernel: UDP hash table entries: 2048 (order: 5, 131072 bytes, linear)
2025-09-12T08:52:01.719727+00:00 dasha-VirtualBox kernel: UDP-Lite hash table entries: 2048 (order: 5, 131072 bytes, linear)
2025-09-12T08:52:01.719728+00:00 dasha-VirtualBox kernel: NET: Registered PF_UNIX/PF_LOCAL protocol family
2025-09-12T08:52:01.719730+00:00 dasha-VirtualBox kernel: NET: Registered PF_XDP protocol family
2025-09-12T08:52:01.719730+00:00 dasha-VirtualBox kernel: pci_bus 0000:00: resource 4 [io  0x0000-0x0cf7 window]
2025-09-12T08:52:01.719731+00:00 dasha-VirtualBox kernel: pci_bus 0000:00: resource 5 [io  0x0d00-0xffff window]
2025-09-12T08:52:01.719731+00:00 dasha-VirtualBox kernel: pci_bus 0000:00: resource 6 [mem 0x000a0000-0x000bffff window]
2025-09-12T08:52:01.719731+00:00 dasha-VirtualBox kernel: pci_bus 0000:00: resource 7 [mem 0xe0000000-0xfdffffff window]
2025-09-12T08:52:01.719732+00:00 dasha-VirtualBox kernel: pci 0000:00:00.0: Limiting direct PCI/PCI transfers
2025-09-12T08:52:01.719732+00:00 dasha-VirtualBox kernel: PCI: CLS 0 bytes, default 64
2025-09-12T08:52:01.719734+00:00 dasha-VirtualBox kernel: PCI-DMA: Using software bounce buffering for IO (SWIOTLB)
2025-09-12T08:52:01.719734+00:00 dasha-VirtualBox kernel: software IO TLB: mapped [mem 0x00000000dbff0000-0x00000000dfff0000] (64MB)
2025-09-12T08:52:01.719735+00:00 dasha-VirtualBox kernel: clocksource: tsc: mask: 0xffffffffffffffff max_cycles: 0x22df1149949, max_idle_ns: 440795312789 ns
2025-09-12T08:52:01.719735+00:00 dasha-VirtualBox kernel: Trying to unpack rootfs image as initramfs...
2025-09-12T08:52:01.719735+00:00 dasha-VirtualBox kernel: clocksource: Switched to clocksource tsc
2025-09-12T08:52:01.719735+00:00 dasha-VirtualBox kernel: platform rtc_cmos: registered platform RTC device (no PNP device found)
2025-09-12T08:52:01.719738+00:00 dasha-VirtualBox kernel: Initialise system trusted keyrings
2025-09-12T08:52:01.719738+00:00 dasha-VirtualBox kernel: Key type blacklist registered
2025-09-12T08:52:01.719738+00:00 dasha-VirtualBox kernel: workingset: timestamp_bits=36 max_order=20 bucket_order=0
2025-09-12T08:52:01.719739+00:00 dasha-VirtualBox kernel: zbud: loaded
2025-09-12T08:52:01.719739+00:00 dasha-VirtualBox kernel: squashfs: version 4.0 (2009/01/31) Phillip Lougher
2025-09-12T08:52:01.719739+00:00 dasha-VirtualBox kernel: fuse: init (API version 7.42)
2025-09-12T08:52:01.719740+00:00 dasha-VirtualBox kernel: integrity: Platform Keyring initialized
2025-09-12T08:52:01.719742+00:00 dasha-VirtualBox kernel: integrity: Machine keyring initialized
2025-09-12T08:52:01.719742+00:00 dasha-VirtualBox kernel: Key type asymmetric registered
2025-09-12T08:52:01.719742+00:00 dasha-VirtualBox kernel: Asymmetric key parser 'x509' registered
2025-09-12T08:52:01.719742+00:00 dasha-VirtualBox kernel: Block layer SCSI generic (bsg) driver version 0.4 loaded (major 243)
2025-09-12T08:52:01.719743+00:00 dasha-VirtualBox kernel: io scheduler mq-deadline registered
2025-09-12T08:52:01.719743+00:00 dasha-VirtualBox kernel: ledtrig-cpu: registered to indicate activity on CPUs
2025-09-12T08:52:01.719745+00:00 dasha-VirtualBox kernel: shpchp: Standard Hot Plug PCI Controller Driver version: 0.4
2025-09-12T08:52:01.719745+00:00 dasha-VirtualBox kernel: ACPI: AC: AC Adapter [AC] (on-line)
2025-09-12T08:52:01.719746+00:00 dasha-VirtualBox kernel: input: Power Button as /devices/LNXSYSTM:00/LNXPWRBN:00/input/input0
2025-09-12T08:52:01.719746+00:00 dasha-VirtualBox kernel: ACPI: button: Power Button [PWRF]
2025-09-12T08:52:01.719746+00:00 dasha-VirtualBox kernel: input: Sleep Button as /devices/LNXSYSTM:00/LNXSLPBN:00/input/input1
2025-09-12T08:52:01.719747+00:00 dasha-VirtualBox kernel: ACPI: button: Sleep Button [SLPF]
2025-09-12T08:52:01.719749+00:00 dasha-VirtualBox kernel: Serial: 8250/16550 driver, 32 ports, IRQ sharing enabled
2025-09-12T08:52:01.719749+00:00 dasha-VirtualBox kernel: ACPI: battery: Slot [BAT0] (battery present)
2025-09-12T08:52:01.719749+00:00 dasha-VirtualBox kernel: Linux agpgart interface v0.103
2025-09-12T08:52:01.719750+00:00 dasha-VirtualBox kernel: loop: module loaded
2025-09-12T08:52:01.719750+00:00 dasha-VirtualBox kernel: ata_piix 0000:00:01.1: version 2.13
2025-09-12T08:52:01.719750+00:00 dasha-VirtualBox kernel: scsi host0: ata_piix
2025-09-12T08:52:01.719750+00:00 dasha-VirtualBox kernel: scsi host1: ata_piix
2025-09-12T08:52:01.719752+00:00 dasha-VirtualBox kernel: ata1: PATA max UDMA/33 cmd 0x1f0 ctl 0x3f6 bmdma 0xd000 irq 14 lpm-pol 0
2025-09-12T08:52:01.719753+00:00 dasha-VirtualBox kernel: ata2: PATA max UDMA/33 cmd 0x170 ctl 0x376 bmdma 0xd008 irq 15 lpm-pol 0
2025-09-12T08:52:01.719753+00:00 dasha-VirtualBox kernel: ACPI: bus type drm_connector registered
2025-09-12T08:52:01.719753+00:00 dasha-VirtualBox kernel: tun: Universal TUN/TAP device driver, 1.6
2025-09-12T08:52:01.719754+00:00 dasha-VirtualBox kernel: PPP generic driver version 2.4.2
2025-09-12T08:52:01.719754+00:00 dasha-VirtualBox kernel: ohci-pci 0000:00:06.0: OHCI PCI host controller
2025-09-12T08:52:01.719791+00:00 dasha-VirtualBox kernel: ohci-pci 0000:00:06.0: new USB bus registered, assigned bus number 1
2025-09-12T08:52:01.719791+00:00 dasha-VirtualBox kernel: ohci-pci 0000:00:06.0: irq 22, io mem 0xf0804000
2025-09-12T08:52:01.719791+00:00 dasha-VirtualBox kernel: Freeing initrd memory: 71092K
2025-09-12T08:52:01.719792+00:00 dasha-VirtualBox kernel: usb usb1: New USB device found, idVendor=1d6b, idProduct=0001, bcdDevice= 6.14
2025-09-12T08:52:01.719792+00:00 dasha-VirtualBox kernel: usb usb1: New USB device strings: Mfr=3, Product=2, SerialNumber=1
2025-09-12T08:52:01.719792+00:00 dasha-VirtualBox kernel: usb usb1: Product: OHCI PCI host controller
2025-09-12T08:52:01.719792+00:00 dasha-VirtualBox kernel: usb usb1: Manufacturer: Linux 6.14.0-29-generic ohci_hcd
2025-09-12T08:52:01.719794+00:00 dasha-VirtualBox kernel: usb usb1: SerialNumber: 0000:00:06.0
2025-09-12T08:52:01.719795+00:00 dasha-VirtualBox kernel: hub 1-0:1.0: USB hub found
2025-09-12T08:52:01.719795+00:00 dasha-VirtualBox kernel: hub 1-0:1.0: 12 ports detected
2025-09-12T08:52:01.719795+00:00 dasha-VirtualBox kernel: ehci-pci 0000:00:0b.0: EHCI Host Controller
2025-09-12T08:52:01.719796+00:00 dasha-VirtualBox kernel: ehci-pci 0000:00:0b.0: new USB bus registered, assigned bus number 2
2025-09-12T08:52:01.719796+00:00 dasha-VirtualBox kernel: i8042: PNP: PS/2 Controller [PNP0303:PS2K,PNP0f03:PS2M] at 0x60,0x64 irq 1,12
2025-09-12T08:52:01.719798+00:00 dasha-VirtualBox kernel: ehci-pci 0000:00:0b.0: irq 19, io mem 0xf0805000
2025-09-12T08:52:01.719798+00:00 dasha-VirtualBox kernel: serio: i8042 KBD port at 0x60,0x64 irq 1
2025-09-12T08:52:01.719799+00:00 dasha-VirtualBox kernel: serio: i8042 AUX port at 0x60,0x64 irq 12
2025-09-12T08:52:01.719799+00:00 dasha-VirtualBox kernel: mousedev: PS/2 mouse device common for all mice
2025-09-12T08:52:01.719799+00:00 dasha-VirtualBox kernel: rtc_cmos rtc_cmos: registered as rtc0
2025-09-12T08:52:01.719799+00:00 dasha-VirtualBox kernel: rtc_cmos rtc_cmos: setting system clock to 2025-09-12T08:51:52 UTC (1757667112)
2025-09-12T08:52:01.719802+00:00 dasha-VirtualBox kernel: rtc_cmos rtc_cmos: alarms up to one day, 114 bytes nvram
2025-09-12T08:52:01.719802+00:00 dasha-VirtualBox kernel: i2c_dev: i2c /dev entries driver
2025-09-12T08:52:01.719802+00:00 dasha-VirtualBox kernel: device-mapper: core: CONFIG_IMA_DISABLE_HTABLE is disabled. Duplicate IMA measurements will not be recorded in the IMA log.
2025-09-12T08:52:01.719803+00:00 dasha-VirtualBox kernel: device-mapper: uevent: version 1.0.3
2025-09-12T08:52:01.719803+00:00 dasha-VirtualBox kernel: device-mapper: ioctl: 4.49.0-ioctl (2025-01-17) initialised: dm-devel@lists.linux.dev
2025-09-12T08:52:01.719803+00:00 dasha-VirtualBox kernel: intel_pstate: CPU model not supported
2025-09-12T08:52:01.719803+00:00 dasha-VirtualBox kernel: drop_monitor: Initializing network drop monitor service
2025-09-12T08:52:01.719805+00:00 dasha-VirtualBox kernel: NET: Registered PF_INET6 protocol family
2025-09-12T08:52:01.719806+00:00 dasha-VirtualBox kernel: input: AT Translated Set 2 keyboard as /devices/platform/i8042/serio0/input/input2
2025-09-12T08:52:01.719806+00:00 dasha-VirtualBox kernel: ehci-pci 0000:00:0b.0: USB 2.0 started, EHCI 1.00
2025-09-12T08:52:01.719806+00:00 dasha-VirtualBox kernel: usb usb2: New USB device found, idVendor=1d6b, idProduct=0002, bcdDevice= 6.14
2025-09-12T08:52:01.719807+00:00 dasha-VirtualBox kernel: usb usb2: New USB device strings: Mfr=3, Product=2, SerialNumber=1
2025-09-12T08:52:01.719807+00:00 dasha-VirtualBox kernel: usb usb2: Product: EHCI Host Controller
2025-09-12T08:52:01.719809+00:00 dasha-VirtualBox kernel: usb usb2: Manufacturer: Linux 6.14.0-29-generic ehci_hcd
2025-09-12T08:52:01.719809+00:00 dasha-VirtualBox kernel: usb usb2: SerialNumber: 0000:00:0b.0
2025-09-12T08:52:01.719810+00:00 dasha-VirtualBox kernel: hub 2-0:1.0: USB hub found
2025-09-12T08:52:01.719810+00:00 dasha-VirtualBox kernel: hub 2-0:1.0: 12 ports detected
2025-09-12T08:52:01.719810+00:00 dasha-VirtualBox kernel: Segment Routing with IPv6
2025-09-12T08:52:01.719810+00:00 dasha-VirtualBox kernel: In-situ OAM (IOAM) with IPv6
2025-09-12T08:52:01.719812+00:00 dasha-VirtualBox kernel: NET: Registered PF_PACKET protocol family
2025-09-12T08:52:01.719813+00:00 dasha-VirtualBox kernel: Key type dns_resolver registered
2025-09-12T08:52:01.719813+00:00 dasha-VirtualBox kernel: IPI shorthand broadcast: enabled
2025-09-12T08:52:01.719813+00:00 dasha-VirtualBox kernel: sched_clock: Marking stable (385073587, 6616625)->(393981501, -2291289)
2025-09-12T08:52:01.719814+00:00 dasha-VirtualBox kernel: registered taskstats version 1
2025-09-12T08:52:01.719814+00:00 dasha-VirtualBox kernel: Loading compiled-in X.509 certificates
2025-09-12T08:52:01.719814+00:00 dasha-VirtualBox kernel: Loaded X.509 cert 'Build time autogenerated kernel key: 84a77c074d7c6dd17d2f8174ff424123ea4db0a8'
2025-09-12T08:52:01.719816+00:00 dasha-VirtualBox kernel: Loaded X.509 cert 'Canonical Ltd. Live Patch Signing 2025 Kmod: d541cef61dc7e793b7eb7e899970a2eef0b5dc8c'
2025-09-12T08:52:01.719817+00:00 dasha-VirtualBox kernel: Loaded X.509 cert 'Canonical Ltd. Live Patch Signing: 14df34d1a87cf37625abec039ef2bf521249b969'
2025-09-12T08:52:01.719817+00:00 dasha-VirtualBox kernel: Loaded X.509 cert 'Canonical Ltd. Kernel Module Signing: 88f752e560a1e0737e31163a466ad7b70a850c19'
2025-09-12T08:52:01.719817+00:00 dasha-VirtualBox kernel: blacklist: Loading compiled-in revocation X.509 certificates
2025-09-12T08:52:01.719818+00:00 dasha-VirtualBox kernel: Loaded X.509 cert 'Canonical Ltd. Secure Boot Signing: 61482aa2830d0ab2ad5af10b7250da9033ddcef0'
2025-09-12T08:52:01.719818+00:00 dasha-VirtualBox kernel: Loaded X.509 cert 'Canonical Ltd. Secure Boot Signing (2017): 242ade75ac4a15e50d50c84b0d45ff3eae707a03'
2025-09-12T08:52:01.719820+00:00 dasha-VirtualBox kernel: Loaded X.509 cert 'Canonical Ltd. Secure Boot Signing (ESM 2018): 365188c1d374d6b07c3c8f240f8ef722433d6a8b'
2025-09-12T08:52:01.719820+00:00 dasha-VirtualBox kernel: Loaded X.509 cert 'Canonical Ltd. Secure Boot Signing (2019): c0746fd6c5da3ae827864651ad66ae47fe24b3e8'
2025-09-12T08:52:01.719821+00:00 dasha-VirtualBox kernel: Loaded X.509 cert 'Canonical Ltd. Secure Boot Signing (2021 v1): a8d54bbb3825cfb94fa13c9f8a594a195c107b8d'
2025-09-12T08:52:01.719821+00:00 dasha-VirtualBox kernel: Loaded X.509 cert 'Canonical Ltd. Secure Boot Signing (2021 v2): 4cf046892d6fd3c9a5b03f98d845f90851dc6a8c'
2025-09-12T08:52:01.719821+00:00 dasha-VirtualBox kernel: Loaded X.509 cert 'Canonical Ltd. Secure Boot Signing (2021 v3): 100437bb6de6e469b581e61cd66bce3ef4ed53af'
2025-09-12T08:52:01.719826+00:00 dasha-VirtualBox kernel: Loaded X.509 cert 'Canonical Ltd. Secure Boot Signing (Ubuntu Core 2019): c1d57b8f6b743f23ee41f4f7ee292f06eecadfb9'
2025-09-12T08:52:01.719827+00:00 dasha-VirtualBox kernel: Demotion targets for Node 0: null
2025-09-12T08:52:01.719827+00:00 dasha-VirtualBox kernel: Key type .fscrypt registered
2025-09-12T08:52:01.719827+00:00 dasha-VirtualBox kernel: Key type fscrypt-provisioning registered
2025-09-12T08:52:01.719828+00:00 dasha-VirtualBox kernel: Key type encrypted registered
2025-09-12T08:52:01.719828+00:00 dasha-VirtualBox kernel: AppArmor: AppArmor sha256 policy hashing enabled
2025-09-12T08:52:01.719830+00:00 dasha-VirtualBox kernel: ima: No TPM chip found, activating TPM-bypass!
2025-09-12T08:52:01.719830+00:00 dasha-VirtualBox kernel: Loading compiled-in module X.509 certificates
2025-09-12T08:52:01.719831+00:00 dasha-VirtualBox kernel: Loaded X.509 cert 'Build time autogenerated kernel key: 84a77c074d7c6dd17d2f8174ff424123ea4db0a8'
2025-09-12T08:52:01.719831+00:00 dasha-VirtualBox kernel: ima: Allocated hash algorithm: sha256
2025-09-12T08:52:01.719831+00:00 dasha-VirtualBox kernel: ima: No architecture policies found
2025-09-12T08:52:01.719832+00:00 dasha-VirtualBox kernel: evm: Initialising EVM extended attributes:
2025-09-12T08:52:01.719832+00:00 dasha-VirtualBox kernel: evm: security.selinux
2025-09-12T08:52:01.719834+00:00 dasha-VirtualBox kernel: evm: security.SMACK64
2025-09-12T08:52:01.719834+00:00 dasha-VirtualBox kernel: evm: security.SMACK64EXEC
2025-09-12T08:52:01.719835+00:00 dasha-VirtualBox kernel: evm: security.SMACK64TRANSMUTE
2025-09-12T08:52:01.719835+00:00 dasha-VirtualBox kernel: evm: security.SMACK64MMAP
2025-09-12T08:52:01.719835+00:00 dasha-VirtualBox kernel: evm: security.apparmor
2025-09-12T08:52:01.719836+00:00 dasha-VirtualBox kernel: evm: security.ima
2025-09-12T08:52:01.719838+00:00 dasha-VirtualBox kernel: evm: security.capability
2025-09-12T08:52:01.719838+00:00 dasha-VirtualBox kernel: evm: HMAC attrs: 0x1
2025-09-12T08:52:01.719839+00:00 dasha-VirtualBox kernel: PM:   Magic number: 9:107:877
2025-09-12T08:52:01.719839+00:00 dasha-VirtualBox kernel: RAS: Correctable Errors collector initialized.
2025-09-12T08:52:01.719839+00:00 dasha-VirtualBox kernel: clk: Disabling unused clocks
2025-09-12T08:52:01.719839+00:00 dasha-VirtualBox kernel: PM: genpd: Disabling unused power domains
2025-09-12T08:52:01.719840+00:00 dasha-VirtualBox kernel: ata2.00: ATAPI: VBOX CD-ROM, 1.0, max UDMA/133
2025-09-12T08:52:01.719842+00:00 dasha-VirtualBox kernel: scsi 1:0:0:0: CD-ROM            VBOX     CD-ROM           1.0  PQ: 0 ANSI: 5
2025-09-12T08:52:01.719842+00:00 dasha-VirtualBox kernel: sr 1:0:0:0: [sr0] scsi3-mmc drive: 32x/32x xa/form2 tray
2025-09-12T08:52:01.719843+00:00 dasha-VirtualBox kernel: cdrom: Uniform CD-ROM driver Revision: 3.20
2025-09-12T08:52:01.719843+00:00 dasha-VirtualBox kernel: sr 1:0:0:0: Attached scsi CD-ROM sr0
2025-09-12T08:52:01.719843+00:00 dasha-VirtualBox kernel: sr 1:0:0:0: Attached scsi generic sg0 type 5
2025-09-12T08:52:01.719843+00:00 dasha-VirtualBox kernel: Freeing unused decrypted memory: 2028K
2025-09-12T08:52:01.719845+00:00 dasha-VirtualBox kernel: Freeing unused kernel image (initmem) memory: 5132K
2025-09-12T08:52:01.719846+00:00 dasha-VirtualBox kernel: Write protecting the kernel read-only data: 38912k
2025-09-12T08:52:01.719846+00:00 dasha-VirtualBox kernel: Freeing unused kernel image (text/rodata gap) memory: 1080K
2025-09-12T08:52:01.719846+00:00 dasha-VirtualBox kernel: Freeing unused kernel image (rodata/data gap) memory: 1332K
2025-09-12T08:52:01.719847+00:00 dasha-VirtualBox kernel: x86/mm: Checked W+X mappings: passed, no W+X pages found.
2025-09-12T08:52:01.719847+00:00 dasha-VirtualBox kernel: Run /init as init process
2025-09-12T08:52:01.719862+00:00 dasha-VirtualBox kernel:   with arguments:
2025-09-12T08:52:01.719863+00:00 dasha-VirtualBox kernel:     /init
2025-09-12T08:52:01.719863+00:00 dasha-VirtualBox kernel:     splash
2025-09-12T08:52:01.719864+00:00 dasha-VirtualBox kernel:   with environment:
2025-09-12T08:52:01.719864+00:00 dasha-VirtualBox kernel:     HOME=/
2025-09-12T08:52:01.719864+00:00 dasha-VirtualBox kernel:     TERM=linux
2025-09-12T08:52:01.719864+00:00 dasha-VirtualBox kernel:     BOOT_IMAGE=/boot/vmlinuz-6.14.0-29-generic
2025-09-12T08:52:01.719867+00:00 dasha-VirtualBox kernel: e1000: Intel(R) PRO/1000 Network Driver
2025-09-12T08:52:01.719867+00:00 dasha-VirtualBox kernel: e1000: Copyright (c) 1999-2006 Intel Corporation.
2025-09-12T08:52:01.719867+00:00 dasha-VirtualBox kernel: ahci 0000:00:0d.0: version 3.0
2025-09-12T08:52:01.719867+00:00 dasha-VirtualBox kernel: ahci 0000:00:0d.0: SSS flag set, parallel bus scan disabled
2025-09-12T08:52:01.719868+00:00 dasha-VirtualBox kernel: ahci 0000:00:0d.0: AHCI vers 0001.0100, 32 command slots, 3 Gbps, SATA mode
2025-09-12T08:52:01.719868+00:00 dasha-VirtualBox kernel: ahci 0000:00:0d.0: 1/1 ports implemented (port mask 0x1)
2025-09-12T08:52:01.719870+00:00 dasha-VirtualBox kernel: ahci 0000:00:0d.0: flags: 64bit ncq stag only ccc 
2025-09-12T08:52:01.719870+00:00 dasha-VirtualBox kernel: ACPI: video: Video Device [GFX0] (multi-head: yes  rom: no  post: no)
2025-09-12T08:52:01.719871+00:00 dasha-VirtualBox kernel: input: Video Bus as /devices/LNXSYSTM:00/LNXSYBUS:00/PNP0A03:00/LNXVIDEO:00/input/input4
2025-09-12T08:52:01.719871+00:00 dasha-VirtualBox kernel: usb 1-1: new full-speed USB device number 2 using ohci-pci
2025-09-12T08:52:01.719871+00:00 dasha-VirtualBox kernel: input: ImExPS/2 Generic Explorer Mouse as /devices/platform/i8042/serio1/input/input5
2025-09-12T08:52:01.719871+00:00 dasha-VirtualBox kernel: scsi host2: ahci
2025-09-12T08:52:01.719872+00:00 dasha-VirtualBox kernel: ata3: SATA max UDMA/133 abar m8192@0xf0806000 port 0xf0806100 irq 21 lpm-pol 0
2025-09-12T08:52:01.719874+00:00 dasha-VirtualBox kernel: usb 1-1: New USB device found, idVendor=80ee, idProduct=0021, bcdDevice= 1.00
2025-09-12T08:52:01.719904+00:00 dasha-VirtualBox kernel: usb 1-1: New USB device strings: Mfr=1, Product=3, SerialNumber=0
2025-09-12T08:52:01.719904+00:00 dasha-VirtualBox kernel: usb 1-1: Product: USB Tablet
2025-09-12T08:52:01.719904+00:00 dasha-VirtualBox kernel: usb 1-1: Manufacturer: VirtualBox
2025-09-12T08:52:01.719905+00:00 dasha-VirtualBox kernel: hid: raw HID events driver (C) Jiri Kosina
2025-09-12T08:52:01.719905+00:00 dasha-VirtualBox kernel: ata3: SATA link up 3.0 Gbps (SStatus 123 SControl 300)
2025-09-12T08:52:01.719907+00:00 dasha-VirtualBox kernel: ata3.00: ATA-6: VBOX HARDDISK, 1.0, max UDMA/133
2025-09-12T08:52:01.719907+00:00 dasha-VirtualBox kernel: ata3.00: 73400320 sectors, multi 128: LBA48 NCQ (depth 32)
2025-09-12T08:52:01.719908+00:00 dasha-VirtualBox kernel: ata3.00: configured for UDMA/133
2025-09-12T08:52:01.719908+00:00 dasha-VirtualBox kernel: scsi 2:0:0:0: Direct-Access     ATA      VBOX HARDDISK    1.0  PQ: 0 ANSI: 5
2025-09-12T08:52:01.719908+00:00 dasha-VirtualBox kernel: sd 2:0:0:0: Attached scsi generic sg1 type 0
2025-09-12T08:52:01.719909+00:00 dasha-VirtualBox kernel: sd 2:0:0:0: [sda] 73400320 512-byte logical blocks: (37.6 GB/35.0 GiB)
2025-09-12T08:52:01.719911+00:00 dasha-VirtualBox kernel: sd 2:0:0:0: [sda] Write Protect is off
2025-09-12T08:52:01.719911+00:00 dasha-VirtualBox kernel: sd 2:0:0:0: [sda] Mode Sense: 00 3a 00 00
2025-09-12T08:52:01.719911+00:00 dasha-VirtualBox kernel: sd 2:0:0:0: [sda] Write cache: enabled, read cache: enabled, doesn't support DPO or FUA
2025-09-12T08:52:01.719912+00:00 dasha-VirtualBox kernel: sd 2:0:0:0: [sda] Preferred minimum I/O size 512 bytes
2025-09-12T08:52:01.719912+00:00 dasha-VirtualBox kernel: e1000 0000:00:03.0 eth0: (PCI:33MHz:32-bit) 08:00:27:2c:a7:5b
2025-09-12T08:52:01.719912+00:00 dasha-VirtualBox kernel: e1000 0000:00:03.0 eth0: Intel(R) PRO/1000 Network Connection
2025-09-12T08:52:01.719912+00:00 dasha-VirtualBox kernel:  sda: sda1 sda2
2025-09-12T08:52:01.719915+00:00 dasha-VirtualBox kernel: sd 2:0:0:0: [sda] Attached SCSI disk
2025-09-12T08:52:01.719915+00:00 dasha-VirtualBox kernel: e1000 0000:00:03.0 enp0s3: renamed from eth0
2025-09-12T08:52:01.719915+00:00 dasha-VirtualBox kernel: usbcore: registered new interface driver usbhid
2025-09-12T08:52:01.719916+00:00 dasha-VirtualBox kernel: usbhid: USB HID core driver
2025-09-12T08:52:01.719916+00:00 dasha-VirtualBox kernel: input: VirtualBox USB Tablet as /devices/pci0000:00/0000:00:06.0/usb1/1-1/1-1:1.0/0003:80EE:0021.0001/input/input6
2025-09-12T08:52:01.719917+00:00 dasha-VirtualBox kernel: hid-generic 0003:80EE:0021.0001: input,hidraw0: USB HID v1.10 Mouse [VirtualBox USB Tablet] on usb-0000:00:06.0-1/input0
2025-09-12T08:52:01.719920+00:00 dasha-VirtualBox kernel: EXT4-fs (sda2): mounted filesystem 9320758f-72be-49fd-96fb-9be077bada73 ro with ordered data mode. Quota mode: none.
2025-09-12T08:52:01.719920+00:00 dasha-VirtualBox kernel: systemd[1]: Inserted module 'autofs4'
2025-09-12T08:52:01.719921+00:00 dasha-VirtualBox kernel: systemd[1]: systemd 255.4-1ubuntu8.10 running in system mode (+PAM +AUDIT +SELINUX +APPARMOR +IMA +SMACK +SECCOMP +GCRYPT -GNUTLS +OPENSSL +ACL +BLKID +CURL +ELFUTILS +FIDO2 +IDN2 -IDN +IPTC +KMOD +LIBCRYPTSETUP +LIBFDISK +PCRE2 -PWQUALITY +P11KIT +QRENCODE +TPM2 +BZIP2 +LZ4 +XZ +ZLIB +ZSTD -BPF_FRAMEWORK -XKBCOMMON +UTMP +SYSVINIT default-hierarchy=unified)
2025-09-12T08:52:01.719922+00:00 dasha-VirtualBox kernel: systemd[1]: Detected virtualization oracle.
2025-09-12T08:52:01.719922+00:00 dasha-VirtualBox kernel: systemd[1]: Detected architecture x86-64.
2025-09-12T08:52:01.719925+00:00 dasha-VirtualBox kernel: systemd[1]: Invalid DMI field header.
2025-09-12T08:52:01.719926+00:00 dasha-VirtualBox kernel: systemd[1]: Hostname set to <dasha-VirtualBox>.
2025-09-12T08:52:01.719927+00:00 dasha-VirtualBox kernel: systemd[1]: Queued start job for default target graphical.target.
2025-09-12T08:52:01.719927+00:00 dasha-VirtualBox kernel: systemd[1]: Created slice system-modprobe.slice - Slice /system/modprobe.
2025-09-12T08:52:01.719928+00:00 dasha-VirtualBox kernel: systemd[1]: Created slice user.slice - User and Session Slice.
2025-09-12T08:52:01.719928+00:00 dasha-VirtualBox kernel: systemd[1]: Started systemd-ask-password-wall.path - Forward Password Requests to Wall Directory Watch.
2025-09-12T08:52:01.719930+00:00 dasha-VirtualBox kernel: systemd[1]: Set up automount proc-sys-fs-binfmt_misc.automount - Arbitrary Executable File Formats File System Automount Point.
2025-09-12T08:52:01.719932+00:00 dasha-VirtualBox kernel: systemd[1]: Reached target integritysetup.target - Local Integrity Protected Volumes.
2025-09-12T08:52:01.719932+00:00 dasha-VirtualBox kernel: systemd[1]: Reached target remote-fs.target - Remote File Systems.
2025-09-12T08:52:01.719933+00:00 dasha-VirtualBox kernel: systemd[1]: Reached target slices.target - Slice Units.
2025-09-12T08:52:01.719933+00:00 dasha-VirtualBox kernel: systemd[1]: Reached target snapd.mounts-pre.target - Mounting snaps.
2025-09-12T08:52:01.719934+00:00 dasha-VirtualBox kernel: systemd[1]: Reached target veritysetup.target - Local Verity Protected Volumes.
2025-09-12T08:52:01.719934+00:00 dasha-VirtualBox kernel: systemd[1]: Listening on syslog.socket - Syslog Socket.
2025-09-12T08:52:01.719937+00:00 dasha-VirtualBox kernel: systemd[1]: Listening on systemd-fsckd.socket - fsck to fsckd communication Socket.
2025-09-12T08:52:01.719938+00:00 dasha-VirtualBox kernel: systemd[1]: Listening on systemd-initctl.socket - initctl Compatibility Named Pipe.
2025-09-12T08:52:01.719938+00:00 dasha-VirtualBox kernel: systemd[1]: Listening on systemd-journald-dev-log.socket - Journal Socket (/dev/log).
2025-09-12T08:52:01.719939+00:00 dasha-VirtualBox kernel: systemd[1]: Listening on systemd-journald.socket - Journal Socket.
2025-09-12T08:52:01.719939+00:00 dasha-VirtualBox kernel: systemd[1]: Listening on systemd-oomd.socket - Userspace Out-Of-Memory (OOM) Killer Socket.
2025-09-12T08:52:01.719940+00:00 dasha-VirtualBox kernel: systemd[1]: systemd-pcrextend.socket - TPM2 PCR Extension (Varlink) was skipped because of an unmet condition check (ConditionSecurity=measured-uki).
2025-09-12T08:52:01.719942+00:00 dasha-VirtualBox kernel: systemd[1]: Listening on systemd-udevd-control.socket - udev Control Socket.
2025-09-12T08:52:01.719943+00:00 dasha-VirtualBox kernel: systemd[1]: Listening on systemd-udevd-kernel.socket - udev Kernel Socket.
2025-09-12T08:52:01.719943+00:00 dasha-VirtualBox kernel: systemd[1]: Mounting dev-hugepages.mount - Huge Pages File System...
2025-09-12T08:52:01.719944+00:00 dasha-VirtualBox kernel: systemd[1]: Mounting dev-mqueue.mount - POSIX Message Queue File System...
2025-09-12T08:52:01.719944+00:00 dasha-VirtualBox kernel: systemd[1]: Mounting sys-kernel-debug.mount - Kernel Debug File System...
2025-09-12T08:52:01.719945+00:00 dasha-VirtualBox kernel: systemd[1]: Mounting sys-kernel-tracing.mount - Kernel Trace File System...
2025-09-12T08:52:01.719948+00:00 dasha-VirtualBox kernel: systemd[1]: Starting systemd-journald.service - Journal Service...
2025-09-12T08:52:01.719948+00:00 dasha-VirtualBox kernel: systemd[1]: Starting keyboard-setup.service - Set the console keyboard layout...
2025-09-12T08:52:01.719949+00:00 dasha-VirtualBox kernel: systemd[1]: Starting kmod-static-nodes.service - Create List of Static Device Nodes...
2025-09-12T08:52:01.719949+00:00 dasha-VirtualBox kernel: systemd[1]: Starting modprobe@configfs.service - Load Kernel Module configfs...
2025-09-12T08:52:01.719949+00:00 dasha-VirtualBox kernel: systemd[1]: Starting modprobe@dm_mod.service - Load Kernel Module dm_mod...
2025-09-12T08:52:01.719951+00:00 dasha-VirtualBox kernel: systemd[1]: Starting modprobe@drm.service - Load Kernel Module drm...
2025-09-12T08:52:01.719952+00:00 dasha-VirtualBox kernel: systemd[1]: Starting modprobe@efi_pstore.service - Load Kernel Module efi_pstore...
2025-09-12T08:52:01.719954+00:00 dasha-VirtualBox kernel: systemd[1]: Starting modprobe@fuse.service - Load Kernel Module fuse...
2025-09-12T08:52:01.719954+00:00 dasha-VirtualBox kernel: systemd[1]: Starting modprobe@loop.service - Load Kernel Module loop...
2025-09-12T08:52:01.719955+00:00 dasha-VirtualBox kernel: systemd[1]: systemd-fsck-root.service - File System Check on Root Device was skipped because of an unmet condition check (ConditionPathExists=!/run/initramfs/fsck-root).
2025-09-12T08:52:01.719955+00:00 dasha-VirtualBox kernel: systemd-journald[283]: Collecting audit messages is disabled.
2025-09-12T08:52:01.719955+00:00 dasha-VirtualBox kernel: systemd[1]: Starting systemd-modules-load.service - Load Kernel Modules...
2025-09-12T08:52:01.719956+00:00 dasha-VirtualBox kernel: systemd[1]: systemd-pcrmachine.service - TPM2 PCR Machine ID Measurement was skipped because of an unmet condition check (ConditionSecurity=measured-uki).
2025-09-12T08:52:01.719958+00:00 dasha-VirtualBox kernel: systemd[1]: Starting systemd-remount-fs.service - Remount Root and Kernel File Systems...
2025-09-12T08:52:01.719958+00:00 dasha-VirtualBox kernel: systemd[1]: systemd-tpm2-setup-early.service - TPM2 SRK Setup (Early) was skipped because of an unmet condition check (ConditionSecurity=measured-uki).
2025-09-12T08:52:01.719958+00:00 dasha-VirtualBox kernel: systemd[1]: Starting systemd-udev-trigger.service - Coldplug All udev Devices...
2025-09-12T08:52:01.719959+00:00 dasha-VirtualBox kernel: systemd[1]: Mounted dev-hugepages.mount - Huge Pages File System.
2025-09-12T08:52:01.719959+00:00 dasha-VirtualBox kernel: systemd[1]: Mounted dev-mqueue.mount - POSIX Message Queue File System.
2025-09-12T08:52:01.719959+00:00 dasha-VirtualBox kernel: systemd[1]: Mounted sys-kernel-debug.mount - Kernel Debug File System.
2025-09-12T08:52:01.719961+00:00 dasha-VirtualBox kernel: systemd[1]: Mounted sys-kernel-tracing.mount - Kernel Trace File System.
2025-09-12T08:52:01.719962+00:00 dasha-VirtualBox kernel: systemd[1]: Finished kmod-static-nodes.service - Create List of Static Device Nodes.
2025-09-12T08:52:01.719962+00:00 dasha-VirtualBox kernel: systemd[1]: modprobe@configfs.service: Deactivated successfully.
2025-09-12T08:52:01.719962+00:00 dasha-VirtualBox kernel: systemd[1]: Finished modprobe@configfs.service - Load Kernel Module configfs.
2025-09-12T08:52:01.719963+00:00 dasha-VirtualBox kernel: systemd[1]: modprobe@dm_mod.service: Deactivated successfully.
2025-09-12T08:52:01.719963+00:00 dasha-VirtualBox kernel: systemd[1]: Finished modprobe@dm_mod.service - Load Kernel Module dm_mod.
2025-09-12T08:52:01.719965+00:00 dasha-VirtualBox kernel: systemd[1]: modprobe@drm.service: Deactivated successfully.
2025-09-12T08:52:01.719966+00:00 dasha-VirtualBox kernel: systemd[1]: Finished modprobe@drm.service - Load Kernel Module drm.
2025-09-12T08:52:01.719966+00:00 dasha-VirtualBox kernel: systemd[1]: modprobe@efi_pstore.service: Deactivated successfully.
2025-09-12T08:52:01.719966+00:00 dasha-VirtualBox kernel: systemd[1]: Finished modprobe@efi_pstore.service - Load Kernel Module efi_pstore.
2025-09-12T08:52:01.719966+00:00 dasha-VirtualBox kernel: systemd[1]: modprobe@fuse.service: Deactivated successfully.
2025-09-12T08:52:01.719967+00:00 dasha-VirtualBox kernel: systemd[1]: Finished modprobe@fuse.service - Load Kernel Module fuse.
2025-09-12T08:52:01.719969+00:00 dasha-VirtualBox kernel: systemd[1]: modprobe@loop.service: Deactivated successfully.
2025-09-12T08:52:01.720021+00:00 dasha-VirtualBox kernel: systemd[1]: Finished modprobe@loop.service - Load Kernel Module loop.
2025-09-12T08:52:01.720022+00:00 dasha-VirtualBox kernel: systemd[1]: Mounting sys-fs-fuse-connections.mount - FUSE Control File System...
2025-09-12T08:52:01.720022+00:00 dasha-VirtualBox kernel: systemd[1]: Mounting sys-kernel-config.mount - Kernel Configuration File System...
2025-09-12T08:52:01.720022+00:00 dasha-VirtualBox kernel: systemd[1]: systemd-repart.service - Repartition Root Disk was skipped because no trigger condition checks were met.
2025-09-12T08:52:01.720023+00:00 dasha-VirtualBox kernel: EXT4-fs (sda2): re-mounted 9320758f-72be-49fd-96fb-9be077bada73 r/w. Quota mode: none.
2025-09-12T08:52:01.720023+00:00 dasha-VirtualBox kernel: systemd[1]: Starting systemd-tmpfiles-setup-dev-early.service - Create Static Device Nodes in /dev gracefully...
2025-09-12T08:52:01.720026+00:00 dasha-VirtualBox kernel: systemd[1]: Started systemd-journald.service - Journal Service.
2025-09-12T08:52:01.720027+00:00 dasha-VirtualBox kernel: lp: driver loaded but no devices found
2025-09-12T08:52:01.720027+00:00 dasha-VirtualBox kernel: ppdev: user-space parallel port driver
2025-09-12T08:52:01.720027+00:00 dasha-VirtualBox kernel: Adding 4008956k swap on /swap.img.  Priority:-2 extents:14 across:18951168k 
2025-09-12T08:52:01.720028+00:00 dasha-VirtualBox kernel: systemd-journald[283]: Received client request to flush runtime journal.
2025-09-12T08:52:01.720028+00:00 dasha-VirtualBox kernel: loop0: detected capacity change from 0 to 151376
2025-09-12T08:52:01.720030+00:00 dasha-VirtualBox kernel: loop1: detected capacity change from 0 to 8
2025-09-12T08:52:01.720030+00:00 dasha-VirtualBox kernel: loop2: detected capacity change from 0 to 502024
2025-09-12T08:52:01.720031+00:00 dasha-VirtualBox kernel: loop3: detected capacity change from 0 to 22800
2025-09-12T08:52:01.720031+00:00 dasha-VirtualBox kernel: loop4: detected capacity change from 0 to 187776
2025-09-12T08:52:01.720031+00:00 dasha-VirtualBox kernel: loop5: detected capacity change from 0 to 1056784
2025-09-12T08:52:01.720032+00:00 dasha-VirtualBox kernel: loop6: detected capacity change from 0 to 22176
2025-09-12T08:52:01.720034+00:00 dasha-VirtualBox kernel: loop7: detected capacity change from 0 to 1152
2025-09-12T08:52:01.720034+00:00 dasha-VirtualBox kernel: loop8: detected capacity change from 0 to 100952
2025-09-12T08:52:01.720034+00:00 dasha-VirtualBox kernel: audit: type=1400 audit(1757667116.450:2): apparmor="STATUS" operation="profile_load" profile="unconfined" name="QtWebEngineProcess" pid=394 comm="apparmor_parser"
2025-09-12T08:52:01.720035+00:00 dasha-VirtualBox kernel: audit: type=1400 audit(1757667116.450:3): apparmor="STATUS" operation="profile_load" profile="unconfined" name="Discord" pid=392 comm="apparmor_parser"
2025-09-12T08:52:01.720035+00:00 dasha-VirtualBox kernel: audit: type=1400 audit(1757667116.450:4): apparmor="STATUS" operation="profile_load" profile="unconfined" name="1password" pid=391 comm="apparmor_parser"
2025-09-12T08:52:01.720035+00:00 dasha-VirtualBox kernel: audit: type=1400 audit(1757667116.450:5): apparmor="STATUS" operation="profile_load" profile="unconfined" name=4D6F6E676F444220436F6D70617373 pid=393 comm="apparmor_parser"
2025-09-12T08:52:01.720038+00:00 dasha-VirtualBox kernel: audit: type=1400 audit(1757667116.453:6): apparmor="STATUS" operation="profile_load" profile="unconfined" name="brave" pid=398 comm="apparmor_parser"
2025-09-12T08:52:01.720038+00:00 dasha-VirtualBox kernel: audit: type=1400 audit(1757667116.453:7): apparmor="STATUS" operation="profile_load" profile="unconfined" name="buildah" pid=399 comm="apparmor_parser"
2025-09-12T08:52:01.720038+00:00 dasha-VirtualBox kernel: audit: type=1400 audit(1757667116.457:8): apparmor="STATUS" operation="profile_load" profile="unconfined" name="ch-checkns" pid=403 comm="apparmor_parser"
2025-09-12T08:52:01.720039+00:00 dasha-VirtualBox kernel: audit: type=1400 audit(1757667116.457:9): apparmor="STATUS" operation="profile_load" profile="unconfined" name="busybox" pid=400 comm="apparmor_parser"
2025-09-12T08:52:01.720039+00:00 dasha-VirtualBox kernel: audit: type=1400 audit(1757667116.457:10): apparmor="STATUS" operation="profile_load" profile="unconfined" name="cam" pid=402 comm="apparmor_parser"
2025-09-12T08:52:01.720041+00:00 dasha-VirtualBox kernel: vboxguest: host-version: 7.0.12r159484 0x8000000f
2025-09-12T08:52:01.720041+00:00 dasha-VirtualBox kernel: vbg_heartbeat_init: Setting up heartbeat to trigger every 2000 milliseconds
2025-09-12T08:52:01.720042+00:00 dasha-VirtualBox kernel: input: VirtualBox mouse integration as /devices/pci0000:00/0000:00:04.0/input/input7
2025-09-12T08:52:01.720042+00:00 dasha-VirtualBox kernel: piix4_smbus 0000:00:07.0: SMBus Host Controller at 0x4100, revision 0
2025-09-12T08:52:01.720042+00:00 dasha-VirtualBox kernel: vmwgfx 0000:00:02.0: vgaarb: deactivate vga console
2025-09-12T08:52:01.720042+00:00 dasha-VirtualBox kernel: Console: switching to colour dummy device 80x25
2025-09-12T08:52:01.720044+00:00 dasha-VirtualBox kernel: vmwgfx 0000:00:02.0: [drm] FIFO at 0x00000000f0000000 size is 2048 KiB
2025-09-12T08:52:01.720045+00:00 dasha-VirtualBox kernel: vmwgfx 0000:00:02.0: [drm] VRAM at 0x00000000e0000000 size is 16384 KiB
2025-09-12T08:52:01.720045+00:00 dasha-VirtualBox kernel: vmwgfx 0000:00:02.0: [drm] Running on SVGA version 2.
2025-09-12T08:52:01.720045+00:00 dasha-VirtualBox kernel: vmwgfx 0000:00:02.0: [drm] Capabilities: rect copy, cursor, cursor bypass, cursor bypass 2, alpha cursor, extended fifo, pitchlock, irq mask, gmr, traces, gmr2, screen object 2, command buffers, 
2025-09-12T08:52:01.720046+00:00 dasha-VirtualBox kernel: vmwgfx 0000:00:02.0: [drm] *ERROR* vmwgfx seems to be running on an unsupported hypervisor.
2025-09-12T08:52:01.720046+00:00 dasha-VirtualBox kernel: vmwgfx 0000:00:02.0: [drm] *ERROR* This configuration is likely broken.
2025-09-12T08:52:01.720050+00:00 dasha-VirtualBox kernel: vmwgfx 0000:00:02.0: [drm] *ERROR* Please switch to a supported graphics device to avoid problems.
2025-09-12T08:52:01.720051+00:00 dasha-VirtualBox kernel: vmwgfx 0000:00:02.0: [drm] DMA map mode: Caching DMA mappings.
2025-09-12T08:52:01.720051+00:00 dasha-VirtualBox kernel: vmwgfx 0000:00:02.0: [drm] Legacy memory limits: VRAM = 16384 KiB, FIFO = 2048 KiB, surface = 507904 KiB
2025-09-12T08:52:01.720051+00:00 dasha-VirtualBox kernel: vmwgfx 0000:00:02.0: [drm] MOB limits: max mob size = 0 KiB, max mob pages = 0
2025-09-12T08:52:01.720052+00:00 dasha-VirtualBox kernel: vmwgfx 0000:00:02.0: [drm] Max GMR ids is 8192
2025-09-12T08:52:01.720052+00:00 dasha-VirtualBox kernel: vmwgfx 0000:00:02.0: [drm] Max number of GMR pages is 1048576
2025-09-12T08:52:01.720054+00:00 dasha-VirtualBox kernel: vmwgfx 0000:00:02.0: [drm] Maximum display memory size is 16384 KiB
2025-09-12T08:52:01.720054+00:00 dasha-VirtualBox kernel: RAPL PMU: API unit is 2^-32 Joules, 0 fixed counters, 10737418240 ms ovfl timer
2025-09-12T08:52:01.720055+00:00 dasha-VirtualBox kernel: cryptd: max_cpu_qlen set to 1000
2025-09-12T08:52:01.720055+00:00 dasha-VirtualBox kernel: vmwgfx 0000:00:02.0: [drm] Screen Object display unit initialized
2025-09-12T08:52:01.720055+00:00 dasha-VirtualBox kernel: vmwgfx 0000:00:02.0: [drm] Fifo max 0x00200000 min 0x00001000 cap 0x00000355
2025-09-12T08:52:01.720056+00:00 dasha-VirtualBox kernel: vmwgfx 0000:00:02.0: [drm] Using command buffers with DMA pool.
2025-09-12T08:52:01.720056+00:00 dasha-VirtualBox kernel: vmwgfx 0000:00:02.0: [drm] Available shader model: Legacy.
2025-09-12T08:52:01.720058+00:00 dasha-VirtualBox kernel: AES CTR mode by8 optimization enabled
2025-09-12T08:52:01.720058+00:00 dasha-VirtualBox kernel: [drm] Initialized vmwgfx 2.20.0 for 0000:00:02.0 on minor 0
2025-09-12T08:52:01.720059+00:00 dasha-VirtualBox kernel: fbcon: vmwgfxdrmfb (fb0) is primary device
2025-09-12T08:52:01.720059+00:00 dasha-VirtualBox kernel: Console: switching to colour frame buffer device 160x50
2025-09-12T08:52:01.720059+00:00 dasha-VirtualBox kernel: vmwgfx 0000:00:02.0: [drm] fb0: vmwgfxdrmfb frame buffer device
2025-09-12T08:52:01.720059+00:00 dasha-VirtualBox kernel: intel_rapl_msr: PL4 support detected.
2025-09-12T08:52:01.720061+00:00 dasha-VirtualBox kernel: snd_intel8x0 0000:00:05.0: allow list rate for 1028:0177 is 48000
2025-09-12T08:52:01.720062+00:00 dasha-VirtualBox kernel: kauditd_printk_skb: 108 callbacks suppressed
2025-09-12T08:52:01.720062+00:00 dasha-VirtualBox kernel: audit: type=1400 audit(1757667117.308:119): apparmor="STATUS" operation="profile_load" profile="unconfined" name="vivaldi-bin" pid=850 comm="apparmor_parser"
2025-09-12T08:52:01.720062+00:00 dasha-VirtualBox kernel: audit: type=1400 audit(1757667117.309:120): apparmor="STATUS" operation="profile_load" profile="unconfined" name="vpnns" pid=851 comm="apparmor_parser"
2025-09-12T08:52:01.720063+00:00 dasha-VirtualBox kernel: audit: type=1400 audit(1757667117.310:121): apparmor="STATUS" operation="profile_load" profile="unconfined" name="wike" pid=852 comm="apparmor_parser"
2025-09-12T08:52:01.720063+00:00 dasha-VirtualBox kernel: audit: type=1400 audit(1757667117.311:122): apparmor="STATUS" operation="profile_load" profile="unconfined" name="wpcom" pid=853 comm="apparmor_parser"
2025-09-12T08:52:01.720065+00:00 dasha-VirtualBox kernel: audit: type=1400 audit(1757667117.314:123): apparmor="STATUS" operation="profile_load" profile="unconfined" name="rsyslogd" pid=809 comm="apparmor_parser"
2025-09-12T08:52:01.720065+00:00 dasha-VirtualBox kernel: audit: type=1400 audit(1757667117.327:124): apparmor="STATUS" operation="profile_load" profile="unconfined" name="/usr/lib/cups/backend/cups-pdf" pid=777 comm="apparmor_parser"
2025-09-12T08:52:01.720066+00:00 dasha-VirtualBox kernel: audit: type=1400 audit(1757667117.328:125): apparmor="STATUS" operation="profile_load" profile="unconfined" name="/usr/sbin/cupsd" pid=777 comm="apparmor_parser"
2025-09-12T08:52:01.720066+00:00 dasha-VirtualBox kernel: audit: type=1400 audit(1757667117.328:126): apparmor="STATUS" operation="profile_load" profile="unconfined" name="/usr/sbin/cupsd//third_party" pid=777 comm="apparmor_parser"
2025-09-12T08:52:01.720066+00:00 dasha-VirtualBox kernel: audit: type=1400 audit(1757667118.757:127): apparmor="STATUS" operation="profile_load" profile="unconfined" name="/usr/bin/evince" pid=548 comm="apparmor_parser"
2025-09-12T08:52:01.720069+00:00 dasha-VirtualBox kernel: audit: type=1400 audit(1757667118.758:128): apparmor="STATUS" operation="profile_load" profile="unconfined" name="/usr/bin/evince//sanitized_helper" pid=548 comm="apparmor_parser"
2025-09-12T08:52:01.717174+00:00 dasha-VirtualBox systemd[1]: Finished systemd-remount-fs.service - Remount Root and Kernel File Systems.
2025-09-12T08:52:01.720601+00:00 dasha-VirtualBox systemd[1]: Mounted sys-fs-fuse-connections.mount - FUSE Control File System.
2025-09-12T08:52:01.720617+00:00 dasha-VirtualBox systemd[1]: Mounted sys-kernel-config.mount - Kernel Configuration File System.
2025-09-12T08:52:01.720620+00:00 dasha-VirtualBox systemd-modules-load[300]: Inserted module 'lp'
2025-09-12T08:52:01.720623+00:00 dasha-VirtualBox systemd-modules-load[300]: Inserted module 'ppdev'
2025-09-12T08:52:01.720625+00:00 dasha-VirtualBox systemd-modules-load[300]: Inserted module 'parport_pc'
2025-09-12T08:52:01.720627+00:00 dasha-VirtualBox systemd[1]: Activating swap swap.img.swap - /swap.img...
2025-09-12T08:52:01.720630+00:00 dasha-VirtualBox systemd[1]: Starting cloud-init-local.service - Cloud-init: Local Stage (pre-network)...
2025-09-12T08:52:01.720634+00:00 dasha-VirtualBox systemd[1]: systemd-hwdb-update.service - Rebuild Hardware Database was skipped because no trigger condition checks were met.
2025-09-12T08:52:01.720636+00:00 dasha-VirtualBox systemd-modules-load[300]: Inserted module 'msr'
2025-09-12T08:52:01.720639+00:00 dasha-VirtualBox systemd[1]: Starting systemd-journal-flush.service - Flush Journal to Persistent Storage...
2025-09-12T08:52:01.720641+00:00 dasha-VirtualBox systemd[1]: systemd-pstore.service - Platform Persistent Storage Archival was skipped because of an unmet condition check (ConditionDirectoryNotEmpty=/sys/fs/pstore).
2025-09-12T08:52:01.720644+00:00 dasha-VirtualBox systemd[1]: Starting systemd-random-seed.service - Load/Save OS Random Seed...
2025-09-12T08:52:01.720646+00:00 dasha-VirtualBox systemd[1]: systemd-tpm2-setup.service - TPM2 SRK Setup was skipped because of an unmet condition check (ConditionSecurity=measured-uki).
2025-09-12T08:52:01.720650+00:00 dasha-VirtualBox systemd[1]: Activated swap swap.img.swap - /swap.img.
2025-09-12T08:52:01.720652+00:00 dasha-VirtualBox systemd[1]: Finished systemd-modules-load.service - Load Kernel Modules.
2025-09-12T08:52:01.720655+00:00 dasha-VirtualBox systemd[1]: Reached target swap.target - Swaps.
2025-09-12T08:52:01.720657+00:00 dasha-VirtualBox systemd[1]: Starting systemd-sysctl.service - Apply Kernel Variables...
2025-09-12T08:52:01.720659+00:00 dasha-VirtualBox systemd[1]: Finished keyboard-setup.service - Set the console keyboard layout.
2025-09-12T08:52:01.720662+00:00 dasha-VirtualBox systemd[1]: Finished systemd-random-seed.service - Load/Save OS Random Seed.
2025-09-12T08:52:01.720666+00:00 dasha-VirtualBox systemd[1]: Finished systemd-tmpfiles-setup-dev-early.service - Create Static Device Nodes in /dev gracefully.
2025-09-12T08:52:01.720668+00:00 dasha-VirtualBox systemd[1]: Starting systemd-sysusers.service - Create System Users...
2025-09-12T08:52:01.720671+00:00 dasha-VirtualBox systemd[1]: Finished systemd-sysctl.service - Apply Kernel Variables.
2025-09-12T08:52:01.720673+00:00 dasha-VirtualBox systemd[1]: Finished systemd-journal-flush.service - Flush Journal to Persistent Storage.
2025-09-12T08:52:01.720675+00:00 dasha-VirtualBox systemd[1]: Finished systemd-udev-trigger.service - Coldplug All udev Devices.
2025-09-12T08:52:01.720677+00:00 dasha-VirtualBox systemd-sysusers[339]: Creating group 'gamemode' with GID 986.
2025-09-12T08:52:01.720683+00:00 dasha-VirtualBox systemd-sysusers[339]: Creating group 'gnome-initial-setup' with GID 985.
2025-09-12T08:52:01.720687+00:00 dasha-VirtualBox systemd[1]: Finished systemd-sysusers.service - Create System Users.
2025-09-12T08:52:01.720690+00:00 dasha-VirtualBox systemd[1]: Starting systemd-tmpfiles-setup-dev.service - Create Static Device Nodes in /dev...
2025-09-12T08:52:01.720693+00:00 dasha-VirtualBox systemd[1]: Finished systemd-tmpfiles-setup-dev.service - Create Static Device Nodes in /dev.
2025-09-12T08:52:01.720695+00:00 dasha-VirtualBox systemd[1]: Reached target local-fs-pre.target - Preparation for Local File Systems.
2025-09-12T08:52:01.720697+00:00 dasha-VirtualBox systemd[1]: Mounting snap-bare-5.mount - Mount unit for bare, revision 5...
2025-09-12T08:52:01.720701+00:00 dasha-VirtualBox systemd[1]: Mounting snap-core22-2045.mount - Mount unit for core22, revision 2045...
2025-09-12T08:52:01.720703+00:00 dasha-VirtualBox systemd[1]: Mounting snap-firefox-6565.mount - Mount unit for firefox, revision 6565...
2025-09-12T08:52:01.720706+00:00 dasha-VirtualBox systemd[1]: Mounting snap-firmware\x2dupdater-167.mount - Mount unit for firmware-updater, revision 167...
2025-09-12T08:52:01.720708+00:00 dasha-VirtualBox systemd[1]: Mounting snap-gnome\x2d42\x2d2204-202.mount - Mount unit for gnome-42-2204, revision 202...
2025-09-12T08:52:01.720711+00:00 dasha-VirtualBox systemd[1]: Mounting snap-gtk\x2dcommon\x2dthemes-1535.mount - Mount unit for gtk-common-themes, revision 1535...
2025-09-12T08:52:01.720715+00:00 dasha-VirtualBox systemd[1]: Mounting snap-snap\x2dstore-1270.mount - Mount unit for snap-store, revision 1270...
2025-09-12T08:52:01.720718+00:00 dasha-VirtualBox systemd[1]: Mounting snap-snapd-24792.mount - Mount unit for snapd, revision 24792...
2025-09-12T08:52:01.720720+00:00 dasha-VirtualBox systemd[1]: Mounting snap-snapd\x2ddesktop\x2dintegration-315.mount - Mount unit for snapd-desktop-integration, revision 315...
2025-09-12T08:52:01.720722+00:00 dasha-VirtualBox systemd[1]: Starting systemd-udevd.service - Rule-based Manager for Device Events and Files...
2025-09-12T08:52:01.720725+00:00 dasha-VirtualBox systemd[1]: Mounted snap-bare-5.mount - Mount unit for bare, revision 5.
2025-09-12T08:52:01.720729+00:00 dasha-VirtualBox systemd[1]: Mounted snap-core22-2045.mount - Mount unit for core22, revision 2045.
2025-09-12T08:52:01.720735+00:00 dasha-VirtualBox systemd[1]: Mounted snap-firefox-6565.mount - Mount unit for firefox, revision 6565.
2025-09-12T08:52:01.720739+00:00 dasha-VirtualBox systemd[1]: Mounted snap-firmware\x2dupdater-167.mount - Mount unit for firmware-updater, revision 167.
2025-09-12T08:52:01.720743+00:00 dasha-VirtualBox systemd[1]: Mounted snap-gnome\x2d42\x2d2204-202.mount - Mount unit for gnome-42-2204, revision 202.
2025-09-12T08:52:01.720747+00:00 dasha-VirtualBox systemd[1]: Mounted snap-gtk\x2dcommon\x2dthemes-1535.mount - Mount unit for gtk-common-themes, revision 1535.
2025-09-12T08:52:01.720750+00:00 dasha-VirtualBox systemd[1]: Mounted snap-snap\x2dstore-1270.mount - Mount unit for snap-store, revision 1270.
2025-09-12T08:52:01.720803+00:00 dasha-VirtualBox systemd[1]: Mounted snap-snapd-24792.mount - Mount unit for snapd, revision 24792.
2025-09-12T08:52:01.720806+00:00 dasha-VirtualBox systemd[1]: Mounted snap-snapd\x2ddesktop\x2dintegration-315.mount - Mount unit for snapd-desktop-integration, revision 315.
2025-09-12T08:52:01.720809+00:00 dasha-VirtualBox systemd[1]: Reached target snapd.mounts.target - Mounted snaps.
2025-09-12T08:52:01.720821+00:00 dasha-VirtualBox systemd[1]: Reached target local-fs.target - Local File Systems.
2025-09-12T08:52:01.720824+00:00 dasha-VirtualBox systemd[1]: Listening on systemd-sysext.socket - System Extension Image Management (Varlink).
2025-09-12T08:52:01.720826+00:00 dasha-VirtualBox systemd[1]: Starting apparmor.service - Load AppArmor profiles...
2025-09-12T08:52:01.720831+00:00 dasha-VirtualBox systemd[1]: Starting console-setup.service - Set console font and keymap...
2025-09-12T08:52:01.720833+00:00 dasha-VirtualBox systemd[1]: Starting ldconfig.service - Rebuild Dynamic Linker Cache...
2025-09-12T08:52:01.720835+00:00 dasha-VirtualBox systemd[1]: Starting plymouth-read-write.service - Tell Plymouth To Write Out Runtime Data...
2025-09-12T08:52:01.720838+00:00 dasha-VirtualBox systemd[1]: Starting systemd-binfmt.service - Set Up Additional Binary Formats...
2025-09-12T08:52:01.720840+00:00 dasha-VirtualBox systemd[1]: Starting systemd-tmpfiles-setup.service - Create Volatile Files and Directories...
2025-09-12T08:52:01.720842+00:00 dasha-VirtualBox systemd[1]: Starting ufw.service - Uncomplicated firewall...
2025-09-12T08:52:01.720846+00:00 dasha-VirtualBox systemd-udevd[359]: Using default interface naming scheme 'v255'.
2025-09-12T08:52:01.720848+00:00 dasha-VirtualBox systemd[1]: Finished console-setup.service - Set console font and keymap.
2025-09-12T08:52:01.720850+00:00 dasha-VirtualBox systemd[1]: proc-sys-fs-binfmt_misc.automount: Got automount request for /proc/sys/fs/binfmt_misc, triggered by 375 (systemd-binfmt)
2025-09-12T08:52:01.720853+00:00 dasha-VirtualBox apparmor.systemd[369]: Restarting AppArmor
2025-09-12T08:52:01.720855+00:00 dasha-VirtualBox systemd[1]: Finished ufw.service - Uncomplicated firewall.
2025-09-12T08:52:01.720857+00:00 dasha-VirtualBox apparmor.systemd[369]: Reloading AppArmor profiles
2025-09-12T08:52:01.720861+00:00 dasha-VirtualBox systemd[1]: Received SIGRTMIN+20 from PID 207 (plymouthd).
2025-09-12T08:52:01.720864+00:00 dasha-VirtualBox systemd[1]: Finished plymouth-read-write.service - Tell Plymouth To Write Out Runtime Data.
2025-09-12T08:52:01.720866+00:00 dasha-VirtualBox systemd[1]: Finished systemd-tmpfiles-setup.service - Create Volatile Files and Directories.
2025-09-12T08:52:01.720868+00:00 dasha-VirtualBox systemd[1]: systemd-firstboot.service - First Boot Wizard was skipped because of an unmet condition check (ConditionFirstBoot=yes).
2025-09-12T08:52:01.720870+00:00 dasha-VirtualBox systemd[1]: first-boot-complete.target - First Boot Complete was skipped because of an unmet condition check (ConditionFirstBoot=yes).
2025-09-12T08:52:01.720874+00:00 dasha-VirtualBox systemd[1]: Starting systemd-journal-catalog-update.service - Rebuild Journal Catalog...
2025-09-12T08:52:01.720877+00:00 dasha-VirtualBox systemd[1]: systemd-machine-id-commit.service - Commit a transient machine-id on disk was skipped because of an unmet condition check (ConditionPathIsMountPoint=/etc/machine-id).
2025-09-12T08:52:01.720879+00:00 dasha-VirtualBox systemd[1]: Starting systemd-oomd.service - Userspace Out-Of-Memory (OOM) Killer...
2025-09-12T08:52:01.720881+00:00 dasha-VirtualBox systemd[1]: Starting systemd-resolved.service - Network Name Resolution...
2025-09-12T08:52:01.720883+00:00 dasha-VirtualBox systemd[1]: Starting systemd-timesyncd.service - Network Time Synchronization...
2025-09-12T08:52:01.720886+00:00 dasha-VirtualBox systemd[1]: Starting systemd-update-utmp.service - Record System Boot/Shutdown in UTMP...
2025-09-12T08:52:01.720889+00:00 dasha-VirtualBox systemd[1]: Finished ldconfig.service - Rebuild Dynamic Linker Cache.
2025-09-12T08:52:01.720891+00:00 dasha-VirtualBox systemd[1]: Finished systemd-journal-catalog-update.service - Rebuild Journal Catalog.
2025-09-12T08:52:01.720893+00:00 dasha-VirtualBox systemd[1]: Starting systemd-update-done.service - Update is Completed...
2025-09-12T08:52:01.720896+00:00 dasha-VirtualBox systemd[1]: Finished systemd-update-utmp.service - Record System Boot/Shutdown in UTMP.
2025-09-12T08:52:01.720898+00:00 dasha-VirtualBox systemd[1]: Finished systemd-update-done.service - Update is Completed.
2025-09-12T08:52:01.720900+00:00 dasha-VirtualBox systemd[1]: Started systemd-udevd.service - Rule-based Manager for Device Events and Files.
2025-09-12T08:52:01.720904+00:00 dasha-VirtualBox systemd[1]: Starting plymouth-start.service - Show Plymouth Boot Screen...
2025-09-12T08:52:01.720906+00:00 dasha-VirtualBox systemd[1]: Started plymouth-start.service - Show Plymouth Boot Screen.
2025-09-12T08:52:01.720909+00:00 dasha-VirtualBox systemd[1]: systemd-ask-password-console.path - Dispatch Password Requests to Console Directory Watch was skipped because of an unmet condition check (ConditionPathExists=!/run/plymouth/pid).
2025-09-12T08:52:01.720911+00:00 dasha-VirtualBox systemd[1]: Started systemd-ask-password-plymouth.path - Forward Password Requests to Plymouth Directory Watch.
2025-09-12T08:52:01.720913+00:00 dasha-VirtualBox systemd[1]: Reached target cryptsetup.target - Local Encrypted Volumes.
2025-09-12T08:52:01.720917+00:00 dasha-VirtualBox mtp-probe: checking bus 1, device 2: "/sys/devices/pci0000:00/0000:00:06.0/usb1/1-1"
2025-09-12T08:52:01.720920+00:00 dasha-VirtualBox mtp-probe: bus: 1, device: 2 was not an MTP device
2025-09-12T08:52:01.720922+00:00 dasha-VirtualBox systemd[1]: Listening on systemd-rfkill.socket - Load/Save RF Kill Switch Status /dev/rfkill Watch.
2025-09-12T08:52:01.720924+00:00 dasha-VirtualBox cloud-init[618]: Cloud-init v. 25.1.4-0ubuntu0~24.04.1 running 'init-local' at Fri, 12 Sep 2025 08:51:56 +0000. Up 4.74 seconds.
2025-09-12T08:52:01.720928+00:00 dasha-VirtualBox (udev-worker)[476]: controlC0: Process '/usr/sbin/alsactl -E HOME=/run/alsa -E XDG_RUNTIME_DIR=/run/alsa/runtime restore 0' failed with exit code 99.
2025-09-12T08:52:01.720932+00:00 dasha-VirtualBox systemd[1]: systemd-ask-password-console.path - Dispatch Password Requests to Console Directory Watch was skipped because of an unmet condition check (ConditionPathExists=!/run/plymouth/pid).
2025-09-12T08:52:01.720936+00:00 dasha-VirtualBox systemd[1]: Starting modprobe@dm_mod.service - Load Kernel Module dm_mod...
2025-09-12T08:52:01.720938+00:00 dasha-VirtualBox systemd[1]: Starting modprobe@efi_pstore.service - Load Kernel Module efi_pstore...
2025-09-12T08:52:01.720940+00:00 dasha-VirtualBox systemd[1]: Starting modprobe@loop.service - Load Kernel Module loop...
2025-09-12T08:52:01.720942+00:00 dasha-VirtualBox systemd[1]: netplan-ovs-cleanup.service - OpenVSwitch configuration for cleanup was skipped because of an unmet condition check (ConditionFileIsExecutable=/usr/bin/ovs-vsctl).
2025-09-12T08:52:01.720945+00:00 dasha-VirtualBox systemd[1]: systemd-firstboot.service - First Boot Wizard was skipped because of an unmet condition check (ConditionFirstBoot=yes).
2025-09-12T08:52:01.720948+00:00 dasha-VirtualBox systemd[1]: first-boot-complete.target - First Boot Complete was skipped because of an unmet condition check (ConditionFirstBoot=yes).
2025-09-12T08:52:01.720951+00:00 dasha-VirtualBox systemd[1]: systemd-hwdb-update.service - Rebuild Hardware Database was skipped because of an unmet condition check (ConditionNeedsUpdate=/etc).
2025-09-12T08:52:01.720953+00:00 dasha-VirtualBox systemd[1]: systemd-machine-id-commit.service - Commit a transient machine-id on disk was skipped because of an unmet condition check (ConditionPathIsMountPoint=/etc/machine-id).
2025-09-12T08:52:01.720955+00:00 dasha-VirtualBox systemd[1]: systemd-pcrmachine.service - TPM2 PCR Machine ID Measurement was skipped because of an unmet condition check (ConditionSecurity=measured-uki).
2025-09-12T08:52:01.720958+00:00 dasha-VirtualBox systemd[1]: systemd-tpm2-setup-early.service - TPM2 SRK Setup (Early) was skipped because of an unmet condition check (ConditionSecurity=measured-uki).
2025-09-12T08:52:01.720961+00:00 dasha-VirtualBox systemd[1]: systemd-tpm2-setup.service - TPM2 SRK Setup was skipped because of an unmet condition check (ConditionSecurity=measured-uki).
2025-09-12T08:52:01.720963+00:00 dasha-VirtualBox systemd[1]: modprobe@dm_mod.service: Deactivated successfully.
2025-09-12T08:52:01.720965+00:00 dasha-VirtualBox systemd[1]: Finished modprobe@dm_mod.service - Load Kernel Module dm_mod.
2025-09-12T08:52:01.720968+00:00 dasha-VirtualBox systemd[1]: modprobe@efi_pstore.service: Deactivated successfully.
2025-09-12T08:52:01.720970+00:00 dasha-VirtualBox systemd[1]: Finished modprobe@efi_pstore.service - Load Kernel Module efi_pstore.
2025-09-12T08:52:01.720972+00:00 dasha-VirtualBox systemd[1]: systemd-pstore.service - Platform Persistent Storage Archival was skipped because of an unmet condition check (ConditionDirectoryNotEmpty=/sys/fs/pstore).
2025-09-12T08:52:01.720976+00:00 dasha-VirtualBox systemd[1]: modprobe@loop.service: Deactivated successfully.
2025-09-12T08:52:01.720978+00:00 dasha-VirtualBox systemd[1]: Finished modprobe@loop.service - Load Kernel Module loop.
2025-09-12T08:52:01.720980+00:00 dasha-VirtualBox systemd[1]: systemd-repart.service - Repartition Root Disk was skipped because no trigger condition checks were met.
2025-09-12T08:52:01.720982+00:00 dasha-VirtualBox systemd[1]: Reloading requested from client PID 808 ('systemctl') (unit cloud-init-local.service)...
2025-09-12T08:52:01.720985+00:00 dasha-VirtualBox systemd[1]: Reloading...
2025-09-12T08:52:01.720990+00:00 dasha-VirtualBox apparmor.systemd[810]: Warning: found usr.sbin.sssd in /etc/apparmor.d/force-complain, forcing complain mode
2025-09-12T08:52:01.720993+00:00 dasha-VirtualBox apparmor.systemd[810]: Warning from /etc/apparmor.d (/etc/apparmor.d/usr.sbin.sssd line 63): Caching disabled for: 'usr.sbin.sssd' due to force complain
2025-09-12T08:52:01.720997+00:00 dasha-VirtualBox systemd[1]: Reloading finished in 237 ms.
2025-09-12T08:52:01.720999+00:00 dasha-VirtualBox systemd[1]: Mounting proc-sys-fs-binfmt_misc.mount - Arbitrary Executable File Formats File System...
2025-09-12T08:52:01.721002+00:00 dasha-VirtualBox systemd[1]: Mounted proc-sys-fs-binfmt_misc.mount - Arbitrary Executable File Formats File System.
2025-09-12T08:52:01.721004+00:00 dasha-VirtualBox systemd[1]: Finished systemd-binfmt.service - Set Up Additional Binary Formats.
2025-09-12T08:52:01.721008+00:00 dasha-VirtualBox systemd[1]: Started systemd-oomd.service - Userspace Out-Of-Memory (OOM) Killer.
2025-09-12T08:52:01.721010+00:00 dasha-VirtualBox systemd[1]: Started systemd-timesyncd.service - Network Time Synchronization.
2025-09-12T08:52:01.721012+00:00 dasha-VirtualBox systemd[1]: Reached target time-set.target - System Time Set.
2025-09-12T08:52:01.721014+00:00 dasha-VirtualBox systemd-resolved[407]: Positive Trust Anchors:
2025-09-12T08:52:01.721017+00:00 dasha-VirtualBox systemd-resolved[407]: . IN DS 20326 8 2 e06d44b80b8f1d39a95c0b0d7c65d08458e880409bbc683457104237c7f8ec8d
2025-09-12T08:52:01.721020+00:00 dasha-VirtualBox systemd-resolved[407]: Negative trust anchors: home.arpa 10.in-addr.arpa 16.172.in-addr.arpa 17.172.in-addr.arpa 18.172.in-addr.arpa 19.172.in-addr.arpa 20.172.in-addr.arpa 21.172.in-addr.arpa 22.172.in-addr.arpa 23.172.in-addr.arpa 24.172.in-addr.arpa 25.172.in-addr.arpa 26.172.in-addr.arpa 27.172.in-addr.arpa 28.172.in-addr.arpa 29.172.in-addr.arpa 30.172.in-addr.arpa 31.172.in-addr.arpa 170.0.0.192.in-addr.arpa 171.0.0.192.in-addr.arpa 168.192.in-addr.arpa d.f.ip6.arpa ipv4only.arpa corp home internal intranet lan local private test
2025-09-12T08:52:01.721026+00:00 dasha-VirtualBox systemd[1]: Finished cloud-init-local.service - Cloud-init: Local Stage (pre-network).
2025-09-12T08:52:01.721030+00:00 dasha-VirtualBox systemd[1]: Reached target network-pre.target - Preparation for Network.
2025-09-12T08:52:01.721033+00:00 dasha-VirtualBox systemd-resolved[407]: Using system hostname 'dasha-VirtualBox'.
2025-09-12T08:52:01.721068+00:00 dasha-VirtualBox systemd[1]: Started systemd-resolved.service - Network Name Resolution.
2025-09-12T08:52:01.721070+00:00 dasha-VirtualBox systemd[1]: Reached target nss-lookup.target - Host and Network Name Lookups.
2025-09-12T08:52:01.721075+00:00 dasha-VirtualBox systemd[1]: Finished apparmor.service - Load AppArmor profiles.
2025-09-12T08:52:01.721077+00:00 dasha-VirtualBox systemd[1]: Starting snapd.apparmor.service - Load AppArmor profiles managed internally by snapd...
2025-09-12T08:52:01.721082+00:00 dasha-VirtualBox snapd-apparmor[867]: main.go:146: Loading profiles [/var/lib/snapd/apparmor/profiles/snap-confine.snapd.24792 /var/lib/snapd/apparmor/profiles/snap-update-ns.firefox /var/lib/snapd/apparmor/profiles/snap-update-ns.firmware-updater /var/lib/snapd/apparmor/profiles/snap-update-ns.snap-store /var/lib/snapd/apparmor/profiles/snap-update-ns.snapd-desktop-integration /var/lib/snapd/apparmor/profiles/snap.firefox.firefox /var/lib/snapd/apparmor/profiles/snap.firefox.geckodriver /var/lib/snapd/apparmor/profiles/snap.firefox.hook.configure /var/lib/snapd/apparmor/profiles/snap.firefox.hook.disconnect-plug-host-hunspell /var/lib/snapd/apparmor/profiles/snap.firefox.hook.install /var/lib/snapd/apparmor/profiles/snap.firefox.hook.post-refresh /var/lib/snapd/apparmor/profiles/snap.firmware-updater.firmware-notifier /var/lib/snapd/apparmor/profiles/snap.firmware-updater.firmware-updater /var/lib/snapd/apparmor/profiles/snap.firmware-updater.firmware-updater-app /var/lib/snapd/apparmor/profiles/snap.firmware-updater.hook.configure /var/lib/snapd/apparmor/profiles/snap.snap-store.hook.configure /var/lib/snapd/apparmor/profiles/snap.snap-store.show-updates /var/lib/snapd/apparmor/profiles/snap.snap-store.snap-store /var/lib/snapd/apparmor/profiles/snap.snapd-desktop-integration.hook.configure /var/lib/snapd/apparmor/profiles/snap.snapd-desktop-integration.snapd-desktop-integration]
2025-09-12T08:52:01.721086+00:00 dasha-VirtualBox systemd[1]: Finished snapd.apparmor.service - Load AppArmor profiles managed internally by snapd.
2025-09-12T08:52:01.721089+00:00 dasha-VirtualBox systemd[1]: Reached target sysinit.target - System Initialization.
2025-09-12T08:52:01.721092+00:00 dasha-VirtualBox systemd[1]: apport-autoreport.path - Process error reports when automatic reporting is enabled (file watch) was skipped because of an unmet condition check (ConditionPathExists=/var/lib/apport/autoreport).
2025-09-12T08:52:01.721094+00:00 dasha-VirtualBox systemd[1]: Started cups.path - CUPS Scheduler.
2025-09-12T08:52:01.721096+00:00 dasha-VirtualBox systemd[1]: tpm-udev.path - Handle dynamically added tpm devices was skipped because of an unmet condition check (ConditionVirtualization=container).
2025-09-12T08:52:01.721099+00:00 dasha-VirtualBox systemd[1]: Started whoopsie.path - Start whoopsie on modification of the /var/crash directory.
2025-09-12T08:52:01.721101+00:00 dasha-VirtualBox systemd[1]: Started anacron.timer - Trigger anacron every hour.
2025-09-12T08:52:01.721104+00:00 dasha-VirtualBox systemd[1]: apport-autoreport.timer - Process error reports when automatic reporting is enabled (timer based) was skipped because of an unmet condition check (ConditionPathExists=/var/lib/apport/autoreport).
2025-09-12T08:52:01.721107+00:00 dasha-VirtualBox systemd[1]: Started apt-daily.timer - Daily apt download activities.
2025-09-12T08:52:01.721109+00:00 dasha-VirtualBox systemd[1]: Started apt-daily-upgrade.timer - Daily apt upgrade and clean activities.
2025-09-12T08:52:01.721111+00:00 dasha-VirtualBox systemd[1]: Started dpkg-db-backup.timer - Daily dpkg database backup timer.
2025-09-12T08:52:01.721113+00:00 dasha-VirtualBox systemd[1]: Started e2scrub_all.timer - Periodic ext4 Online Metadata Check for All Filesystems.
2025-09-12T08:52:01.721117+00:00 dasha-VirtualBox systemd[1]: Started fstrim.timer - Discard unused filesystem blocks once a week.
2025-09-12T08:52:01.721119+00:00 dasha-VirtualBox systemd[1]: Started fwupd-refresh.timer - Refresh fwupd metadata regularly.
2025-09-12T08:52:01.721122+00:00 dasha-VirtualBox systemd[1]: Started logrotate.timer - Daily rotation of log files.
2025-09-12T08:52:01.721124+00:00 dasha-VirtualBox systemd[1]: Started man-db.timer - Daily man-db regeneration.
2025-09-12T08:52:01.721126+00:00 dasha-VirtualBox systemd[1]: Started motd-news.timer - Message of the Day.
2025-09-12T08:52:01.721129+00:00 dasha-VirtualBox systemd[1]: snapd.snap-repair.timer - Timer to automatically fetch and run repair assertions was skipped because no trigger condition checks were met.
2025-09-12T08:52:01.721136+00:00 dasha-VirtualBox systemd[1]: Started sysstat-collect.timer - Run system activity accounting tool every 10 minutes.
2025-09-12T08:52:01.721138+00:00 dasha-VirtualBox systemd[1]: Started sysstat-summary.timer - Generate summary of yesterday's process accounting.
2025-09-12T08:52:01.721140+00:00 dasha-VirtualBox systemd[1]: Started systemd-tmpfiles-clean.timer - Daily Cleanup of Temporary Directories.
2025-09-12T08:52:01.721143+00:00 dasha-VirtualBox systemd[1]: ua-timer.timer - Ubuntu Pro Timer for running repeated jobs was skipped because of an unmet condition check (ConditionPathExists=/var/lib/ubuntu-advantage/private/machine-token.json).
2025-09-12T08:52:01.721145+00:00 dasha-VirtualBox systemd[1]: Reached target paths.target - Path Units.
2025-09-12T08:52:01.721147+00:00 dasha-VirtualBox systemd[1]: apport-forward.socket - Unix socket for apport crash forwarding was skipped because of an unmet condition check (ConditionVirtualization=container).
2025-09-12T08:52:01.721151+00:00 dasha-VirtualBox systemd[1]: Listening on avahi-daemon.socket - Avahi mDNS/DNS-SD Stack Activation Socket.
2025-09-12T08:52:01.721153+00:00 dasha-VirtualBox systemd[1]: Listening on cups.socket - CUPS Scheduler.
2025-09-12T08:52:01.721155+00:00 dasha-VirtualBox systemd[1]: Listening on dbus.socket - D-Bus System Message Bus Socket.
2025-09-12T08:52:01.721157+00:00 dasha-VirtualBox systemd[1]: Starting snapd.socket - Socket activation for snappy daemon...
2025-09-12T08:52:01.721159+00:00 dasha-VirtualBox systemd[1]: Listening on uuidd.socket - UUID daemon activation socket.
2025-09-12T08:52:01.721161+00:00 dasha-VirtualBox systemd[1]: systemd-pcrphase-sysinit.service - TPM2 PCR Barrier (Initialization) was skipped because of an unmet condition check (ConditionSecurity=measured-uki).
2025-09-12T08:52:01.721165+00:00 dasha-VirtualBox systemd[1]: Listening on snapd.socket - Socket activation for snappy daemon.
2025-09-12T08:52:01.721167+00:00 dasha-VirtualBox systemd[1]: Reached target sockets.target - Socket Units.
2025-09-12T08:52:01.721170+00:00 dasha-VirtualBox systemd[1]: Reached target basic.target - Basic System.
2025-09-12T08:52:01.721172+00:00 dasha-VirtualBox systemd[1]: Started anacron.service - Run anacron jobs.
2025-09-12T08:52:01.721174+00:00 dasha-VirtualBox systemd[1]: Starting apport.service - automatic crash report generation...
2025-09-12T08:52:01.721176+00:00 dasha-VirtualBox systemd[1]: Starting avahi-daemon.service - Avahi mDNS/DNS-SD Stack...
2025-09-12T08:52:01.721184+00:00 dasha-VirtualBox anacron[903]: Anacron 2.3 started on 2025-09-12
2025-09-12T08:52:01.721187+00:00 dasha-VirtualBox systemd[1]: Starting dbus.service - D-Bus System Message Bus...
2025-09-12T08:52:01.721189+00:00 dasha-VirtualBox systemd[1]: Started dmesg.service - Save initial kernel messages after boot.
2025-09-12T08:52:01.721191+00:00 dasha-VirtualBox systemd[1]: Starting e2scrub_reap.service - Remove Stale Online ext4 Metadata Check Snapshots...
2025-09-12T08:52:01.721193+00:00 dasha-VirtualBox anacron[903]: Will run job `cron.daily' in 5 min.
2025-09-12T08:52:01.721196+00:00 dasha-VirtualBox systemd[1]: getty-static.service - getty on tty2-tty6 if dbus and logind are not available was skipped because of an unmet condition check (ConditionPathExists=!/usr/bin/dbus-daemon).
2025-09-12T08:52:01.721201+00:00 dasha-VirtualBox anacron[903]: Will run job `cron.weekly' in 10 min.
2025-09-12T08:52:01.721203+00:00 dasha-VirtualBox systemd[1]: Reached target getty.target - Login Prompts.
2025-09-12T08:52:01.721205+00:00 dasha-VirtualBox anacron[903]: Will run job `cron.monthly' in 15 min.
2025-09-12T08:52:01.721207+00:00 dasha-VirtualBox anacron[903]: Jobs will be executed sequentially
2025-09-12T08:52:01.721209+00:00 dasha-VirtualBox systemd[1]: Starting gnome-remote-desktop.service - GNOME Remote Desktop...
