2025-09-18T16:42:59.749326+00:00 ubuntu systemd[1]: Starting systemd-journal-flush.service - Flush Journal to Persistent Storage...
2025-09-18T16:42:59.750736+00:00 ubuntu systemd-oomd[881]: No swap; memory pressure usage will be degraded
2025-09-18T16:42:59.750755+00:00 ubuntu systemd[1]: Started systemd-oomd.service - Userspace Out-Of-Memory (OOM) Killer.
2025-09-18T16:42:59.750759+00:00 ubuntu systemd[1]: Finished systemd-journal-flush.service - Flush Journal to Persistent Storage.
2025-09-18T16:42:59.750763+00:00 ubuntu systemd[1]: Finished systemd-udev-trigger.service - Coldplug All udev Devices.
2025-09-18T16:42:59.750766+00:00 ubuntu systemd[1]: Starting systemd-udev-settle.service - Wait for udev To Complete Device Initialization...
2025-09-18T16:42:59.750770+00:00 ubuntu udevadm[922]: systemd-udev-settle.service is deprecated. Please fix zfs-load-module.service, zfs-import-cache.service not to pull it in.
2025-09-18T16:42:59.750777+00:00 ubuntu systemd[1]: Finished systemd-tmpfiles-setup-dev-early.service - Create Static Device Nodes in /dev gracefully.
2025-09-18T16:42:59.750780+00:00 ubuntu systemd[1]: Starting systemd-sysusers.service - Create System Users...
2025-09-18T16:42:59.750796+00:00 ubuntu systemd[1]: Finished lvm2-monitor.service - Monitoring of LVM2 mirrors, snapshots etc. using dmeventd or progress polling.
2025-09-18T16:42:59.750806+00:00 ubuntu systemd[1]: Finished systemd-sysctl.service - Apply Kernel Variables.
2025-09-18T16:42:59.750809+00:00 ubuntu systemd-sysusers[925]: Creating group 'gamemode' with GID 985.
2025-09-18T16:42:59.750811+00:00 ubuntu systemd-sysusers[925]: Creating group 'gnome-initial-setup' with GID 984.
2025-09-18T16:42:59.750818+00:00 ubuntu systemd[1]: Finished systemd-sysusers.service - Create System Users.
2025-09-18T16:42:59.750820+00:00 ubuntu systemd[1]: Starting systemd-resolved.service - Network Name Resolution...
2025-09-18T16:42:59.750822+00:00 ubuntu systemd[1]: Starting systemd-timesyncd.service - Network Time Synchronization...
2025-09-18T16:42:59.750828+00:00 ubuntu systemd[1]: Starting systemd-tmpfiles-setup-dev.service - Create Static Device Nodes in /dev...
2025-09-18T16:42:59.750829+00:00 ubuntu systemd[1]: Finished systemd-tmpfiles-setup-dev.service - Create Static Device Nodes in /dev.
2025-09-18T16:42:59.750831+00:00 ubuntu systemd[1]: Reached target local-fs-pre.target - Preparation for Local File Systems.
2025-09-18T16:42:59.750834+00:00 ubuntu systemd[1]: Starting systemd-udevd.service - Rule-based Manager for Device Events and Files...
2025-09-18T16:42:59.750836+00:00 ubuntu systemd-udevd[939]: Using default interface naming scheme 'v257'.
2025-09-18T16:42:59.750837+00:00 ubuntu systemd[1]: Started systemd-timesyncd.service - Network Time Synchronization.
2025-09-18T16:42:59.750839+00:00 ubuntu systemd[1]: Reached target time-set.target - System Time Set.
2025-09-18T16:42:59.750841+00:00 ubuntu systemd-resolved[930]: Positive Trust Anchors:
2025-09-18T16:42:59.750842+00:00 ubuntu systemd-resolved[930]: . IN DS 20326 8 2 e06d44b80b8f1d39a95c0b0d7c65d08458e880409bbc683457104237c7f8ec8d
2025-09-18T16:42:59.750844+00:00 ubuntu systemd-resolved[930]: . IN DS 38696 8 2 683d2d0acb8c9b712a1948b27f741219298d0a450d612c483af444a4c0fb2b16
2025-09-18T16:42:59.750846+00:00 ubuntu systemd-resolved[930]: Negative trust anchors: home.arpa 10.in-addr.arpa 16.172.in-addr.arpa 17.172.in-addr.arpa 18.172.in-addr.arpa 19.172.in-addr.arpa 20.172.in-addr.arpa 21.172.in-addr.arpa 22.172.in-addr.arpa 23.172.in-addr.arpa 24.172.in-addr.arpa 25.172.in-addr.arpa 26.172.in-addr.arpa 27.172.in-addr.arpa 28.172.in-addr.arpa 29.172.in-addr.arpa 30.172.in-addr.arpa 31.172.in-addr.arpa 170.0.0.192.in-addr.arpa 171.0.0.192.in-addr.arpa 168.192.in-addr.arpa d.f.ip6.arpa ipv4only.arpa resolver.arpa corp home internal intranet lan local private test
2025-09-18T16:42:59.750848+00:00 ubuntu systemd-resolved[930]: Using system hostname 'ubuntu'.
2025-09-18T16:42:59.750849+00:00 ubuntu systemd[1]: Started systemd-resolved.service - Network Name Resolution.
2025-09-18T16:42:59.750851+00:00 ubuntu systemd[1]: Reached target nss-lookup.target - Host and Network Name Lookups.
2025-09-18T16:42:59.750856+00:00 ubuntu systemd-udevd[939]: /usr/lib/udev/rules.d/90-alsa-restore.rules:16 GOTO="alsa_restore_std" has no matching label, ignoring.
2025-09-18T16:42:59.750857+00:00 ubuntu systemd-udevd[939]: /usr/lib/udev/rules.d/90-alsa-restore.rules:16 The line has no effect any more, dropping.
2025-09-18T16:42:59.750859+00:00 ubuntu systemd-udevd[939]: /usr/lib/udev/rules.d/90-alsa-restore.rules:20 GOTO="alsa_restore_std" has no matching label, ignoring.
2025-09-18T16:42:59.750860+00:00 ubuntu systemd-udevd[939]: /usr/lib/udev/rules.d/90-alsa-restore.rules:20 The line has no effect any more, dropping.
2025-09-18T16:42:59.750862+00:00 ubuntu systemd[1]: Started systemd-udevd.service - Rule-based Manager for Device Events and Files.
2025-09-18T16:42:59.750867+00:00 ubuntu systemd[1]: Starting plymouth-start.service - Show Plymouth Boot Screen...
2025-09-18T16:42:59.750871+00:00 ubuntu systemd[1]: Started plymouth-start.service - Show Plymouth Boot Screen.
2025-09-18T16:42:59.750872+00:00 ubuntu systemd[1]: systemd-ask-password-console.path - Dispatch Password Requests to Console Directory Watch was skipped because of an unmet condition check (ConditionPathExists=!/run/plymouth/pid).
2025-09-18T16:42:59.749925+00:00 ubuntu kernel: Booting Linux on physical CPU 0x0000000000 [0x610f0000]
2025-09-18T16:42:59.750882+00:00 ubuntu kernel: Linux version 6.14.0-15-generic (buildd@bos03-arm64-008) (aarch64-linux-gnu-gcc-14 (Ubuntu 14.2.0-19ubuntu2) 14.2.0, GNU ld (GNU Binutils for Ubuntu) 2.44) #15-Ubuntu SMP PREEMPT_DYNAMIC Sun Apr  6 14:37:51 UTC 2025 (Ubuntu 6.14.0-15.15-generic 6.14.0)
2025-09-18T16:42:59.750883+00:00 ubuntu kernel: KASLR enabled
2025-09-18T16:42:59.750883+00:00 ubuntu kernel: efi: EFI v2.7 by EDK II
2025-09-18T16:42:59.750884+00:00 ubuntu kernel: efi: SMBIOS 3.0=0x13f810000 MEMATTR=0x13e7f6118 ACPI 2.0=0x13c150018 MOKvar=0x13c060000 INITRD=0x13c483718 RNG=0x13c15e698 MEMRESERVE=0x13c483198 
2025-09-18T16:42:59.750884+00:00 ubuntu kernel: random: crng init done
2025-09-18T16:42:59.750885+00:00 ubuntu kernel: secureboot: Secure boot disabled
2025-09-18T16:42:59.750886+00:00 ubuntu kernel: ACPI: Early table checksum verification disabled
2025-09-18T16:42:59.750886+00:00 ubuntu kernel: ACPI: RSDP 0x000000013C150018 000024 (v02 BOCHS )
2025-09-18T16:42:59.750886+00:00 ubuntu kernel: ACPI: XSDT 0x000000013C15FE98 00006C (v01 BOCHS  BXPC     00000001      01000013)
2025-09-18T16:42:59.750887+00:00 ubuntu kernel: ACPI: FACP 0x000000013C15FA98 000114 (v06 BOCHS  BXPC     00000001 BXPC 00000001)
2025-09-18T16:42:59.750887+00:00 ubuntu kernel: ACPI: DSDT 0x000000013C157518 001470 (v02 BOCHS  BXPC     00000001 BXPC 00000001)
2025-09-18T16:42:59.750888+00:00 ubuntu kernel: ACPI: APIC 0x000000013C15FC18 00019C (v04 BOCHS  BXPC     00000001 BXPC 00000001)
2025-09-18T16:42:59.750888+00:00 ubuntu kernel: ACPI: PPTT 0x000000013C15D898 000088 (v02 BOCHS  BXPC     00000001 BXPC 00000001)
2025-09-18T16:42:59.750890+00:00 ubuntu kernel: ACPI: GTDT 0x000000013C15E818 000068 (v03 BOCHS  BXPC     00000001 BXPC 00000001)
2025-09-18T16:42:59.750890+00:00 ubuntu kernel: ACPI: MCFG 0x000000013C15E918 00003C (v01 BOCHS  BXPC     00000001 BXPC 00000001)
2025-09-18T16:42:59.750891+00:00 ubuntu kernel: ACPI: SPCR 0x000000013C15FF98 000050 (v02 BOCHS  BXPC     00000001 BXPC 00000001)
2025-09-18T16:42:59.750891+00:00 ubuntu kernel: ACPI: DBG2 0x000000013C15E418 000057 (v00 BOCHS  BXPC     00000001 BXPC 00000001)
2025-09-18T16:42:59.750891+00:00 ubuntu kernel: ACPI: IORT 0x000000013C15E718 000080 (v03 BOCHS  BXPC     00000001 BXPC 00000001)
2025-09-18T16:42:59.750892+00:00 ubuntu kernel: ACPI: BGRT 0x000000013C15E498 000038 (v01 INTEL  EDK2     00000002      01000013)
2025-09-18T16:42:59.750893+00:00 ubuntu kernel: ACPI: SPCR: console: pl011,mmio32,0x9000000,9600
2025-09-18T16:42:59.750893+00:00 ubuntu kernel: ACPI: Use ACPI SPCR as default console: Yes
2025-09-18T16:42:59.750893+00:00 ubuntu kernel: NUMA: Faking a node at [mem 0x0000000040000000-0x000000013fffffff]
2025-09-18T16:42:59.750894+00:00 ubuntu kernel: NODE_DATA(0) allocated [mem 0x13f65a5c0-0x13f65ffff]
2025-09-18T16:42:59.750894+00:00 ubuntu kernel: Zone ranges:
2025-09-18T16:42:59.750895+00:00 ubuntu kernel:   DMA      [mem 0x0000000040000000-0x00000000ffffffff]
2025-09-18T16:42:59.750895+00:00 ubuntu kernel:   DMA32    empty
2025-09-18T16:42:59.750896+00:00 ubuntu kernel:   Normal   [mem 0x0000000100000000-0x000000013fffffff]
2025-09-18T16:42:59.750896+00:00 ubuntu kernel:   Device   empty
2025-09-18T16:42:59.750897+00:00 ubuntu kernel: Movable zone start for each node
2025-09-18T16:42:59.750897+00:00 ubuntu kernel: Early memory node ranges
2025-09-18T16:42:59.750898+00:00 ubuntu kernel:   node   0: [mem 0x0000000040000000-0x000000013c05ffff]
2025-09-18T16:42:59.750898+00:00 ubuntu kernel:   node   0: [mem 0x000000013c060000-0x000000013c06ffff]
2025-09-18T16:42:59.750899+00:00 ubuntu kernel:   node   0: [mem 0x000000013c070000-0x000000013c15ffff]
2025-09-18T16:42:59.750899+00:00 ubuntu kernel:   node   0: [mem 0x000000013c160000-0x000000013c47ffff]
2025-09-18T16:42:59.750900+00:00 ubuntu kernel:   node   0: [mem 0x000000013c480000-0x000000013f75ffff]
2025-09-18T16:42:59.750900+00:00 ubuntu kernel:   node   0: [mem 0x000000013f760000-0x000000013f7effff]
2025-09-18T16:42:59.750900+00:00 ubuntu kernel:   node   0: [mem 0x000000013f7f0000-0x000000013f7fffff]
2025-09-18T16:42:59.750901+00:00 ubuntu kernel:   node   0: [mem 0x000000013f800000-0x000000013f91ffff]
2025-09-18T16:42:59.750902+00:00 ubuntu kernel:   node   0: [mem 0x000000013f920000-0x000000013fffffff]
2025-09-18T16:42:59.750902+00:00 ubuntu kernel: Initmem setup node 0 [mem 0x0000000040000000-0x000000013fffffff]
2025-09-18T16:42:59.750902+00:00 ubuntu kernel: cma: Reserved 32 MiB at 0x00000000fe000000 on node -1
2025-09-18T16:42:59.750903+00:00 ubuntu kernel: psci: probing for conduit method from ACPI.
2025-09-18T16:42:59.750903+00:00 ubuntu kernel: psci: PSCIv1.1 detected in firmware.
2025-09-18T16:42:59.750904+00:00 ubuntu kernel: psci: Using standard PSCI v0.2 function IDs
2025-09-18T16:42:59.750910+00:00 ubuntu kernel: psci: Trusted OS migration not required
2025-09-18T16:42:59.750911+00:00 ubuntu kernel: psci: SMC Calling Convention v1.0
2025-09-18T16:42:59.750911+00:00 ubuntu kernel: percpu: Embedded 56 pages/cpu s106264 r8192 d114920 u229376
2025-09-18T16:42:59.750911+00:00 ubuntu kernel: pcpu-alloc: s106264 r8192 d114920 u229376 alloc=56*4096
2025-09-18T16:42:59.750912+00:00 ubuntu kernel: pcpu-alloc: [0] 0 [0] 1 [0] 2 [0] 3 
2025-09-18T16:42:59.750912+00:00 ubuntu kernel: Detected PIPT I-cache on CPU0
2025-09-18T16:42:59.750913+00:00 ubuntu kernel: CPU features: detected: Address authentication (IMP DEF algorithm)
2025-09-18T16:42:59.750913+00:00 ubuntu kernel: CPU features: detected: Spectre-v4
2025-09-18T16:42:59.750914+00:00 ubuntu kernel: alternatives: applying boot alternatives
2025-09-18T16:42:59.750914+00:00 ubuntu kernel: Kernel command line: BOOT_IMAGE=/casper/vmlinuz --- quiet splash console=tty0
2025-09-18T16:42:59.750915+00:00 ubuntu kernel: Unknown kernel command line parameters "--- splash BOOT_IMAGE=/casper/vmlinuz", will be passed to user space.
2025-09-18T16:42:59.750915+00:00 ubuntu kernel: printk: log buffer data + meta data: 262144 + 917504 = 1179648 bytes
2025-09-18T16:42:59.750915+00:00 ubuntu kernel: Dentry cache hash table entries: 524288 (order: 10, 4194304 bytes, linear)
2025-09-18T16:42:59.750916+00:00 ubuntu kernel: Inode-cache hash table entries: 262144 (order: 9, 2097152 bytes, linear)
2025-09-18T16:42:59.750917+00:00 ubuntu kernel: Fallback order for Node 0: 0 
2025-09-18T16:42:59.750917+00:00 ubuntu kernel: Built 1 zonelists, mobility grouping on.  Total pages: 1048576
2025-09-18T16:42:59.750917+00:00 ubuntu kernel: Policy zone: Normal
2025-09-18T16:42:59.750918+00:00 ubuntu kernel: mem auto-init: stack:all(zero), heap alloc:on, heap free:off
2025-09-18T16:42:59.750918+00:00 ubuntu kernel: software IO TLB: area num 4.
2025-09-18T16:42:59.750919+00:00 ubuntu kernel: software IO TLB: mapped [mem 0x00000000fa000000-0x00000000fe000000] (64MB)
2025-09-18T16:42:59.750919+00:00 ubuntu kernel: SLUB: HWalign=64, Order=0-3, MinObjects=0, CPUs=4, Nodes=1
2025-09-18T16:42:59.750920+00:00 ubuntu kernel: ftrace: allocating 65851 entries in 258 pages
2025-09-18T16:42:59.750920+00:00 ubuntu kernel: ftrace: allocated 258 pages with 2 groups
2025-09-18T16:42:59.750921+00:00 ubuntu kernel: Dynamic Preempt: voluntary
2025-09-18T16:42:59.750921+00:00 ubuntu kernel: rcu: Preemptible hierarchical RCU implementation.
2025-09-18T16:42:59.750921+00:00 ubuntu kernel: rcu: 	RCU restricting CPUs from NR_CPUS=512 to nr_cpu_ids=4.
2025-09-18T16:42:59.750929+00:00 ubuntu kernel: 	Trampoline variant of Tasks RCU enabled.
2025-09-18T16:42:59.750929+00:00 ubuntu kernel: 	Rude variant of Tasks RCU enabled.
2025-09-18T16:42:59.750930+00:00 ubuntu kernel: 	Tracing variant of Tasks RCU enabled.
2025-09-18T16:42:59.750931+00:00 ubuntu kernel: rcu: RCU calculated value of scheduler-enlistment delay is 100 jiffies.
2025-09-18T16:42:59.750931+00:00 ubuntu kernel: rcu: Adjusting geometry for rcu_fanout_leaf=16, nr_cpu_ids=4
2025-09-18T16:42:59.750931+00:00 ubuntu kernel: RCU Tasks: Setting shift to 2 and lim to 1 rcu_task_cb_adjust=1 rcu_task_cpu_ids=4.
2025-09-18T16:42:59.750932+00:00 ubuntu kernel: RCU Tasks Rude: Setting shift to 2 and lim to 1 rcu_task_cb_adjust=1 rcu_task_cpu_ids=4.
2025-09-18T16:42:59.750933+00:00 ubuntu kernel: RCU Tasks Trace: Setting shift to 2 and lim to 1 rcu_task_cb_adjust=1 rcu_task_cpu_ids=4.
2025-09-18T16:42:59.750933+00:00 ubuntu kernel: NR_IRQS: 64, nr_irqs: 64, preallocated irqs: 0
2025-09-18T16:42:59.750933+00:00 ubuntu kernel: Root IRQ handler: gic_handle_irq
2025-09-18T16:42:59.750934+00:00 ubuntu kernel: GICv2m: ACPI overriding V2M MSI_TYPER (base:80, num:64)
2025-09-18T16:42:59.750934+00:00 ubuntu kernel: GICv2m: range[mem 0x08020000-0x08020fff], SPI[80:143]
2025-09-18T16:42:59.750934+00:00 ubuntu kernel: rcu: srcu_init: Setting srcu_struct sizes based on contention.
2025-09-18T16:42:59.750935+00:00 ubuntu kernel: arch_timer: cp15 timer(s) running at 24.00MHz (virt).
2025-09-18T16:42:59.750936+00:00 ubuntu kernel: clocksource: arch_sys_counter: mask: 0xffffffffffffff max_cycles: 0x588fe9dc0, max_idle_ns: 440795202592 ns
2025-09-18T16:42:59.750936+00:00 ubuntu kernel: sched_clock: 56 bits at 24MHz, resolution 41ns, wraps every 4398046511097ns
2025-09-18T16:42:59.750937+00:00 ubuntu kernel: Console: colour dummy device 80x25
2025-09-18T16:42:59.750937+00:00 ubuntu kernel: printk: legacy console [tty0] enabled
2025-09-18T16:42:59.750937+00:00 ubuntu kernel: ACPI: Core revision 20240827
2025-09-18T16:42:59.750938+00:00 ubuntu kernel: Calibrating delay loop (skipped), value calculated using timer frequency.. 48.00 BogoMIPS (lpj=24000)
2025-09-18T16:42:59.750939+00:00 ubuntu kernel: pid_max: default: 32768 minimum: 301
2025-09-18T16:42:59.750939+00:00 ubuntu kernel: LSM: initializing lsm=lockdown,capability,landlock,yama,apparmor,ima,evm
2025-09-18T16:42:59.750939+00:00 ubuntu kernel: landlock: Up and running.
2025-09-18T16:42:59.750940+00:00 ubuntu kernel: Yama: becoming mindful.
2025-09-18T16:42:59.750940+00:00 ubuntu kernel: AppArmor: AppArmor initialized
2025-09-18T16:42:59.750948+00:00 ubuntu kernel: Mount-cache hash table entries: 8192 (order: 4, 65536 bytes, linear)
2025-09-18T16:42:59.751883+00:00 ubuntu kernel: Mountpoint-cache hash table entries: 8192 (order: 4, 65536 bytes, linear)
2025-09-18T16:42:59.751885+00:00 ubuntu kernel: rcu: Hierarchical SRCU implementation.
2025-09-18T16:42:59.751885+00:00 ubuntu kernel: rcu: 	Max phase no-delay instances is 400.
2025-09-18T16:42:59.751886+00:00 ubuntu kernel: Timer migration: 1 hierarchy levels; 8 children per group; 1 crossnode level
2025-09-18T16:42:59.751886+00:00 ubuntu kernel: Remapping and enabling EFI services.
2025-09-18T16:42:59.751887+00:00 ubuntu kernel: smp: Bringing up secondary CPUs ...
2025-09-18T16:42:59.751887+00:00 ubuntu kernel: Detected PIPT I-cache on CPU1
2025-09-18T16:42:59.751887+00:00 ubuntu kernel: CPU1: Booted secondary processor 0x0000000001 [0x610f0000]
2025-09-18T16:42:59.751888+00:00 ubuntu kernel: Detected PIPT I-cache on CPU2
2025-09-18T16:42:59.751888+00:00 ubuntu kernel: CPU2: Booted secondary processor 0x0000000002 [0x610f0000]
2025-09-18T16:42:59.751889+00:00 ubuntu kernel: Detected PIPT I-cache on CPU3
2025-09-18T16:42:59.751913+00:00 ubuntu kernel: CPU3: Booted secondary processor 0x0000000003 [0x610f0000]
2025-09-18T16:42:59.751913+00:00 ubuntu kernel: smp: Brought up 1 node, 4 CPUs
2025-09-18T16:42:59.751914+00:00 ubuntu kernel: SMP: Total of 4 processors activated.
2025-09-18T16:42:59.751914+00:00 ubuntu kernel: CPU: All CPU(s) started at EL1
2025-09-18T16:42:59.751915+00:00 ubuntu kernel: CPU features: detected: ARMv8.4 Translation Table Level
2025-09-18T16:42:59.751915+00:00 ubuntu kernel: CPU features: detected: Data cache clean to the PoU not required for I/D coherence
2025-09-18T16:42:59.751915+00:00 ubuntu kernel: CPU features: detected: Common not Private translations
2025-09-18T16:42:59.751917+00:00 ubuntu kernel: CPU features: detected: CRC32 instructions
2025-09-18T16:42:59.751918+00:00 ubuntu kernel: CPU features: detected: Data cache clean to Point of Deep Persistence
2025-09-18T16:42:59.751918+00:00 ubuntu kernel: CPU features: detected: Data cache clean to Point of Persistence
2025-09-18T16:42:59.751919+00:00 ubuntu kernel: CPU features: detected: Data independent timing control (DIT)
2025-09-18T16:42:59.751919+00:00 ubuntu kernel: CPU features: detected: E0PD
2025-09-18T16:42:59.751919+00:00 ubuntu kernel: CPU features: detected: Generic authentication (IMP DEF algorithm)
2025-09-18T16:42:59.751920+00:00 ubuntu kernel: CPU features: detected: RCpc load-acquire (LDAPR)
2025-09-18T16:42:59.751921+00:00 ubuntu kernel: CPU features: detected: LSE atomic instructions
2025-09-18T16:42:59.751922+00:00 ubuntu kernel: CPU features: detected: Privileged Access Never
2025-09-18T16:42:59.751922+00:00 ubuntu kernel: CPU features: detected: RAS Extension Support
2025-09-18T16:42:59.751923+00:00 ubuntu kernel: CPU features: detected: Speculation barrier (SB)
2025-09-18T16:42:59.751923+00:00 ubuntu kernel: CPU features: detected: TLB range maintenance instructions
2025-09-18T16:42:59.751923+00:00 ubuntu kernel: CPU features: detected: Speculative Store Bypassing Safe (SSBS)
2025-09-18T16:42:59.751924+00:00 ubuntu kernel: alternatives: applying system-wide alternatives
2025-09-18T16:42:59.751925+00:00 ubuntu kernel: Memory: 3823148K/4194304K available (24640K kernel code, 5410K rwdata, 17960K rodata, 13504K init, 1194K bss, 329136K reserved, 32768K cma-reserved)
2025-09-18T16:42:59.751925+00:00 ubuntu kernel: devtmpfs: initialized
2025-09-18T16:42:59.751926+00:00 ubuntu kernel: setend instruction emulation is not supported on this system
2025-09-18T16:42:59.751926+00:00 ubuntu kernel: clocksource: jiffies: mask: 0xffffffff max_cycles: 0xffffffff, max_idle_ns: 1911260446275000 ns
2025-09-18T16:42:59.751926+00:00 ubuntu kernel: futex hash table entries: 1024 (order: 4, 65536 bytes, linear)
2025-09-18T16:42:59.751947+00:00 ubuntu kernel: 2G module region forced by RANDOMIZE_MODULE_REGION_FULL
2025-09-18T16:42:59.752149+00:00 ubuntu kernel: 0 pages in range for non-PLT usage
2025-09-18T16:42:59.752150+00:00 ubuntu kernel: 508560 pages in range for PLT usage
2025-09-18T16:42:59.752150+00:00 ubuntu kernel: pinctrl core: initialized pinctrl subsystem
2025-09-18T16:42:59.752151+00:00 ubuntu kernel: SMBIOS 3.0.0 present.
2025-09-18T16:42:59.752151+00:00 ubuntu kernel: DMI: QEMU QEMU Virtual Machine, BIOS 0.0.0 02/06/2015
2025-09-18T16:42:59.752152+00:00 ubuntu kernel: DMI: Memory slots populated: 1/1
2025-09-18T16:42:59.752152+00:00 ubuntu kernel: NET: Registered PF_NETLINK/PF_ROUTE protocol family
2025-09-18T16:42:59.752153+00:00 ubuntu kernel: DMA: preallocated 512 KiB GFP_KERNEL pool for atomic allocations
2025-09-18T16:42:59.752153+00:00 ubuntu kernel: DMA: preallocated 512 KiB GFP_KERNEL|GFP_DMA pool for atomic allocations
2025-09-18T16:42:59.752153+00:00 ubuntu kernel: DMA: preallocated 512 KiB GFP_KERNEL|GFP_DMA32 pool for atomic allocations
2025-09-18T16:42:59.752154+00:00 ubuntu kernel: audit: initializing netlink subsys (disabled)
2025-09-18T16:42:59.752154+00:00 ubuntu kernel: thermal_sys: Registered thermal governor 'fair_share'
2025-09-18T16:42:59.752155+00:00 ubuntu kernel: thermal_sys: Registered thermal governor 'bang_bang'
2025-09-18T16:42:59.752155+00:00 ubuntu kernel: thermal_sys: Registered thermal governor 'step_wise'
2025-09-18T16:42:59.752155+00:00 ubuntu kernel: thermal_sys: Registered thermal governor 'user_space'
2025-09-18T16:42:59.752156+00:00 ubuntu kernel: thermal_sys: Registered thermal governor 'power_allocator'
2025-09-18T16:42:59.752156+00:00 ubuntu kernel: audit: type=2000 audit(0.020:1): state=initialized audit_enabled=0 res=1
2025-09-18T16:42:59.752157+00:00 ubuntu kernel: cpuidle: using governor ladder
2025-09-18T16:42:59.752157+00:00 ubuntu kernel: cpuidle: using governor menu
2025-09-18T16:42:59.752157+00:00 ubuntu kernel: hw-breakpoint: found 6 breakpoint and 4 watchpoint registers.
2025-09-18T16:42:59.752158+00:00 ubuntu kernel: ASID allocator initialised with 256 entries
2025-09-18T16:42:59.752158+00:00 ubuntu kernel: acpiphp: ACPI Hot Plug PCI Controller Driver version: 0.5
2025-09-18T16:42:59.752159+00:00 ubuntu kernel: Serial: AMBA PL011 UART driver
2025-09-18T16:42:59.752159+00:00 ubuntu kernel: HugeTLB: registered 1.00 GiB page size, pre-allocated 0 pages
2025-09-18T16:42:59.752159+00:00 ubuntu kernel: HugeTLB: 0 KiB vmemmap can be freed for a 1.00 GiB page
2025-09-18T16:42:59.752160+00:00 ubuntu kernel: HugeTLB: registered 32.0 MiB page size, pre-allocated 0 pages
2025-09-18T16:42:59.752160+00:00 ubuntu kernel: HugeTLB: 0 KiB vmemmap can be freed for a 32.0 MiB page
2025-09-18T16:42:59.752160+00:00 ubuntu kernel: HugeTLB: registered 2.00 MiB page size, pre-allocated 0 pages
2025-09-18T16:42:59.752161+00:00 ubuntu kernel: HugeTLB: 0 KiB vmemmap can be freed for a 2.00 MiB page
2025-09-18T16:42:59.752161+00:00 ubuntu kernel: HugeTLB: registered 64.0 KiB page size, pre-allocated 0 pages
2025-09-18T16:42:59.752162+00:00 ubuntu kernel: HugeTLB: 0 KiB vmemmap can be freed for a 64.0 KiB page
2025-09-18T16:42:59.752162+00:00 ubuntu kernel: ACPI: Added _OSI(Module Device)
2025-09-18T16:42:59.752162+00:00 ubuntu kernel: ACPI: Added _OSI(Processor Device)
2025-09-18T16:42:59.752163+00:00 ubuntu kernel: ACPI: Added _OSI(3.0 _SCP Extensions)
2025-09-18T16:42:59.752163+00:00 ubuntu kernel: ACPI: Added _OSI(Processor Aggregator Device)
2025-09-18T16:42:59.752164+00:00 ubuntu kernel: ACPI: 1 ACPI AML tables successfully acquired and loaded
2025-09-18T16:42:59.752164+00:00 ubuntu kernel: ACPI: Interpreter enabled
2025-09-18T16:42:59.752164+00:00 ubuntu kernel: ACPI: Using GIC for interrupt routing
2025-09-18T16:42:59.752165+00:00 ubuntu kernel: ACPI: MCFG table detected, 1 entries
2025-09-18T16:42:59.752165+00:00 ubuntu kernel: ACPI: CPU0 has been hot-added
2025-09-18T16:42:59.752166+00:00 ubuntu kernel: ACPI: CPU1 has been hot-added
2025-09-18T16:42:59.752166+00:00 ubuntu kernel: ACPI: CPU2 has been hot-added
2025-09-18T16:42:59.752166+00:00 ubuntu kernel: ACPI: CPU3 has been hot-added
2025-09-18T16:42:59.752167+00:00 ubuntu kernel: ARMH0011:00: ttyAMA0 at MMIO 0x9000000 (irq = 12, base_baud = 0) is a SBSA
2025-09-18T16:42:59.752167+00:00 ubuntu kernel: printk: legacy console [ttyAMA0] enabled
2025-09-18T16:42:59.752168+00:00 ubuntu kernel: ACPI: PCI: Interrupt link L000 configured for IRQ 35
2025-09-18T16:42:59.752168+00:00 ubuntu kernel: ACPI: PCI: Interrupt link L001 configured for IRQ 36
2025-09-18T16:42:59.752168+00:00 ubuntu kernel: ACPI: PCI: Interrupt link L002 configured for IRQ 37
2025-09-18T16:42:59.752169+00:00 ubuntu kernel: ACPI: PCI: Interrupt link L003 configured for IRQ 38
2025-09-18T16:42:59.752169+00:00 ubuntu kernel: ACPI: PCI Root Bridge [PCI0] (domain 0000 [bus 00-0f])
2025-09-18T16:42:59.752170+00:00 ubuntu kernel: acpi PNP0A08:00: _OSC: OS supports [ExtendedConfig ASPM ClockPM Segments MSI EDR HPX-Type3]
2025-09-18T16:42:59.752170+00:00 ubuntu kernel: acpi PNP0A08:00: _OSC: platform does not support [LTR DPC]
2025-09-18T16:42:59.752170+00:00 ubuntu kernel: acpi PNP0A08:00: _OSC: OS now controls [PCIeHotplug SHPCHotplug PME AER PCIeCapability]
2025-09-18T16:42:59.752171+00:00 ubuntu kernel: acpi PNP0A08:00: ECAM area [mem 0x3f000000-0x3fffffff] reserved by PNP0C02:00
2025-09-18T16:42:59.752171+00:00 ubuntu kernel: acpi PNP0A08:00: ECAM at [mem 0x3f000000-0x3fffffff] for [bus 00-0f]
2025-09-18T16:42:59.752172+00:00 ubuntu kernel: ACPI: Remapped I/O 0x000000003eff0000 to [io  0x0000-0xffff window]
2025-09-18T16:42:59.752172+00:00 ubuntu kernel: PCI host bridge to bus 0000:00
2025-09-18T16:42:59.752172+00:00 ubuntu kernel: pci_bus 0000:00: root bus resource [mem 0x10000000-0x3efeffff window]
2025-09-18T16:42:59.752173+00:00 ubuntu kernel: pci_bus 0000:00: root bus resource [io  0x0000-0xffff window]
2025-09-18T16:42:59.752173+00:00 ubuntu kernel: pci_bus 0000:00: root bus resource [bus 00-0f]
2025-09-18T16:42:59.752173+00:00 ubuntu kernel: pci 0000:00:00.0: [1b36:0008] type 00 class 0x060000 conventional PCI endpoint
2025-09-18T16:42:59.752174+00:00 ubuntu kernel: pci 0000:00:01.0: [1af4:1000] type 00 class 0x020000 conventional PCI endpoint
2025-09-18T16:42:59.752232+00:00 ubuntu kernel: pci 0000:00:01.0: BAR 0 [io  0x00e0-0x00ff]
2025-09-18T16:42:59.752233+00:00 ubuntu kernel: pci 0000:00:01.0: BAR 1 [mem 0x10064000-0x10064fff]
2025-09-18T16:42:59.752233+00:00 ubuntu kernel: pci 0000:00:01.0: BAR 4 [mem 0x10050000-0x10053fff 64bit pref]
2025-09-18T16:42:59.752234+00:00 ubuntu kernel: pci 0000:00:01.0: ROM [mem 0xfffc0000-0xffffffff pref]
2025-09-18T16:42:59.752234+00:00 ubuntu kernel: pci 0000:00:02.0: [1af4:1050] type 00 class 0x038000 conventional PCI endpoint
2025-09-18T16:42:59.752234+00:00 ubuntu kernel: pci 0000:00:02.0: BAR 1 [mem 0x10063000-0x10063fff]
2025-09-18T16:42:59.752235+00:00 ubuntu kernel: pci 0000:00:02.0: BAR 4 [mem 0x1004c000-0x1004ffff 64bit pref]
2025-09-18T16:42:59.752235+00:00 ubuntu kernel: pci 0000:00:03.0: [8086:2668] type 00 class 0x040300 conventional PCI endpoint
2025-09-18T16:42:59.752235+00:00 ubuntu kernel: pci 0000:00:03.0: BAR 0 [mem 0x1005c000-0x1005ffff]
2025-09-18T16:42:59.752236+00:00 ubuntu kernel: pci 0000:00:04.0: [1033:0194] type 00 class 0x0c0330 PCIe Root Complex Integrated Endpoint
2025-09-18T16:42:59.752236+00:00 ubuntu kernel: pci 0000:00:04.0: BAR 0 [mem 0x10054000-0x10057fff 64bit]
2025-09-18T16:42:59.752237+00:00 ubuntu kernel: pci 0000:00:04.0: enabling Extended Tags
2025-09-18T16:42:59.752237+00:00 ubuntu kernel: pci 0000:00:05.0: [1b36:000d] type 00 class 0x0c0330 PCIe Root Complex Integrated Endpoint
2025-09-18T16:42:59.752237+00:00 ubuntu kernel: pci 0000:00:05.0: BAR 0 [mem 0x10058000-0x1005bfff 64bit]
2025-09-18T16:42:59.752238+00:00 ubuntu kernel: pci 0000:00:05.0: enabling Extended Tags
2025-09-18T16:42:59.752238+00:00 ubuntu kernel: pci 0000:00:06.0: [1af4:1001] type 00 class 0x010000 conventional PCI endpoint
2025-09-18T16:42:59.752239+00:00 ubuntu kernel: pci 0000:00:06.0: BAR 0 [io  0x0000-0x007f]
2025-09-18T16:42:59.752239+00:00 ubuntu kernel: pci 0000:00:06.0: BAR 1 [mem 0x10062000-0x10062fff]
2025-09-18T16:42:59.752239+00:00 ubuntu kernel: pci 0000:00:06.0: BAR 4 [mem 0x10048000-0x1004bfff 64bit pref]
2025-09-18T16:42:59.752240+00:00 ubuntu kernel: pci 0000:00:07.0: [1af4:1003] type 00 class 0x078000 conventional PCI endpoint
2025-09-18T16:42:59.752240+00:00 ubuntu kernel: pci 0000:00:07.0: BAR 0 [io  0x0080-0x00bf]
2025-09-18T16:42:59.752308+00:00 ubuntu kernel: pci 0000:00:07.0: BAR 1 [mem 0x10061000-0x10061fff]
2025-09-18T16:42:59.752309+00:00 ubuntu kernel: pci 0000:00:07.0: BAR 4 [mem 0x10044000-0x10047fff 64bit pref]
2025-09-18T16:42:59.752310+00:00 ubuntu kernel: pci 0000:00:08.0: [1af4:1005] type 00 class 0x00ff00 conventional PCI endpoint
2025-09-18T16:42:59.752310+00:00 ubuntu kernel: pci 0000:00:08.0: BAR 0 [io  0x00c0-0x00df]
2025-09-18T16:42:59.752310+00:00 ubuntu kernel: pci 0000:00:08.0: BAR 1 [mem 0x10060000-0x10060fff]
2025-09-18T16:42:59.752311+00:00 ubuntu kernel: pci 0000:00:08.0: BAR 4 [mem 0x10040000-0x10043fff 64bit pref]
2025-09-18T16:42:59.752313+00:00 ubuntu kernel: pci 0000:00:01.0: ROM [mem 0x10000000-0x1003ffff pref]: assigned
2025-09-18T16:42:59.752313+00:00 ubuntu kernel: pci 0000:00:01.0: BAR 4 [mem 0x10040000-0x10043fff 64bit pref]: assigned
2025-09-18T16:42:59.752314+00:00 ubuntu kernel: pci 0000:00:02.0: BAR 4 [mem 0x10044000-0x10047fff 64bit pref]: assigned
2025-09-18T16:42:59.752314+00:00 ubuntu kernel: pci 0000:00:03.0: BAR 0 [mem 0x10048000-0x1004bfff]: assigned
2025-09-18T16:42:59.752315+00:00 ubuntu kernel: pci 0000:00:04.0: BAR 0 [mem 0x1004c000-0x1004ffff 64bit]: assigned
2025-09-18T16:42:59.752315+00:00 ubuntu kernel: pci 0000:00:05.0: BAR 0 [mem 0x10050000-0x10053fff 64bit]: assigned
2025-09-18T16:42:59.752316+00:00 ubuntu kernel: pci 0000:00:06.0: BAR 4 [mem 0x10054000-0x10057fff 64bit pref]: assigned
2025-09-18T16:42:59.752316+00:00 ubuntu kernel: pci 0000:00:07.0: BAR 4 [mem 0x10058000-0x1005bfff 64bit pref]: assigned
2025-09-18T16:42:59.752317+00:00 ubuntu kernel: pci 0000:00:08.0: BAR 4 [mem 0x1005c000-0x1005ffff 64bit pref]: assigned
2025-09-18T16:42:59.752317+00:00 ubuntu kernel: pci 0000:00:01.0: BAR 1 [mem 0x10060000-0x10060fff]: assigned
2025-09-18T16:42:59.752318+00:00 ubuntu kernel: pci 0000:00:02.0: BAR 1 [mem 0x10061000-0x10061fff]: assigned
2025-09-18T16:42:59.752318+00:00 ubuntu kernel: pci 0000:00:06.0: BAR 1 [mem 0x10062000-0x10062fff]: assigned
2025-09-18T16:42:59.752318+00:00 ubuntu kernel: pci 0000:00:07.0: BAR 1 [mem 0x10063000-0x10063fff]: assigned
2025-09-18T16:42:59.750874+00:00 ubuntu systemd[1]: Started systemd-ask-password-plymouth.path - Forward Password Requests to Plymouth Directory Watch.
2025-09-18T16:42:59.752324+00:00 ubuntu kernel: pci 0000:00:08.0: BAR 1 [mem 0x10064000-0x10064fff]: assigned
2025-09-18T16:42:59.752324+00:00 ubuntu kernel: pci 0000:00:06.0: BAR 0 [io  0x1000-0x107f]: assigned
2025-09-18T16:42:59.752325+00:00 ubuntu kernel: pci 0000:00:07.0: BAR 0 [io  0x1080-0x10bf]: assigned
2025-09-18T16:42:59.752325+00:00 ubuntu kernel: pci 0000:00:01.0: BAR 0 [io  0x10c0-0x10df]: assigned
2025-09-18T16:42:59.752326+00:00 ubuntu kernel: pci 0000:00:08.0: BAR 0 [io  0x10e0-0x10ff]: assigned
2025-09-18T16:42:59.752327+00:00 ubuntu kernel: pci_bus 0000:00: resource 4 [mem 0x10000000-0x3efeffff window]
2025-09-18T16:42:59.752324+00:00 ubuntu systemd[1]: Reached target cryptsetup.target - Local Encrypted Volumes.
2025-09-18T16:42:59.752328+00:00 ubuntu kernel: pci_bus 0000:00: resource 5 [io  0x0000-0xffff window]
2025-09-18T16:42:59.752328+00:00 ubuntu kernel: iommu: Default domain type: Translated
2025-09-18T16:42:59.752329+00:00 ubuntu kernel: iommu: DMA domain TLB invalidation policy: strict mode
2025-09-18T16:42:59.752329+00:00 ubuntu kernel: SCSI subsystem initialized
2025-09-18T16:42:59.752330+00:00 ubuntu kernel: libata version 3.00 loaded.
2025-09-18T16:42:59.752328+00:00 ubuntu systemd[1]: Found device dev-ttyAMA0.device - /dev/ttyAMA0.
2025-09-18T16:42:59.752330+00:00 ubuntu kernel: ACPI: bus type USB registered
2025-09-18T16:42:59.752331+00:00 ubuntu kernel: usbcore: registered new interface driver usbfs
2025-09-18T16:42:59.752331+00:00 ubuntu kernel: usbcore: registered new interface driver hub
2025-09-18T16:42:59.752332+00:00 ubuntu kernel: usbcore: registered new device driver usb
2025-09-18T16:42:59.752331+00:00 ubuntu (udev-worker)[964]: vda: Process '/usr/bin/unshare -m /usr/bin/snap auto-import --mount=/dev/vda' failed with exit code 1.
2025-09-18T16:42:59.752333+00:00 ubuntu mtp-probe: checking bus 1, device 3: "/sys/devices/pci0000:00/0000:00:04.0/usb1/1-2"
2025-09-18T16:42:59.752335+00:00 ubuntu mtp-probe: checking bus 1, device 2: "/sys/devices/pci0000:00/0000:00:04.0/usb1/1-1"
2025-09-18T16:42:59.752337+00:00 ubuntu mtp-probe: bus: 1, device: 2 was not an MTP device
2025-09-18T16:42:59.752339+00:00 ubuntu mtp-probe: bus: 1, device: 3 was not an MTP device
2025-09-18T16:42:59.752341+00:00 ubuntu mtp-probe: checking bus 1, device 6: "/sys/devices/pci0000:00/0000:00:04.0/usb1/1-4/1-4.1"
2025-09-18T16:42:59.752343+00:00 ubuntu mtp-probe: bus: 1, device: 6 was not an MTP device
2025-09-18T16:42:59.752345+00:00 ubuntu (udev-worker)[964]: vda1: Process '/usr/bin/unshare -m /usr/bin/snap auto-import --mount=/dev/vda1' failed with exit code 1.
2025-09-18T16:42:59.752347+00:00 ubuntu (udev-worker)[965]: vda2: Process '/usr/bin/unshare -m /usr/bin/snap auto-import --mount=/dev/vda2' failed with exit code 1.
2025-09-18T16:42:59.752349+00:00 ubuntu mtp-probe: checking bus 1, device 4: "/sys/devices/pci0000:00/0000:00:04.0/usb1/1-3"
2025-09-18T16:42:59.752350+00:00 ubuntu mtp-probe: bus: 1, device: 4 was not an MTP device
2025-09-18T16:42:59.752352+00:00 ubuntu systemd[1]: systemd-ask-password-console.path - Dispatch Password Requests to Console Directory Watch was skipped because of an unmet condition check (ConditionPathExists=!/run/plymouth/pid).
2025-09-18T16:42:59.752353+00:00 ubuntu (udev-worker)[964]: sr0: Process '/usr/bin/unshare -m /usr/bin/snap auto-import --mount=/dev/sr0' failed with exit code 1.
2025-09-18T16:42:59.752355+00:00 ubuntu systemd[1]: Starting modprobe@efi_pstore.service - Load Kernel Module efi_pstore...
2025-09-18T16:42:59.752357+00:00 ubuntu systemd[1]: systemd-hibernate-clear.service - Clear Stale Hibernate Storage Info was skipped because of an unmet condition check (ConditionPathExists=/sys/firmware/efi/efivars/HibernateLocation-8cf2644b-4b0b-428f-9387-6d876050dc67).
2025-09-18T16:42:59.752359+00:00 ubuntu systemd[1]: systemd-hwdb-update.service - Rebuild Hardware Database was skipped because no trigger condition checks were met.
2025-09-18T16:42:59.752360+00:00 ubuntu systemd[1]: systemd-pcrmachine.service - TPM PCR Machine ID Measurement was skipped because of an unmet condition check (ConditionSecurity=measured-uki).
2025-09-18T16:42:59.752362+00:00 ubuntu systemd[1]: systemd-tpm2-setup-early.service - Early TPM SRK Setup was skipped because of an unmet condition check (ConditionSecurity=measured-uki).
2025-09-18T16:42:59.752363+00:00 ubuntu systemd[1]: systemd-tpm2-setup.service - TPM SRK Setup was skipped because of an unmet condition check (ConditionSecurity=measured-uki).
2025-09-18T16:42:59.752365+00:00 ubuntu systemd[1]: modprobe@efi_pstore.service: Deactivated successfully.
2025-09-18T16:42:59.752366+00:00 ubuntu systemd[1]: Finished modprobe@efi_pstore.service - Load Kernel Module efi_pstore.
2025-09-18T16:42:59.752368+00:00 ubuntu systemd[1]: systemd-pstore.service - Platform Persistent Storage Archival was skipped because of an unmet condition check (ConditionDirectoryNotEmpty=/sys/fs/pstore).
2025-09-18T16:42:59.752369+00:00 ubuntu systemd[1]: Listening on systemd-rfkill.socket - Load/Save RF Kill Switch Status /dev/rfkill Watch.
2025-09-18T16:42:59.752371+00:00 ubuntu systemd[1]: Finished systemd-udev-settle.service - Wait for udev To Complete Device Initialization.
2025-09-18T16:42:59.752374+00:00 ubuntu systemd[1]: Starting zfs-load-module.service - Install ZFS kernel module...
2025-09-18T16:42:59.752376+00:00 ubuntu systemd[1]: tmp.mount: Directory /tmp to mount over is not empty, mounting anyway.
2025-09-18T16:42:59.752332+00:00 ubuntu kernel: pps_core: LinuxPPS API ver. 1 registered
2025-09-18T16:42:59.752384+00:00 ubuntu kernel: pps_core: Software ver. 5.3.6 - Copyright 2005-2007 Rodolfo Giometti <giometti@linux.it>
2025-09-18T16:42:59.752385+00:00 ubuntu kernel: PTP clock support registered
2025-09-18T16:42:59.752385+00:00 ubuntu kernel: EDAC MC: Ver: 3.0.0
2025-09-18T16:42:59.752387+00:00 ubuntu kernel: scmi_core: SCMI protocol bus registered
2025-09-18T16:42:59.752387+00:00 ubuntu kernel: efivars: Registered efivars operations
2025-09-18T16:42:59.752387+00:00 ubuntu kernel: NetLabel: Initializing
2025-09-18T16:42:59.752388+00:00 ubuntu kernel: NetLabel:  domain hash size = 128
2025-09-18T16:42:59.752388+00:00 ubuntu kernel: NetLabel:  protocols = UNLABELED CIPSOv4 CALIPSO
2025-09-18T16:42:59.752389+00:00 ubuntu kernel: NetLabel:  unlabeled traffic allowed by default
2025-09-18T16:42:59.752394+00:00 ubuntu kernel: mctp: management component transport protocol core
2025-09-18T16:42:59.752394+00:00 ubuntu kernel: NET: Registered PF_MCTP protocol family
2025-09-18T16:42:59.752395+00:00 ubuntu kernel: vgaarb: loaded
2025-09-18T16:42:59.752395+00:00 ubuntu kernel: clocksource: Switched to clocksource arch_sys_counter
2025-09-18T16:42:59.752396+00:00 ubuntu kernel: VFS: Disk quotas dquot_6.6.0
2025-09-18T16:42:59.752396+00:00 ubuntu kernel: VFS: Dquot-cache hash table entries: 512 (order 0, 4096 bytes)
2025-09-18T16:42:59.752396+00:00 ubuntu kernel: AppArmor: AppArmor Filesystem Enabled
2025-09-18T16:42:59.752397+00:00 ubuntu kernel: pnp: PnP ACPI init
2025-09-18T16:42:59.752398+00:00 ubuntu kernel: system 00:00: [mem 0x3f000000-0x3fffffff window] could not be reserved
2025-09-18T16:42:59.752398+00:00 ubuntu kernel: pnp: PnP ACPI: found 1 devices
2025-09-18T16:42:59.752398+00:00 ubuntu kernel: NET: Registered PF_INET protocol family
2025-09-18T16:42:59.752399+00:00 ubuntu kernel: IP idents hash table entries: 65536 (order: 7, 524288 bytes, linear)
2025-09-18T16:42:59.752399+00:00 ubuntu kernel: tcp_listen_portaddr_hash hash table entries: 2048 (order: 3, 32768 bytes, linear)
2025-09-18T16:42:59.752402+00:00 ubuntu kernel: Table-perturb hash table entries: 65536 (order: 6, 262144 bytes, linear)
2025-09-18T16:42:59.752402+00:00 ubuntu kernel: TCP established hash table entries: 32768 (order: 6, 262144 bytes, linear)
2025-09-18T16:42:59.752403+00:00 ubuntu kernel: TCP bind hash table entries: 32768 (order: 8, 1048576 bytes, linear)
2025-09-18T16:42:59.752403+00:00 ubuntu kernel: TCP: Hash tables configured (established 32768 bind 32768)
2025-09-18T16:42:59.752404+00:00 ubuntu kernel: MPTCP token hash table entries: 4096 (order: 4, 98304 bytes, linear)
2025-09-18T16:42:59.752404+00:00 ubuntu kernel: UDP hash table entries: 2048 (order: 5, 131072 bytes, linear)
2025-09-18T16:42:59.752405+00:00 ubuntu kernel: UDP-Lite hash table entries: 2048 (order: 5, 131072 bytes, linear)
2025-09-18T16:42:59.752405+00:00 ubuntu kernel: NET: Registered PF_UNIX/PF_LOCAL protocol family
2025-09-18T16:42:59.752406+00:00 ubuntu kernel: NET: Registered PF_XDP protocol family
2025-09-18T16:42:59.752406+00:00 ubuntu kernel: pci 0000:00:04.0: enabling device (0000 -> 0002)
2025-09-18T16:42:59.752406+00:00 ubuntu kernel: pci 0000:00:05.0: enabling device (0000 -> 0002)
2025-09-18T16:42:59.752407+00:00 ubuntu kernel: PCI: CLS 0 bytes, default 64
2025-09-18T16:42:59.752407+00:00 ubuntu kernel: Trying to unpack rootfs image as initramfs...
2025-09-18T16:42:59.752412+00:00 ubuntu kernel: kvm [1]: HYP mode not available
2025-09-18T16:42:59.752414+00:00 ubuntu kernel: Initialise system trusted keyrings
2025-09-18T16:42:59.752414+00:00 ubuntu kernel: Key type blacklist registered
2025-09-18T16:42:59.752414+00:00 ubuntu kernel: workingset: timestamp_bits=40 max_order=20 bucket_order=0
2025-09-18T16:42:59.752415+00:00 ubuntu kernel: zbud: loaded
2025-09-18T16:42:59.752415+00:00 ubuntu kernel: squashfs: version 4.0 (2009/01/31) Phillip Lougher
2025-09-18T16:42:59.752416+00:00 ubuntu kernel: fuse: init (API version 7.42)
2025-09-18T16:42:59.752417+00:00 ubuntu kernel: integrity: Platform Keyring initialized
2025-09-18T16:42:59.752417+00:00 ubuntu kernel: integrity: Machine keyring initialized
2025-09-18T16:42:59.752417+00:00 ubuntu kernel: Key type asymmetric registered
2025-09-18T16:42:59.752418+00:00 ubuntu kernel: Asymmetric key parser 'x509' registered
2025-09-18T16:42:59.752418+00:00 ubuntu kernel: Block layer SCSI generic (bsg) driver version 0.4 loaded (major 242)
2025-09-18T16:42:59.752419+00:00 ubuntu kernel: io scheduler mq-deadline registered
2025-09-18T16:42:59.752424+00:00 ubuntu kernel: ledtrig-cpu: registered to indicate activity on CPUs
2025-09-18T16:42:59.752424+00:00 ubuntu kernel: shpchp: Standard Hot Plug PCI Controller Driver version: 0.4
2025-09-18T16:42:59.752425+00:00 ubuntu kernel: input: Power Button as /devices/LNXSYSTM:00/LNXSYBUS:00/PNP0C0C:00/input/input0
2025-09-18T16:42:59.752425+00:00 ubuntu kernel: ACPI: button: Power Button [PWRB]
2025-09-18T16:42:59.752426+00:00 ubuntu kernel: ACPI: \_SB_.L001: Enabled at IRQ 36
2025-09-18T16:42:59.752426+00:00 ubuntu kernel: virtio-pci 0000:00:01.0: enabling device (0005 -> 0007)
2025-09-18T16:42:59.752427+00:00 ubuntu kernel: ACPI: \_SB_.L002: Enabled at IRQ 37
2025-09-18T16:42:59.752428+00:00 ubuntu kernel: virtio-pci 0000:00:06.0: enabling device (0005 -> 0007)
2025-09-18T16:42:59.752428+00:00 ubuntu kernel: ACPI: \_SB_.L003: Enabled at IRQ 38
2025-09-18T16:42:59.752429+00:00 ubuntu kernel: virtio-pci 0000:00:07.0: enabling device (0005 -> 0007)
2025-09-18T16:42:59.752429+00:00 ubuntu kernel: ACPI: \_SB_.L000: Enabled at IRQ 35
2025-09-18T16:42:59.752429+00:00 ubuntu kernel: virtio-pci 0000:00:08.0: enabling device (0005 -> 0007)
2025-09-18T16:42:59.752437+00:00 ubuntu kernel: Serial: 8250/16550 driver, 32 ports, IRQ sharing enabled
2025-09-18T16:42:59.752438+00:00 ubuntu kernel: msm_serial: driver initialized
2025-09-18T16:42:59.752438+00:00 ubuntu kernel: SuperH (H)SCI(F) driver initialized
2025-09-18T16:42:59.752439+00:00 ubuntu kernel: loop: module loaded
2025-09-18T16:42:59.752439+00:00 ubuntu kernel: virtio_blk virtio2: 4/0/0 default/read/poll queues
2025-09-18T16:42:59.752439+00:00 ubuntu kernel: virtio_blk virtio2: [vda] 67108864 512-byte logical blocks (34.4 GB/32.0 GiB)
2025-09-18T16:42:59.752440+00:00 ubuntu kernel:  vda: vda1 vda2
2025-09-18T16:42:59.752442+00:00 ubuntu kernel: ACPI: bus type drm_connector registered
2025-09-18T16:42:59.752442+00:00 ubuntu kernel: tun: Universal TUN/TAP device driver, 1.6
2025-09-18T16:42:59.752443+00:00 ubuntu kernel: PPP generic driver version 2.4.2
2025-09-18T16:42:59.752443+00:00 ubuntu kernel: xhci_hcd 0000:00:04.0: xHCI Host Controller
2025-09-18T16:42:59.752443+00:00 ubuntu kernel: xhci_hcd 0000:00:04.0: new USB bus registered, assigned bus number 1
2025-09-18T16:42:59.752444+00:00 ubuntu kernel: xhci_hcd 0000:00:04.0: hcc params 0x00087001 hci version 0x100 quirks 0x0000000000000014
2025-09-18T16:42:59.752447+00:00 ubuntu kernel: xhci_hcd 0000:00:04.0: xHCI Host Controller
2025-09-18T16:42:59.752448+00:00 ubuntu kernel: xhci_hcd 0000:00:04.0: new USB bus registered, assigned bus number 2
2025-09-18T16:42:59.752448+00:00 ubuntu kernel: xhci_hcd 0000:00:04.0: Host supports USB 3.0 SuperSpeed
2025-09-18T16:42:59.752449+00:00 ubuntu kernel: usb usb1: New USB device found, idVendor=1d6b, idProduct=0002, bcdDevice= 6.14
2025-09-18T16:42:59.752449+00:00 ubuntu kernel: usb usb1: New USB device strings: Mfr=3, Product=2, SerialNumber=1
2025-09-18T16:42:59.752449+00:00 ubuntu kernel: usb usb1: Product: xHCI Host Controller
2025-09-18T16:42:59.752450+00:00 ubuntu kernel: usb usb1: Manufacturer: Linux 6.14.0-15-generic xhci-hcd
2025-09-18T16:42:59.752451+00:00 ubuntu kernel: usb usb1: SerialNumber: 0000:00:04.0
2025-09-18T16:42:59.752452+00:00 ubuntu kernel: hub 1-0:1.0: USB hub found
2025-09-18T16:42:59.752452+00:00 ubuntu kernel: hub 1-0:1.0: 4 ports detected
2025-09-18T16:42:59.754749+00:00 ubuntu kernel: usb usb2: We don't know the algorithms for LPM for this host, disabling LPM.
2025-09-18T16:42:59.754762+00:00 ubuntu kernel: usb usb2: New USB device found, idVendor=1d6b, idProduct=0003, bcdDevice= 6.14
2025-09-18T16:42:59.754772+00:00 ubuntu kernel: usb usb2: New USB device strings: Mfr=3, Product=2, SerialNumber=1
2025-09-18T16:42:59.754781+00:00 ubuntu kernel: usb usb2: Product: xHCI Host Controller
2025-09-18T16:42:59.754790+00:00 ubuntu kernel: usb usb2: Manufacturer: Linux 6.14.0-15-generic xhci-hcd
2025-09-18T16:42:59.754800+00:00 ubuntu kernel: usb usb2: SerialNumber: 0000:00:04.0
2025-09-18T16:42:59.754811+00:00 ubuntu kernel: hub 2-0:1.0: USB hub found
2025-09-18T16:42:59.754820+00:00 ubuntu kernel: hub 2-0:1.0: 4 ports detected
2025-09-18T16:42:59.754829+00:00 ubuntu kernel: xhci_hcd 0000:00:05.0: xHCI Host Controller
2025-09-18T16:42:59.754838+00:00 ubuntu kernel: xhci_hcd 0000:00:05.0: new USB bus registered, assigned bus number 3
2025-09-18T16:42:59.754846+00:00 ubuntu kernel: xhci_hcd 0000:00:05.0: hcc params 0x00087001 hci version 0x100 quirks 0x0000000000000010
2025-09-18T16:42:59.754856+00:00 ubuntu kernel: xhci_hcd 0000:00:05.0: xHCI Host Controller
2025-09-18T16:42:59.754864+00:00 ubuntu kernel: xhci_hcd 0000:00:05.0: new USB bus registered, assigned bus number 4
2025-09-18T16:42:59.754874+00:00 ubuntu kernel: xhci_hcd 0000:00:05.0: Host supports USB 3.0 SuperSpeed
2025-09-18T16:42:59.754883+00:00 ubuntu kernel: usb usb3: New USB device found, idVendor=1d6b, idProduct=0002, bcdDevice= 6.14
2025-09-18T16:42:59.754892+00:00 ubuntu kernel: usb usb3: New USB device strings: Mfr=3, Product=2, SerialNumber=1
2025-09-18T16:42:59.754901+00:00 ubuntu kernel: usb usb3: Product: xHCI Host Controller
2025-09-18T16:42:59.754910+00:00 ubuntu kernel: usb usb3: Manufacturer: Linux 6.14.0-15-generic xhci-hcd
2025-09-18T16:42:59.754919+00:00 ubuntu kernel: usb usb3: SerialNumber: 0000:00:05.0
2025-09-18T16:42:59.754927+00:00 ubuntu kernel: hub 3-0:1.0: USB hub found
2025-09-18T16:42:59.754936+00:00 ubuntu kernel: hub 3-0:1.0: 4 ports detected
2025-09-18T16:42:59.754945+00:00 ubuntu kernel: usb usb4: We don't know the algorithms for LPM for this host, disabling LPM.
2025-09-18T16:42:59.754954+00:00 ubuntu kernel: usb usb4: New USB device found, idVendor=1d6b, idProduct=0003, bcdDevice= 6.14
2025-09-18T16:42:59.754963+00:00 ubuntu kernel: usb usb4: New USB device strings: Mfr=3, Product=2, SerialNumber=1
2025-09-18T16:42:59.754971+00:00 ubuntu kernel: usb usb4: Product: xHCI Host Controller
2025-09-18T16:42:59.754981+00:00 ubuntu kernel: usb usb4: Manufacturer: Linux 6.14.0-15-generic xhci-hcd
2025-09-18T16:42:59.754990+00:00 ubuntu kernel: usb usb4: SerialNumber: 0000:00:05.0
2025-09-18T16:42:59.754999+00:00 ubuntu kernel: hub 4-0:1.0: USB hub found
2025-09-18T16:42:59.755008+00:00 ubuntu kernel: hub 4-0:1.0: 4 ports detected
2025-09-18T16:42:59.755017+00:00 ubuntu kernel: mousedev: PS/2 mouse device common for all mice
2025-09-18T16:42:59.755026+00:00 ubuntu kernel: rtc-efi rtc-efi.0: registered as rtc0
2025-09-18T16:42:59.755034+00:00 ubuntu kernel: rtc-efi rtc-efi.0: setting system clock to 2025-09-18T16:42:44 UTC (1758213764)
2025-09-18T16:42:59.755044+00:00 ubuntu kernel: i2c_dev: i2c /dev entries driver
2025-09-18T16:42:59.755052+00:00 ubuntu kernel: device-mapper: core: CONFIG_IMA_DISABLE_HTABLE is disabled. Duplicate IMA measurements will not be recorded in the IMA log.
2025-09-18T16:42:59.755061+00:00 ubuntu kernel: device-mapper: uevent: version 1.0.3
2025-09-18T16:42:59.755070+00:00 ubuntu kernel: device-mapper: ioctl: 4.49.0-ioctl (2025-01-17) initialised: dm-devel@lists.linux.dev
2025-09-18T16:42:59.755079+00:00 ubuntu kernel: drop_monitor: Initializing network drop monitor service
2025-09-18T16:42:59.755088+00:00 ubuntu kernel: NET: Registered PF_INET6 protocol family
2025-09-18T16:42:59.755097+00:00 ubuntu kernel: Freeing initrd memory: 113896K
2025-09-18T16:42:59.755106+00:00 ubuntu kernel: Segment Routing with IPv6
2025-09-18T16:42:59.755115+00:00 ubuntu kernel: In-situ OAM (IOAM) with IPv6
2025-09-18T16:42:59.755124+00:00 ubuntu kernel: NET: Registered PF_PACKET protocol family
2025-09-18T16:42:59.755133+00:00 ubuntu kernel: Key type dns_resolver registered
2025-09-18T16:42:59.755141+00:00 ubuntu kernel: registered taskstats version 1
2025-09-18T16:42:59.755150+00:00 ubuntu kernel: Loading compiled-in X.509 certificates
2025-09-18T16:42:59.755159+00:00 ubuntu kernel: Loaded X.509 cert 'Build time autogenerated kernel key: 401015efbdbbc68884521c9d3218e887e37a566c'
2025-09-18T16:42:59.755168+00:00 ubuntu kernel: Loaded X.509 cert 'Canonical Ltd. Live Patch Signing: 14df34d1a87cf37625abec039ef2bf521249b969'
2025-09-18T16:42:59.755177+00:00 ubuntu kernel: Loaded X.509 cert 'Canonical Ltd. Kernel Module Signing: 88f752e560a1e0737e31163a466ad7b70a850c19'
2025-09-18T16:42:59.755186+00:00 ubuntu kernel: blacklist: Loading compiled-in revocation X.509 certificates
2025-09-18T16:42:59.755195+00:00 ubuntu kernel: Loaded X.509 cert 'Canonical Ltd. Secure Boot Signing: 61482aa2830d0ab2ad5af10b7250da9033ddcef0'
2025-09-18T16:42:59.755203+00:00 ubuntu kernel: Loaded X.509 cert 'Canonical Ltd. Secure Boot Signing (2017): 242ade75ac4a15e50d50c84b0d45ff3eae707a03'
2025-09-18T16:42:59.755212+00:00 ubuntu kernel: Loaded X.509 cert 'Canonical Ltd. Secure Boot Signing (ESM 2018): 365188c1d374d6b07c3c8f240f8ef722433d6a8b'
2025-09-18T16:42:59.755222+00:00 ubuntu kernel: Loaded X.509 cert 'Canonical Ltd. Secure Boot Signing (2019): c0746fd6c5da3ae827864651ad66ae47fe24b3e8'
2025-09-18T16:42:59.755232+00:00 ubuntu kernel: Loaded X.509 cert 'Canonical Ltd. Secure Boot Signing (2021 v1): a8d54bbb3825cfb94fa13c9f8a594a195c107b8d'
2025-09-18T16:42:59.755241+00:00 ubuntu kernel: Loaded X.509 cert 'Canonical Ltd. Secure Boot Signing (2021 v2): 4cf046892d6fd3c9a5b03f98d845f90851dc6a8c'
2025-09-18T16:42:59.755250+00:00 ubuntu kernel: Loaded X.509 cert 'Canonical Ltd. Secure Boot Signing (2021 v3): 100437bb6de6e469b581e61cd66bce3ef4ed53af'
2025-09-18T16:42:59.755259+00:00 ubuntu kernel: Loaded X.509 cert 'Canonical Ltd. Secure Boot Signing (Ubuntu Core 2019): c1d57b8f6b743f23ee41f4f7ee292f06eecadfb9'
2025-09-18T16:42:59.755268+00:00 ubuntu kernel: Demotion targets for Node 0: null
2025-09-18T16:42:59.755276+00:00 ubuntu kernel: Key type .fscrypt registered
2025-09-18T16:42:59.755285+00:00 ubuntu kernel: Key type fscrypt-provisioning registered
2025-09-18T16:42:59.755294+00:00 ubuntu kernel: Key type encrypted registered
2025-09-18T16:42:59.755303+00:00 ubuntu kernel: AppArmor: AppArmor sha256 policy hashing enabled
2025-09-18T16:42:59.755311+00:00 ubuntu kernel: ima: secureboot mode disabled
2025-09-18T16:42:59.755320+00:00 ubuntu kernel: ima: No TPM chip found, activating TPM-bypass!
2025-09-18T16:42:59.755330+00:00 ubuntu kernel: Loading compiled-in module X.509 certificates
2025-09-18T16:42:59.755339+00:00 ubuntu kernel: Loaded X.509 cert 'Build time autogenerated kernel key: 401015efbdbbc68884521c9d3218e887e37a566c'
2025-09-18T16:42:59.755348+00:00 ubuntu kernel: ima: Allocated hash algorithm: sha256
2025-09-18T16:42:59.755357+00:00 ubuntu kernel: ima: No architecture policies found
2025-09-18T16:42:59.755366+00:00 ubuntu kernel: evm: Initialising EVM extended attributes:
2025-09-18T16:42:59.755374+00:00 ubuntu kernel: evm: security.selinux
2025-09-18T16:42:59.755394+00:00 ubuntu kernel: evm: security.SMACK64
2025-09-18T16:42:59.755404+00:00 ubuntu kernel: evm: security.SMACK64EXEC
2025-09-18T16:42:59.755413+00:00 ubuntu kernel: evm: security.SMACK64TRANSMUTE
2025-09-18T16:42:59.755422+00:00 ubuntu kernel: evm: security.SMACK64MMAP
2025-09-18T16:42:59.755430+00:00 ubuntu kernel: evm: security.apparmor
2025-09-18T16:42:59.755439+00:00 ubuntu kernel: evm: security.ima
2025-09-18T16:42:59.755448+00:00 ubuntu kernel: evm: security.capability
2025-09-18T16:42:59.755457+00:00 ubuntu kernel: evm: HMAC attrs: 0x1
2025-09-18T16:42:59.755465+00:00 ubuntu kernel: clk: Disabling unused clocks
2025-09-18T16:42:59.755539+00:00 ubuntu kernel: PM: genpd: Disabling unused power domains
2025-09-18T16:42:59.755551+00:00 ubuntu kernel: Freeing unused kernel memory: 13504K
2025-09-18T16:42:59.755558+00:00 ubuntu kernel: Checked W+X mappings: passed, no W+X pages found
2025-09-18T16:42:59.755559+00:00 ubuntu kernel: Run /init as init process
2025-09-18T16:42:59.755559+00:00 ubuntu kernel:   with arguments:
2025-09-18T16:42:59.755560+00:00 ubuntu kernel:     /init
2025-09-18T16:42:59.755560+00:00 ubuntu kernel:     ---
2025-09-18T16:42:59.755561+00:00 ubuntu kernel:     splash
2025-09-18T16:42:59.755561+00:00 ubuntu kernel:   with environment:
2025-09-18T16:42:59.755561+00:00 ubuntu kernel:     HOME=/
2025-09-18T16:42:59.755562+00:00 ubuntu kernel:     TERM=linux
2025-09-18T16:42:59.755562+00:00 ubuntu kernel:     BOOT_IMAGE=/casper/vmlinuz
2025-09-18T16:42:59.755563+00:00 ubuntu kernel: [drm] pci: virtio-gpu-pci detected at 0000:00:02.0
2025-09-18T16:42:59.755563+00:00 ubuntu kernel: [drm] features: -virgl +edid -resource_blob -host_visible
2025-09-18T16:42:59.755563+00:00 ubuntu kernel: [drm] features: -context_init
2025-09-18T16:42:59.755564+00:00 ubuntu kernel: virtio_net virtio0 enp0s1: renamed from eth0
2025-09-18T16:42:59.755564+00:00 ubuntu kernel: [drm] number of scanouts: 1
2025-09-18T16:42:59.755565+00:00 ubuntu kernel: [drm] number of cap sets: 0
2025-09-18T16:42:59.755565+00:00 ubuntu kernel: [drm] Initialized virtio_gpu 0.1.0 for 0000:00:02.0 on minor 0
2025-09-18T16:42:59.755565+00:00 ubuntu kernel: fbcon: Deferring console take-over
2025-09-18T16:42:59.755566+00:00 ubuntu kernel: virtio-pci 0000:00:02.0: [drm] fb0: virtio_gpudrmfb frame buffer device
2025-09-18T16:42:59.755566+00:00 ubuntu kernel: usb 1-1: new high-speed USB device number 2 using xhci_hcd
2025-09-18T16:42:59.755567+00:00 ubuntu kernel: usb 1-1: New USB device found, idVendor=0627, idProduct=0001, bcdDevice= 0.00
2025-09-18T16:42:59.755567+00:00 ubuntu kernel: usb 1-1: New USB device strings: Mfr=1, Product=3, SerialNumber=10
2025-09-18T16:42:59.755567+00:00 ubuntu kernel: usb 1-1: Product: QEMU USB Tablet
2025-09-18T16:42:59.755568+00:00 ubuntu kernel: usb 1-1: Manufacturer: QEMU
2025-09-18T16:42:59.755568+00:00 ubuntu kernel: usb 1-1: SerialNumber: 28754-0000:00:04.0-1
2025-09-18T16:42:59.755569+00:00 ubuntu kernel: usb 1-2: new high-speed USB device number 3 using xhci_hcd
2025-09-18T16:42:59.755569+00:00 ubuntu kernel: usb 1-2: New USB device found, idVendor=0627, idProduct=0001, bcdDevice= 0.00
2025-09-18T16:42:59.755573+00:00 ubuntu kernel: usb 1-2: New USB device strings: Mfr=1, Product=2, SerialNumber=9
2025-09-18T16:42:59.755573+00:00 ubuntu kernel: usb 1-2: Product: QEMU USB Mouse
2025-09-18T16:42:59.755574+00:00 ubuntu kernel: usb 1-2: Manufacturer: QEMU
2025-09-18T16:42:59.755574+00:00 ubuntu kernel: usb 1-2: SerialNumber: 89126-0000:00:04.0-2
2025-09-18T16:42:59.755575+00:00 ubuntu kernel: usb 1-3: new high-speed USB device number 4 using xhci_hcd
2025-09-18T16:42:59.755575+00:00 ubuntu kernel: usb 1-3: New USB device found, idVendor=0627, idProduct=0001, bcdDevice= 0.00
2025-09-18T16:42:59.755575+00:00 ubuntu kernel: usb 1-3: New USB device strings: Mfr=1, Product=4, SerialNumber=11
2025-09-18T16:42:59.755576+00:00 ubuntu kernel: usb 1-3: Product: QEMU USB Keyboard
2025-09-18T16:42:59.755576+00:00 ubuntu kernel: usb 1-3: Manufacturer: QEMU
2025-09-18T16:42:59.755577+00:00 ubuntu kernel: usb 1-3: SerialNumber: 68284-0000:00:04.0-3
2025-09-18T16:42:59.755597+00:00 ubuntu kernel: usb 1-4: new full-speed USB device number 5 using xhci_hcd
2025-09-18T16:42:59.755598+00:00 ubuntu kernel: usb 1-4: New USB device found, idVendor=0409, idProduct=55aa, bcdDevice= 1.01
2025-09-18T16:42:59.755598+00:00 ubuntu kernel: usb 1-4: New USB device strings: Mfr=1, Product=2, SerialNumber=3
2025-09-18T16:42:59.755598+00:00 ubuntu kernel: usb 1-4: Product: QEMU USB Hub
2025-09-18T16:42:59.755599+00:00 ubuntu kernel: usb 1-4: Manufacturer: QEMU
2025-09-18T16:42:59.755599+00:00 ubuntu kernel: usb 1-4: SerialNumber: 314159-0000:00:04.0-4
2025-09-18T16:42:59.755600+00:00 ubuntu kernel: hub 1-4:1.0: USB hub found
2025-09-18T16:42:59.755600+00:00 ubuntu kernel: hub 1-4:1.0: 8 ports detected
2025-09-18T16:42:59.755600+00:00 ubuntu kernel: hid: raw HID events driver (C) Jiri Kosina
2025-09-18T16:42:59.755601+00:00 ubuntu kernel: usbcore: registered new interface driver usbhid
2025-09-18T16:42:59.755601+00:00 ubuntu kernel: usbhid: USB HID core driver
2025-09-18T16:42:59.755601+00:00 ubuntu kernel: input: QEMU QEMU USB Tablet as /devices/pci0000:00/0000:00:04.0/usb1/1-1/1-1:1.0/0003:0627:0001.0001/input/input1
2025-09-18T16:42:59.755602+00:00 ubuntu kernel: hid-generic 0003:0627:0001.0001: input,hidraw0: USB HID v0.01 Mouse [QEMU QEMU USB Tablet] on usb-0000:00:04.0-1/input0
2025-09-18T16:42:59.755602+00:00 ubuntu kernel: input: QEMU QEMU USB Mouse as /devices/pci0000:00/0000:00:04.0/usb1/1-2/1-2:1.0/0003:0627:0001.0002/input/input2
2025-09-18T16:42:59.755603+00:00 ubuntu kernel: hid-generic 0003:0627:0001.0002: input,hidraw1: USB HID v0.01 Mouse [QEMU QEMU USB Mouse] on usb-0000:00:04.0-2/input0
2025-09-18T16:42:59.755603+00:00 ubuntu kernel: input: QEMU QEMU USB Keyboard as /devices/pci0000:00/0000:00:04.0/usb1/1-3/1-3:1.0/0003:0627:0001.0003/input/input3
2025-09-18T16:42:59.755604+00:00 ubuntu kernel: hid-generic 0003:0627:0001.0003: input,hidraw2: USB HID v1.11 Keyboard [QEMU QEMU USB Keyboard] on usb-0000:00:04.0-3/input0
2025-09-18T16:42:59.755604+00:00 ubuntu kernel: NET: Registered PF_QIPCRTR protocol family
2025-09-18T16:42:59.755604+00:00 ubuntu kernel: usbcore: registered new interface driver usb-storage
2025-09-18T16:42:59.755605+00:00 ubuntu kernel: usbcore: registered new interface driver uas
2025-09-18T16:42:59.755605+00:00 ubuntu kernel: usb 1-4.1: new full-speed USB device number 6 using xhci_hcd
2025-09-18T16:42:59.755606+00:00 ubuntu kernel: raid6: neonx8   gen() 31296 MB/s
2025-09-18T16:42:59.755606+00:00 ubuntu kernel: raid6: neonx4   gen() 32438 MB/s
2025-09-18T16:42:59.755606+00:00 ubuntu kernel: raid6: neonx2   gen() 32081 MB/s
2025-09-18T16:42:59.755607+00:00 ubuntu kernel: raid6: neonx1   gen() 30625 MB/s
2025-09-18T16:42:59.755607+00:00 ubuntu kernel: usb 1-4.1: not running at top speed; connect to a high speed hub
2025-09-18T16:42:59.755608+00:00 ubuntu kernel: usb 1-4.1: New USB device found, idVendor=46f4, idProduct=0001, bcdDevice= 0.00
2025-09-18T16:42:59.755608+00:00 ubuntu kernel: usb 1-4.1: New USB device strings: Mfr=1, Product=2, SerialNumber=3
2025-09-18T16:42:59.755608+00:00 ubuntu kernel: usb 1-4.1: Product: QEMU USB HARDDRIVE
2025-09-18T16:42:59.755609+00:00 ubuntu kernel: usb 1-4.1: Manufacturer: QEMU
2025-09-18T16:42:59.755609+00:00 ubuntu kernel: usb 1-4.1: SerialNumber: 1-0000:00:04.0-4.1
2025-09-18T16:42:59.755610+00:00 ubuntu kernel: usb-storage 1-4.1:1.0: USB Mass Storage device detected
2025-09-18T16:42:59.755610+00:00 ubuntu kernel: scsi host0: usb-storage 1-4.1:1.0
2025-09-18T16:42:59.755610+00:00 ubuntu kernel: raid6: int64x8  gen() 13252 MB/s
2025-09-18T16:42:59.755611+00:00 ubuntu kernel: raid6: int64x4  gen() 11635 MB/s
2025-09-18T16:42:59.755611+00:00 ubuntu kernel: raid6: int64x2  gen() 10527 MB/s
2025-09-18T16:42:59.755612+00:00 ubuntu kernel: raid6: int64x1  gen()  9241 MB/s
2025-09-18T16:42:59.755612+00:00 ubuntu kernel: raid6: using algorithm neonx4 gen() 32438 MB/s
2025-09-18T16:42:59.755612+00:00 ubuntu kernel: raid6: .... xor() 26007 MB/s, rmw enabled
2025-09-18T16:42:59.755613+00:00 ubuntu kernel: raid6: using neon recovery algorithm
2025-09-18T16:42:59.755613+00:00 ubuntu kernel: xor: measuring software checksum speed
2025-09-18T16:42:59.755614+00:00 ubuntu kernel:    8regs           : 40463 MB/sec
2025-09-18T16:42:59.755614+00:00 ubuntu kernel:    32regs          : 40798 MB/sec
2025-09-18T16:42:59.755614+00:00 ubuntu kernel:    arm64_neon      : 47037 MB/sec
2025-09-18T16:42:59.755615+00:00 ubuntu kernel: xor: using function: arm64_neon (47037 MB/sec)
2025-09-18T16:42:59.755615+00:00 ubuntu kernel: async_tx: api initialized (async)
2025-09-18T16:42:59.755615+00:00 ubuntu kernel: EXT4-fs (vda2): orphan cleanup on readonly fs
2025-09-18T16:42:59.755616+00:00 ubuntu kernel: EXT4-fs (vda2): mounted filesystem 89561a10-d679-4c50-987d-3c221af9ea0a ro with ordered data mode. Quota mode: none.
2025-09-18T16:42:59.755616+00:00 ubuntu kernel: EXT4-fs (vda2): unmounting filesystem 89561a10-d679-4c50-987d-3c221af9ea0a.
2025-09-18T16:42:59.755617+00:00 ubuntu kernel: scsi 0:0:0:0: CD-ROM            QEMU     QEMU CD-ROM      2.5+ PQ: 0 ANSI: 5
2025-09-18T16:42:59.755617+00:00 ubuntu kernel: sr 0:0:0:0: [sr0] scsi3-mmc drive: 16x/50x cd/rw xa/form2 cdda tray
2025-09-18T16:42:59.755618+00:00 ubuntu kernel: cdrom: Uniform CD-ROM driver Revision: 3.20
2025-09-18T16:42:59.755618+00:00 ubuntu kernel: sr 0:0:0:0: Attached scsi CD-ROM sr0
2025-09-18T16:42:59.755618+00:00 ubuntu kernel: sr 0:0:0:0: Attached scsi generic sg0 type 5
2025-09-18T16:42:59.755619+00:00 ubuntu kernel: ISO 9660 Extensions: Microsoft Joliet Level 3
2025-09-18T16:42:59.755619+00:00 ubuntu kernel: ISO 9660 Extensions: RRIP_1991A
2025-09-18T16:42:59.755619+00:00 ubuntu kernel: loop0: detected capacity change from 0 to 5383536
2025-09-18T16:42:59.755620+00:00 ubuntu kernel: loop1: detected capacity change from 0 to 941608
2025-09-18T16:42:59.755620+00:00 ubuntu kernel: loop2: detected capacity change from 0 to 391592
2025-09-18T16:42:59.755621+00:00 ubuntu kernel: overlayfs: null uuid detected in lower fs '/', falling back to xino=off,index=off,nfs_export=off.
2025-09-18T16:42:59.755621+00:00 ubuntu kernel: evm: overlay not supported
2025-09-18T16:42:59.755621+00:00 ubuntu kernel: fbcon: Taking over console
2025-09-18T16:42:59.755622+00:00 ubuntu kernel: Console: switching to colour frame buffer device 160x48
2025-09-18T16:42:59.755622+00:00 ubuntu kernel: systemd[1]: Inserted module 'autofs4'
2025-09-18T16:42:59.755623+00:00 ubuntu kernel: systemd[1]: systemd 257.4-1ubuntu3 running in system mode (+PAM +AUDIT +SELINUX +APPARMOR +IMA +IPE +SMACK +SECCOMP +GCRYPT -GNUTLS +OPENSSL +ACL +BLKID +CURL +ELFUTILS +FIDO2 +IDN2 -IDN +IPTC +KMOD +LIBCRYPTSETUP +LIBCRYPTSETUP_PLUGINS +LIBFDISK +PCRE2 +PWQUALITY +P11KIT +QRENCODE +TPM2 +BZIP2 +LZ4 +XZ +ZLIB +ZSTD +BPF_FRAMEWORK +BTF -XKBCOMMON -UTMP +SYSVINIT +LIBARCHIVE)
2025-09-18T16:42:59.755623+00:00 ubuntu kernel: systemd[1]: Detected virtualization qemu.
2025-09-18T16:42:59.755624+00:00 ubuntu kernel: systemd[1]: Detected architecture arm64.
2025-09-18T16:42:59.755624+00:00 ubuntu kernel: systemd[1]: Hostname set to <ubuntu>.
2025-09-18T16:42:59.755624+00:00 ubuntu kernel: systemd[1]: Initializing machine ID from SMBIOS/DMI UUID.
2025-09-18T16:42:59.755625+00:00 ubuntu kernel: systemd[1]: bpf-restrict-fs: BPF LSM hook not enabled in the kernel, BPF LSM not supported.
2025-09-18T16:42:59.755625+00:00 ubuntu kernel: systemd[1]: Queued start job for default target graphical.target.
2025-09-18T16:42:59.755626+00:00 ubuntu kernel: systemd[1]: Created slice system-cups.slice - CUPS Slice.
2025-09-18T16:42:59.755626+00:00 ubuntu kernel: systemd[1]: Created slice system-modprobe.slice - Slice /system/modprobe.
2025-09-18T16:42:59.755626+00:00 ubuntu kernel: systemd[1]: Created slice system-serial\x2dgetty.slice - Slice /system/serial-getty.
2025-09-18T16:42:59.755627+00:00 ubuntu kernel: systemd[1]: Created slice user.slice - User and Session Slice.
2025-09-18T16:42:59.755627+00:00 ubuntu kernel: systemd[1]: Started systemd-ask-password-wall.path - Forward Password Requests to Wall Directory Watch.
2025-09-18T16:42:59.755628+00:00 ubuntu kernel: systemd[1]: Set up automount proc-sys-fs-binfmt_misc.automount - Arbitrary Executable File Formats File System Automount Point.
2025-09-18T16:42:59.755628+00:00 ubuntu kernel: systemd[1]: Expecting device dev-ttyAMA0.device - /dev/ttyAMA0...
2025-09-18T16:42:59.755629+00:00 ubuntu kernel: systemd[1]: Reached target integritysetup.target - Local Integrity Protected Volumes.
2025-09-18T16:42:59.755629+00:00 ubuntu kernel: systemd[1]: Reached target remote-fs.target - Remote File Systems.
2025-09-18T16:42:59.755629+00:00 ubuntu kernel: systemd[1]: Reached target slices.target - Slice Units.
2025-09-18T16:42:59.755630+00:00 ubuntu kernel: systemd[1]: Reached target swap.target - Swaps.
2025-09-18T16:42:59.755630+00:00 ubuntu kernel: systemd[1]: Reached target veritysetup.target - Local Verity Protected Volumes.
2025-09-18T16:42:59.755631+00:00 ubuntu kernel: systemd[1]: Listening on dm-event.socket - Device-mapper event daemon FIFOs.
2025-09-18T16:42:59.755631+00:00 ubuntu kernel: systemd[1]: Listening on lvm2-lvmpolld.socket - LVM2 poll daemon socket.
2025-09-18T16:42:59.755631+00:00 ubuntu kernel: systemd[1]: Listening on syslog.socket - Syslog Socket.
2025-09-18T16:42:59.755632+00:00 ubuntu kernel: systemd[1]: Listening on systemd-creds.socket - Credential Encryption/Decryption.
2025-09-18T16:42:59.755632+00:00 ubuntu kernel: systemd[1]: Listening on systemd-initctl.socket - initctl Compatibility Named Pipe.
2025-09-18T16:42:59.755633+00:00 ubuntu kernel: systemd[1]: Listening on systemd-journald-dev-log.socket - Journal Socket (/dev/log).
2025-09-18T16:42:59.755633+00:00 ubuntu kernel: systemd[1]: Listening on systemd-journald.socket - Journal Sockets.
2025-09-18T16:42:59.755633+00:00 ubuntu kernel: systemd[1]: Listening on systemd-oomd.socket - Userspace Out-Of-Memory (OOM) Killer Socket.
2025-09-18T16:42:59.755634+00:00 ubuntu kernel: systemd[1]: systemd-pcrextend.socket - TPM PCR Measurements was skipped because of an unmet condition check (ConditionSecurity=measured-uki).
2025-09-18T16:42:59.755634+00:00 ubuntu kernel: systemd[1]: systemd-pcrlock.socket - Make TPM PCR Policy was skipped because of an unmet condition check (ConditionSecurity=measured-uki).
2025-09-18T16:42:59.755635+00:00 ubuntu kernel: systemd[1]: Listening on systemd-udevd-control.socket - udev Control Socket.
2025-09-18T16:42:59.755635+00:00 ubuntu kernel: systemd[1]: Listening on systemd-udevd-kernel.socket - udev Kernel Socket.
2025-09-18T16:42:59.755635+00:00 ubuntu kernel: systemd[1]: Mounting dev-hugepages.mount - Huge Pages File System...
2025-09-18T16:42:59.755636+00:00 ubuntu kernel: systemd[1]: Mounting dev-mqueue.mount - POSIX Message Queue File System...
2025-09-18T16:42:59.755652+00:00 ubuntu kernel: systemd[1]: Mounting run-lock.mount - Legacy Locks Directory /run/lock...
2025-09-18T16:42:59.755652+00:00 ubuntu kernel: systemd[1]: Mounting sys-kernel-debug.mount - Kernel Debug File System...
2025-09-18T16:42:59.755653+00:00 ubuntu kernel: systemd[1]: Mounting sys-kernel-tracing.mount - Kernel Trace File System...
2025-09-18T16:42:59.755653+00:00 ubuntu kernel: systemd[1]: Starting systemd-journald.service - Journal Service...
2025-09-18T16:42:59.755654+00:00 ubuntu kernel: systemd[1]: Starting blk-availability.service - Availability of block devices...
2025-09-18T16:42:59.755654+00:00 ubuntu kernel: systemd[1]: Starting keyboard-setup.service - Set the console keyboard layout...
2025-09-18T16:42:59.755654+00:00 ubuntu kernel: systemd[1]: Starting kmod-static-nodes.service - Create List of Static Device Nodes...
2025-09-18T16:42:59.755655+00:00 ubuntu kernel: systemd[1]: Starting lvm2-monitor.service - Monitoring of LVM2 mirrors, snapshots etc. using dmeventd or progress polling...
2025-09-18T16:42:59.755655+00:00 ubuntu kernel: systemd[1]: Starting modprobe@configfs.service - Load Kernel Module configfs...
2025-09-18T16:42:59.755656+00:00 ubuntu kernel: systemd[1]: Starting modprobe@drm.service - Load Kernel Module drm...
2025-09-18T16:42:59.755656+00:00 ubuntu kernel: systemd[1]: Starting modprobe@efi_pstore.service - Load Kernel Module efi_pstore...
2025-09-18T16:42:59.755656+00:00 ubuntu kernel: systemd[1]: Starting modprobe@fuse.service - Load Kernel Module fuse...
2025-09-18T16:42:59.755657+00:00 ubuntu kernel: systemd[1]: systemd-hibernate-clear.service - Clear Stale Hibernate Storage Info was skipped because of an unmet condition check (ConditionPathExists=/sys/firmware/efi/efivars/HibernateLocation-8cf2644b-4b0b-428f-9387-6d876050dc67).
2025-09-18T16:42:59.755657+00:00 ubuntu kernel: systemd[1]: Starting systemd-modules-load.service - Load Kernel Modules...
2025-09-18T16:42:59.755658+00:00 ubuntu kernel: systemd[1]: Starting systemd-oomd.service - Userspace Out-Of-Memory (OOM) Killer...
2025-09-18T16:42:59.755658+00:00 ubuntu kernel: systemd[1]: systemd-pcrmachine.service - TPM PCR Machine ID Measurement was skipped because of an unmet condition check (ConditionSecurity=measured-uki).
2025-09-18T16:42:59.755659+00:00 ubuntu kernel: pstore: Using crash dump compression: deflate
2025-09-18T16:42:59.755659+00:00 ubuntu kernel: pstore: Registered efi_pstore as persistent store backend
2025-09-18T16:42:59.755659+00:00 ubuntu kernel: systemd[1]: Starting systemd-remount-fs.service - Remount Root and Kernel File Systems...
2025-09-18T16:42:59.755660+00:00 ubuntu kernel: systemd[1]: systemd-tpm2-setup-early.service - Early TPM SRK Setup was skipped because of an unmet condition check (ConditionSecurity=measured-uki).
2025-09-18T16:42:59.755660+00:00 ubuntu kernel: systemd[1]: Starting systemd-udev-load-credentials.service - Load udev Rules from Credentials...
2025-09-18T16:42:59.755661+00:00 ubuntu kernel: systemd[1]: Starting systemd-udev-trigger.service - Coldplug All udev Devices...
2025-09-18T16:42:59.755661+00:00 ubuntu kernel: systemd[1]: Mounted dev-hugepages.mount - Huge Pages File System.
2025-09-18T16:42:59.755661+00:00 ubuntu kernel: systemd[1]: Mounted dev-mqueue.mount - POSIX Message Queue File System.
2025-09-18T16:42:59.755662+00:00 ubuntu kernel: systemd[1]: Mounted run-lock.mount - Legacy Locks Directory /run/lock.
2025-09-18T16:42:59.755662+00:00 ubuntu kernel: systemd[1]: Mounted sys-kernel-debug.mount - Kernel Debug File System.
2025-09-18T16:42:59.755662+00:00 ubuntu kernel: systemd[1]: Mounted sys-kernel-tracing.mount - Kernel Trace File System.
2025-09-18T16:42:59.755663+00:00 ubuntu kernel: systemd[1]: Finished blk-availability.service - Availability of block devices.
2025-09-18T16:42:59.755663+00:00 ubuntu kernel: systemd[1]: Finished kmod-static-nodes.service - Create List of Static Device Nodes.
2025-09-18T16:42:59.755664+00:00 ubuntu kernel: systemd[1]: modprobe@configfs.service: Deactivated successfully.
2025-09-18T16:42:59.755664+00:00 ubuntu kernel: systemd[1]: Finished modprobe@configfs.service - Load Kernel Module configfs.
2025-09-18T16:42:59.755664+00:00 ubuntu kernel: systemd[1]: modprobe@drm.service: Deactivated successfully.
2025-09-18T16:42:59.755665+00:00 ubuntu kernel: systemd[1]: Finished modprobe@drm.service - Load Kernel Module drm.
2025-09-18T16:42:59.755665+00:00 ubuntu kernel: systemd[1]: modprobe@efi_pstore.service: Deactivated successfully.
2025-09-18T16:42:59.755666+00:00 ubuntu kernel: systemd[1]: Finished modprobe@efi_pstore.service - Load Kernel Module efi_pstore.
2025-09-18T16:42:59.755666+00:00 ubuntu kernel: systemd[1]: modprobe@fuse.service: Deactivated successfully.
2025-09-18T16:42:59.755666+00:00 ubuntu kernel: systemd[1]: Finished modprobe@fuse.service - Load Kernel Module fuse.
2025-09-18T16:42:59.755667+00:00 ubuntu kernel: systemd[1]: Mounting sys-fs-fuse-connections.mount - FUSE Control File System...
2025-09-18T16:42:59.755667+00:00 ubuntu kernel: systemd[1]: Mounting sys-kernel-config.mount - Kernel Configuration File System...
2025-09-18T16:42:59.755668+00:00 ubuntu kernel: systemd[1]: Starting systemd-tmpfiles-setup-dev-early.service - Create Static Device Nodes in /dev gracefully...
2025-09-18T16:42:59.755668+00:00 ubuntu kernel: systemd[1]: Mounted sys-fs-fuse-connections.mount - FUSE Control File System.
2025-09-18T16:42:59.755668+00:00 ubuntu kernel: systemd[1]: Mounted sys-kernel-config.mount - Kernel Configuration File System.
2025-09-18T16:42:59.755669+00:00 ubuntu kernel: systemd[1]: Finished systemd-remount-fs.service - Remount Root and Kernel File Systems.
2025-09-18T16:42:59.755669+00:00 ubuntu kernel: systemd[1]: Starting cloud-init-main.service - Cloud-init: Single Process...
2025-09-18T16:42:59.755670+00:00 ubuntu kernel: systemd[1]: systemd-hwdb-update.service - Rebuild Hardware Database was skipped because no trigger condition checks were met.
2025-09-18T16:42:59.755670+00:00 ubuntu kernel: systemd[1]: systemd-pstore.service - Platform Persistent Storage Archival was skipped because of an unmet condition check (ConditionDirectoryNotEmpty=/sys/fs/pstore).
2025-09-18T16:42:59.755670+00:00 ubuntu kernel: systemd[1]: Starting systemd-random-seed.service - Load/Save OS Random Seed...
2025-09-18T16:42:59.755671+00:00 ubuntu kernel: systemd[1]: systemd-tpm2-setup.service - TPM SRK Setup was skipped because of an unmet condition check (ConditionSecurity=measured-uki).
2025-09-18T16:42:59.755671+00:00 ubuntu kernel: systemd[1]: Finished systemd-modules-load.service - Load Kernel Modules.
2025-09-18T16:42:59.755672+00:00 ubuntu kernel: systemd[1]: Starting systemd-sysctl.service - Apply Kernel Variables...
2025-09-18T16:42:59.755672+00:00 ubuntu kernel: systemd-journald[868]: Collecting audit messages is disabled.
2025-09-18T16:42:59.755672+00:00 ubuntu kernel: systemd[1]: Finished keyboard-setup.service - Set the console keyboard layout.
2025-09-18T16:42:59.755673+00:00 ubuntu kernel: systemd[1]: Finished systemd-random-seed.service - Load/Save OS Random Seed.
2025-09-18T16:42:59.755673+00:00 ubuntu kernel: systemd[1]: Finished systemd-udev-load-credentials.service - Load udev Rules from Credentials.
2025-09-18T16:42:59.755674+00:00 ubuntu kernel: systemd[1]: Started systemd-journald.service - Journal Service.
2025-09-18T16:42:59.755674+00:00 ubuntu kernel: systemd-journald[868]: Received client request to flush runtime journal.
2025-09-18T16:42:59.755674+00:00 ubuntu kernel: snd_hda_intel 0000:00:03.0: enabling device (0000 -> 0002)
2025-09-18T16:42:59.755675+00:00 ubuntu kernel: snd_hda_intel 0000:00:03.0: Force to snoop mode by module option
2025-09-18T16:42:59.755675+00:00 ubuntu kernel: spl: loading out-of-tree module taints kernel.
2025-09-18T16:42:59.755676+00:00 ubuntu kernel: snd_hda_codec_generic hdaudioC0D0: autoconfig for Generic: line_outs=1 (0x3/0x0/0x0/0x0/0x0) type:line
2025-09-18T16:42:59.755676+00:00 ubuntu kernel: snd_hda_codec_generic hdaudioC0D0:    speaker_outs=0 (0x0/0x0/0x0/0x0/0x0)
2025-09-18T16:42:59.755676+00:00 ubuntu kernel: snd_hda_codec_generic hdaudioC0D0:    hp_outs=0 (0x0/0x0/0x0/0x0/0x0)
2025-09-18T16:42:59.755677+00:00 ubuntu kernel: snd_hda_codec_generic hdaudioC0D0:    mono: mono_out=0x0
2025-09-18T16:42:59.755677+00:00 ubuntu kernel: snd_hda_codec_generic hdaudioC0D0:    inputs:
2025-09-18T16:42:59.755678+00:00 ubuntu kernel: snd_hda_codec_generic hdaudioC0D0:      Line=0x5
2025-09-18T16:42:59.755678+00:00 ubuntu kernel: zfs: module license 'CDDL' taints kernel.
2025-09-18T16:42:59.755678+00:00 ubuntu kernel: Disabling lock debugging due to kernel taint
2025-09-18T16:42:59.755679+00:00 ubuntu kernel: zfs: module license taints kernel.
2025-09-18T16:42:59.755679+00:00 ubuntu kernel: ZFS: Loaded module v2.3.1-1ubuntu1, ZFS pool version 5000, ZFS filesystem version 5
2025-09-18T16:42:59.755680+00:00 ubuntu kernel: ZFS: Using ZFS with kernel 6.14.0-15-generic is EXPERIMENTAL and SERIOUS DATA LOSS may occur!
2025-09-18T16:42:59.755680+00:00 ubuntu kernel: ZFS: Please report your results at: https://github.com/openzfs/zfs/issues/new
2025-09-18T16:42:59.755680+00:00 ubuntu kernel: loop3: detected capacity change from 0 to 8
2025-09-18T16:42:59.755681+00:00 ubuntu kernel: loop4: detected capacity change from 0 to 23392
2025-09-18T16:42:59.755681+00:00 ubuntu kernel: loop5: detected capacity change from 0 to 141032
2025-09-18T16:42:59.755682+00:00 ubuntu kernel: loop6: detected capacity change from 0 to 125536
2025-09-18T16:42:59.755682+00:00 ubuntu kernel: loop7: detected capacity change from 0 to 467736
2025-09-18T16:42:59.755682+00:00 ubuntu kernel: loop8: detected capacity change from 0 to 187776
2025-09-18T16:42:59.755683+00:00 ubuntu kernel: loop9: detected capacity change from 0 to 1010608
2025-09-18T16:42:59.755683+00:00 ubuntu kernel: loop10: detected capacity change from 0 to 26744
2025-09-18T16:42:59.755683+00:00 ubuntu kernel: loop11: detected capacity change from 0 to 418264
2025-09-18T16:42:59.755684+00:00 ubuntu kernel: loop12: detected capacity change from 0 to 207872
2025-09-18T16:42:59.755684+00:00 ubuntu kernel: loop13: detected capacity change from 0 to 20568
2025-09-18T16:42:59.755685+00:00 ubuntu kernel: loop14: detected capacity change from 0 to 79224
2025-09-18T16:42:59.755685+00:00 ubuntu kernel: loop15: detected capacity change from 0 to 1088
2025-09-18T16:42:59.755689+00:00 ubuntu kernel: audit: type=1400 audit(1758213773.567:2): apparmor="STATUS" operation="profile_load" profile="unconfined" name="/snap/snapd/23772/usr/lib/snapd/snap-confine" pid=1264 comm="apparmor_parser"
2025-09-18T16:42:59.755689+00:00 ubuntu kernel: audit: type=1400 audit(1758213773.568:3): apparmor="STATUS" operation="profile_load" profile="unconfined" name="/snap/snapd/23772/usr/lib/snapd/snap-confine//mount-namespace-capture-helper" pid=1264 comm="apparmor_parser"
2025-09-18T16:42:59.755690+00:00 ubuntu kernel: audit: type=1400 audit(1758213774.096:4): apparmor="STATUS" operation="profile_load" profile="unconfined" name="snap-update-ns.prompting-client" pid=1267 comm="apparmor_parser"
2025-09-18T16:42:59.755690+00:00 ubuntu kernel: audit: type=1400 audit(1758213774.244:5): apparmor="STATUS" operation="profile_load" profile="unconfined" name="snap-update-ns.firefox" pid=1266 comm="apparmor_parser"
2025-09-18T16:42:59.755690+00:00 ubuntu kernel: audit: type=1400 audit(1758213774.500:6): apparmor="STATUS" operation="profile_load" profile="unconfined" name="snap-update-ns.snap-store" pid=1269 comm="apparmor_parser"
2025-09-18T16:42:59.755691+00:00 ubuntu kernel: audit: type=1400 audit(1758213774.521:7): apparmor="STATUS" operation="profile_load" profile="unconfined" name="snap-update-ns.ubuntu-desktop-bootstrap" pid=1280 comm="apparmor_parser"
2025-09-18T16:42:59.755691+00:00 ubuntu kernel: audit: type=1400 audit(1758213774.584:8): apparmor="STATUS" operation="profile_load" profile="unconfined" name="snap-update-ns.desktop-security-center" pid=1265 comm="apparmor_parser"
2025-09-18T16:42:59.755692+00:00 ubuntu kernel: audit: type=1400 audit(1758213774.819:9): apparmor="STATUS" operation="profile_load" profile="unconfined" name="snap.desktop-security-center.hook.configure" pid=1282 comm="apparmor_parser"
2025-09-18T16:42:59.755692+00:00 ubuntu kernel: audit: type=1400 audit(1758213774.889:10): apparmor="STATUS" operation="profile_load" profile="unconfined" name="snap-update-ns.thunderbird" pid=1279 comm="apparmor_parser"
2025-09-18T16:42:59.755693+00:00 ubuntu kernel: audit: type=1400 audit(1758213775.013:11): apparmor="STATUS" operation="profile_load" profile="unconfined" name="snap.desktop-security-center.desktop-security-center" pid=1281 comm="apparmor_parser"
2025-09-18T16:42:59.755693+00:00 ubuntu kernel: kauditd_printk_skb: 26 callbacks suppressed
2025-09-18T16:42:59.755693+00:00 ubuntu kernel: audit: type=1400 audit(1758213779.293:38): apparmor="STATUS" operation="profile_load" profile="unconfined" name="rsyslogd" pid=1411 comm="apparmor_parser"
2025-09-18T16:42:59.752377+00:00 ubuntu systemd[1]: Mounting tmp.mount - /tmp...
2025-09-18T16:42:59.756561+00:00 ubuntu systemd[1]: Mounted tmp.mount - /tmp.
2025-09-18T16:42:59.756572+00:00 ubuntu (udev-worker)[949]: controlC0: Process '/usr/sbin/alsactl -E HOME=/run/alsa -E XDG_RUNTIME_DIR=/run/alsa/runtime restore ' failed with exit code 99.
2025-09-18T16:42:59.756582+00:00 ubuntu systemd[1]: systemd-ask-password-console.path - Dispatch Password Requests to Console Directory Watch was skipped because of an unmet condition check (ConditionPathExists=!/run/plymouth/pid).
2025-09-18T16:42:59.756627+00:00 ubuntu systemd[1]: Starting modprobe@efi_pstore.service - Load Kernel Module efi_pstore...
2025-09-18T16:42:59.756644+00:00 ubuntu systemd[1]: systemd-hibernate-clear.service - Clear Stale Hibernate Storage Info was skipped because of an unmet condition check (ConditionPathExists=/sys/firmware/efi/efivars/HibernateLocation-8cf2644b-4b0b-428f-9387-6d876050dc67).
2025-09-18T16:42:59.756649+00:00 ubuntu systemd[1]: systemd-hwdb-update.service - Rebuild Hardware Database was skipped because no trigger condition checks were met.
2025-09-18T16:42:59.756651+00:00 ubuntu systemd[1]: systemd-pcrmachine.service - TPM PCR Machine ID Measurement was skipped because of an unmet condition check (ConditionSecurity=measured-uki).
2025-09-18T16:42:59.756652+00:00 ubuntu systemd[1]: systemd-tpm2-setup-early.service - Early TPM SRK Setup was skipped because of an unmet condition check (ConditionSecurity=measured-uki).
2025-09-18T16:42:59.756654+00:00 ubuntu systemd[1]: systemd-tpm2-setup.service - TPM SRK Setup was skipped because of an unmet condition check (ConditionSecurity=measured-uki).
2025-09-18T16:42:59.756656+00:00 ubuntu systemd[1]: modprobe@efi_pstore.service: Deactivated successfully.
2025-09-18T16:42:59.756657+00:00 ubuntu systemd[1]: Finished modprobe@efi_pstore.service - Load Kernel Module efi_pstore.
2025-09-18T16:42:59.756659+00:00 ubuntu systemd[1]: systemd-pstore.service - Platform Persistent Storage Archival was skipped because of an unmet condition check (ConditionDirectoryNotEmpty=/sys/fs/pstore).
2025-09-18T16:42:59.756660+00:00 ubuntu systemd[1]: Finished zfs-load-module.service - Install ZFS kernel module.
2025-09-18T16:42:59.756661+00:00 ubuntu systemd[1]: zfs-import-cache.service - Import ZFS pools by cache file was skipped because of an unmet condition check (ConditionFileNotEmpty=/etc/zfs/zpool.cache).
2025-09-18T16:42:59.756663+00:00 ubuntu systemd[1]: Reached target zfs-import.target - ZFS pool import target.
2025-09-18T16:42:59.756664+00:00 ubuntu systemd[1]: Starting zfs-mount.service - Mount ZFS filesystems...
2025-09-18T16:42:59.756666+00:00 ubuntu systemd[1]: Starting zfs-volume-wait.service - Wait for ZFS Volume (zvol) links in /dev...
2025-09-18T16:42:59.756667+00:00 ubuntu zvol_wait[1167]: No zvols found, nothing to do.
2025-09-18T16:42:59.756669+00:00 ubuntu systemd[1]: Finished zfs-volume-wait.service - Wait for ZFS Volume (zvol) links in /dev.
2025-09-18T16:42:59.756671+00:00 ubuntu systemd[1]: Reached target zfs-volumes.target - ZFS volumes are ready.
2025-09-18T16:42:59.756673+00:00 ubuntu systemd[1]: Finished zfs-mount.service - Mount ZFS filesystems.
2025-09-18T16:42:59.756674+00:00 ubuntu systemd[1]: Reached target snapd.mounts-pre.target - Mounting snaps.
2025-09-18T16:42:59.756675+00:00 ubuntu systemd[1]: Mounting snap-bare-5.mount - Mount unit for bare, revision 5...
2025-09-18T16:42:59.756677+00:00 ubuntu systemd[1]: Mounting snap-core22-1912.mount - Mount unit for core22, revision 1912...
2025-09-18T16:42:59.756678+00:00 ubuntu systemd[1]: Mounting snap-core24-741.mount - Mount unit for core24, revision 741...
2025-09-18T16:42:59.756680+00:00 ubuntu systemd[1]: Mounting snap-desktop\x2dsecurity\x2dcenter-60.mount - Mount unit for desktop-security-center, revision 60...
2025-09-18T16:42:59.756681+00:00 ubuntu systemd[1]: Mounting snap-firefox-6039.mount - Mount unit for firefox, revision 6039...
2025-09-18T16:42:59.756683+00:00 ubuntu systemd[1]: Mounting snap-gnome\x2d42\x2d2204-201.mount - Mount unit for gnome-42-2204, revision 201...
2025-09-18T16:42:59.756684+00:00 ubuntu systemd[1]: Mounting snap-gtk\x2dcommon\x2dthemes-1535.mount - Mount unit for gtk-common-themes, revision 1535...
2025-09-18T16:42:59.756686+00:00 ubuntu systemd[1]: Mounting snap-prompting\x2dclient-105.mount - Mount unit for prompting-client, revision 105...
2025-09-18T16:42:59.756689+00:00 ubuntu systemd[1]: Mounting snap-snap\x2dstore-1271.mount - Mount unit for snap-store, revision 1271...
2025-09-18T16:42:59.756690+00:00 ubuntu systemd[1]: Mounting snap-snapd-23772.mount - Mount unit for snapd, revision 23772...
2025-09-18T16:42:59.756692+00:00 ubuntu systemd[1]: Mounting snap-snapd\x2ddesktop\x2dintegration-255.mount - Mount unit for snapd-desktop-integration, revision 255...
2025-09-18T16:42:59.756693+00:00 ubuntu systemd[1]: Mounting snap-thunderbird-707.mount - Mount unit for thunderbird, revision 707...
2025-09-18T16:42:59.756696+00:00 ubuntu systemd[1]: Mounting snap-ubuntu\x2ddesktop\x2dbootstrap-365.mount - Mount unit for ubuntu-desktop-bootstrap, revision 365...
2025-09-18T16:42:59.756698+00:00 ubuntu systemd[1]: Mounted snap-bare-5.mount - Mount unit for bare, revision 5.
2025-09-18T16:42:59.756700+00:00 ubuntu systemd[1]: Mounted snap-core22-1912.mount - Mount unit for core22, revision 1912.
2025-09-18T16:42:59.756701+00:00 ubuntu systemd[1]: Mounted snap-core24-741.mount - Mount unit for core24, revision 741.
2025-09-18T16:42:59.756702+00:00 ubuntu systemd[1]: Mounted snap-desktop\x2dsecurity\x2dcenter-60.mount - Mount unit for desktop-security-center, revision 60.
2025-09-18T16:42:59.756704+00:00 ubuntu systemd[1]: Mounted snap-prompting\x2dclient-105.mount - Mount unit for prompting-client, revision 105.
2025-09-18T16:42:59.756706+00:00 ubuntu systemd[1]: Mounted snap-thunderbird-707.mount - Mount unit for thunderbird, revision 707.
2025-09-18T16:42:59.756707+00:00 ubuntu systemd[1]: Mounted snap-ubuntu\x2ddesktop\x2dbootstrap-365.mount - Mount unit for ubuntu-desktop-bootstrap, revision 365.
2025-09-18T16:42:59.756709+00:00 ubuntu systemd[1]: Mounted snap-gnome\x2d42\x2d2204-201.mount - Mount unit for gnome-42-2204, revision 201.
2025-09-18T16:42:59.756710+00:00 ubuntu systemd[1]: Mounted snap-gtk\x2dcommon\x2dthemes-1535.mount - Mount unit for gtk-common-themes, revision 1535.
2025-09-18T16:42:59.756712+00:00 ubuntu systemd[1]: Mounted snap-snap\x2dstore-1271.mount - Mount unit for snap-store, revision 1271.
2025-09-18T16:42:59.756714+00:00 ubuntu systemd[1]: Mounted snap-snapd\x2ddesktop\x2dintegration-255.mount - Mount unit for snapd-desktop-integration, revision 255.
2025-09-18T16:42:59.756716+00:00 ubuntu systemd[1]: Mounted snap-snapd-23772.mount - Mount unit for snapd, revision 23772.
2025-09-18T16:42:59.756717+00:00 ubuntu systemd[1]: Mounted snap-firefox-6039.mount - Mount unit for firefox, revision 6039.
2025-09-18T16:42:59.756718+00:00 ubuntu systemd[1]: Reached target snapd.mounts.target - Mounted snaps.
2025-09-18T16:42:59.756720+00:00 ubuntu systemd[1]: Reached target local-fs.target - Local File Systems.
2025-09-18T16:42:59.756721+00:00 ubuntu systemd-timesyncd[931]: Network configuration changed, trying to establish connection.
2025-09-18T16:42:59.756723+00:00 ubuntu systemd[1]: Listening on systemd-sysext.socket - System Extension Image Management.
2025-09-18T16:42:59.756724+00:00 ubuntu systemd[1]: apparmor.service - Load AppArmor profiles was skipped because of an unmet condition check (ConditionPathExists=!/rofs/etc/apparmor.d).
2025-09-18T16:42:59.756726+00:00 ubuntu systemd[1]: Starting console-setup.service - Set console font and keymap...
2025-09-18T16:42:59.756727+00:00 ubuntu systemd[1]: Starting finalrd.service - Create final runtime dir for shutdown pivot root...
2025-09-18T16:42:59.756729+00:00 ubuntu systemd[1]: Starting kdump-tools.service - Kernel crash dump capture service...
2025-09-18T16:42:59.756731+00:00 ubuntu systemd[1]: Starting plymouth-read-write.service - Tell Plymouth To Write Out Runtime Data...
2025-09-18T16:42:59.756732+00:00 ubuntu systemd[1]: Starting snapd.apparmor.service - Load AppArmor profiles managed internally by snapd...
2025-09-18T16:42:59.756734+00:00 ubuntu systemd[1]: Starting systemd-binfmt.service - Set Up Additional Binary Formats...
2025-09-18T16:42:59.756735+00:00 ubuntu systemd[1]: Starting systemd-tmpfiles-setup.service - Create System Files and Directories...
2025-09-18T16:42:59.756736+00:00 ubuntu systemd[1]: Starting ufw.service - Uncomplicated firewall...
2025-09-18T16:42:59.756738+00:00 ubuntu systemd[1]: Finished console-setup.service - Set console font and keymap.
2025-09-18T16:42:59.756740+00:00 ubuntu systemd[1]: Finished finalrd.service - Create final runtime dir for shutdown pivot root.
2025-09-18T16:42:59.756741+00:00 ubuntu systemd[1]: Finished plymouth-read-write.service - Tell Plymouth To Write Out Runtime Data.
2025-09-18T16:42:59.756742+00:00 ubuntu systemd[1]: Received SIGRTMIN+20 from PID 323 (plymouthd).
2025-09-18T16:42:59.756744+00:00 ubuntu systemd-timesyncd[931]: Network configuration changed, trying to establish connection.
2025-09-18T16:42:59.756745+00:00 ubuntu systemd-tmpfiles[1230]: /usr/lib/tmpfiles.d/legacy.conf:14: Duplicate line for path "/run/lock", ignoring.
2025-09-18T16:42:59.756748+00:00 ubuntu systemd[1]: proc-sys-fs-binfmt_misc.automount: Got automount request for /proc/sys/fs/binfmt_misc, triggered by 1229 (systemd-binfmt)
2025-09-18T16:42:59.756749+00:00 ubuntu systemd[1]: Mounting proc-sys-fs-binfmt_misc.mount - Arbitrary Executable File Formats File System...
2025-09-18T16:42:59.756751+00:00 ubuntu systemd[1]: Finished ufw.service - Uncomplicated firewall.
2025-09-18T16:42:59.756752+00:00 ubuntu systemd[1]: Mounted proc-sys-fs-binfmt_misc.mount - Arbitrary Executable File Formats File System.
2025-09-18T16:42:59.756753+00:00 ubuntu systemd[1]: Finished kdump-tools.service - Kernel crash dump capture service.
2025-09-18T16:42:59.756755+00:00 ubuntu systemd[1]: Finished systemd-binfmt.service - Set Up Additional Binary Formats.
2025-09-18T16:42:59.756760+00:00 ubuntu snapd-apparmor[1223]: main.go:146: Loading profiles [/var/lib/snapd/apparmor/profiles/snap-confine.snapd.23772 /var/lib/snapd/apparmor/profiles/snap-update-ns.desktop-security-center /var/lib/snapd/apparmor/profiles/snap-update-ns.firefox /var/lib/snapd/apparmor/profiles/snap-update-ns.prompting-client /var/lib/snapd/apparmor/profiles/snap-update-ns.snap-store /var/lib/snapd/apparmor/profiles/snap-update-ns.snapd-desktop-integration /var/lib/snapd/apparmor/profiles/snap-update-ns.thunderbird /var/lib/snapd/apparmor/profiles/snap-update-ns.ubuntu-desktop-bootstrap /var/lib/snapd/apparmor/profiles/snap.desktop-security-center.desktop-security-center /var/lib/snapd/apparmor/profiles/snap.desktop-security-center.hook.configure /var/lib/snapd/apparmor/profiles/snap.firefox.firefox /var/lib/snapd/apparmor/profiles/snap.firefox.geckodriver /var/lib/snapd/apparmor/profiles/snap.firefox.hook.configure /var/lib/snapd/apparmor/profiles/snap.firefox.hook.disconnect-plug-host-hunspell /var/lib/snapd/apparmor/profiles/snap.firefox.hook.install /var/lib/snapd/apparmor/profiles/snap.firefox.hook.post-refresh /var/lib/snapd/apparmor/profiles/snap.prompting-client.daemon /var/lib/snapd/apparmor/profiles/snap.prompting-client.echo /var/lib/snapd/apparmor/profiles/snap.prompting-client.hook.configure /var/lib/snapd/apparmor/profiles/snap.prompting-client.logging-level /var/lib/snapd/apparmor/profiles/snap.prompting-client.scripted /var/lib/snapd/apparmor/profiles/snap.snap-store.hook.configure /var/lib/snapd/apparmor/profiles/snap.snap-store.show-updates /var/lib/snapd/apparmor/profiles/snap.snap-store.snap-store /var/lib/snapd/apparmor/profiles/snap.snapd-desktop-integration.hook.configure /var/lib/snapd/apparmor/profiles/snap.snapd-desktop-integration.snapd-desktop-integration /var/lib/snapd/apparmor/profiles/snap.thunderbird.hook.configure /var/lib/snapd/apparmor/profiles/snap.thunderbird.hook.install /var/lib/snapd/apparmor/profiles/snap.thunderbird.hook.post-refresh /var/lib/snapd/apparmor/profiles/snap.thunderbird.thunderbird /var/lib/snapd/apparmor/profiles/snap.ubuntu-desktop-bootstrap.hook.configure /var/lib/snapd/apparmor/profiles/snap.ubuntu-desktop-bootstrap.probert /var/lib/snapd/apparmor/profiles/snap.ubuntu-desktop-bootstrap.subiquity-loadkeys /var/lib/snapd/apparmor/profiles/snap.ubuntu-desktop-bootstrap.subiquity-server /var/lib/snapd/apparmor/profiles/snap.ubuntu-desktop-bootstrap.ubuntu-desktop-bootstrap]
2025-09-18T16:42:59.756765+00:00 ubuntu systemd-timesyncd[931]: Network configuration changed, trying to establish connection.
2025-09-18T16:42:59.756772+00:00 ubuntu systemd-timesyncd[931]: message repeated 3 times: [ Network configuration changed, trying to establish connection.]
2025-09-18T16:42:59.756774+00:00 ubuntu systemd[1]: Finished systemd-tmpfiles-setup.service - Create System Files and Directories.
2025-09-18T16:42:59.756778+00:00 ubuntu systemd[1]: Starting ldconfig.service - Rebuild Dynamic Linker Cache...
2025-09-18T16:42:59.756779+00:00 ubuntu systemd[1]: systemd-firstboot.service - First Boot Wizard was skipped because of an unmet condition check (ConditionFirstBoot=yes).
2025-09-18T16:42:59.756780+00:00 ubuntu systemd[1]: first-boot-complete.target - First Boot Complete was skipped because of an unmet condition check (ConditionFirstBoot=yes).
2025-09-18T16:42:59.756782+00:00 ubuntu systemd[1]: Starting systemd-journal-catalog-update.service - Rebuild Journal Catalog...
2025-09-18T16:42:59.756784+00:00 ubuntu systemd[1]: systemd-machine-id-commit.service - Save Transient machine-id to Disk was skipped because of an unmet condition check (ConditionPathIsMountPoint=/etc/machine-id).
2025-09-18T16:42:59.756785+00:00 ubuntu systemd[1]: Finished systemd-journal-catalog-update.service - Rebuild Journal Catalog.
2025-09-18T16:42:59.756787+00:00 ubuntu systemd[1]: Started cloud-init-main.service - Cloud-init: Single Process.
2025-09-18T16:42:59.756789+00:00 ubuntu systemd[1]: Starting cloud-init-local.service - Cloud-init: Local Stage (pre-network)...
2025-09-18T16:42:59.756791+00:00 ubuntu systemd[1]: netplan-ovs-cleanup.service - OpenVSwitch configuration for cleanup was skipped because of an unmet condition check (ConditionFileIsExecutable=/usr/bin/ovs-vsctl).
2025-09-18T16:42:59.756793+00:00 ubuntu systemd-udevd[939]: /usr/lib/udev/rules.d/90-alsa-restore.rules:16 GOTO="alsa_restore_std" has no matching label, ignoring.
2025-09-18T16:42:59.756794+00:00 ubuntu systemd-udevd[939]: /usr/lib/udev/rules.d/90-alsa-restore.rules:16 The line has no effect any more, dropping.
2025-09-18T16:42:59.756796+00:00 ubuntu systemd-udevd[939]: /usr/lib/udev/rules.d/90-alsa-restore.rules:20 GOTO="alsa_restore_std" has no matching label, ignoring.
2025-09-18T16:42:59.756797+00:00 ubuntu systemd-udevd[939]: /usr/lib/udev/rules.d/90-alsa-restore.rules:20 The line has no effect any more, dropping.
2025-09-18T16:42:59.756799+00:00 ubuntu systemd[1]: Reload requested from client PID 1301 ('systemctl') (unit cloud-init-main.service)...
2025-09-18T16:42:59.756801+00:00 ubuntu systemd[1]: Reloading...
2025-09-18T16:42:59.756802+00:00 ubuntu systemd[1]: Reloading finished in 208 ms.
2025-09-18T16:42:59.756803+00:00 ubuntu sh[1273]: Completed socket interaction for boot stage local
2025-09-18T16:42:59.756805+00:00 ubuntu systemd[1]: Finished cloud-init-local.service - Cloud-init: Local Stage (pre-network).
2025-09-18T16:42:59.756807+00:00 ubuntu systemd[1]: Reached target network-pre.target - Preparation for Network.
2025-09-18T16:42:59.756808+00:00 ubuntu systemd[1]: Finished snapd.apparmor.service - Load AppArmor profiles managed internally by snapd.
2025-09-18T16:42:59.756810+00:00 ubuntu systemd[1]: Finished ldconfig.service - Rebuild Dynamic Linker Cache.
2025-09-18T16:42:59.756812+00:00 ubuntu systemd[1]: Starting systemd-update-done.service - Update is Completed...
2025-09-18T16:42:59.756813+00:00 ubuntu systemd[1]: Finished systemd-update-done.service - Update is Completed.
2025-09-18T16:42:59.756815+00:00 ubuntu systemd[1]: Reached target sysinit.target - System Initialization.
2025-09-18T16:42:59.756816+00:00 ubuntu systemd[1]: apport-autoreport.path - Process error reports when automatic reporting is enabled (file watch) was skipped because of an unmet condition check (ConditionPathExists=/var/lib/apport/autoreport).
2025-09-18T16:42:59.756818+00:00 ubuntu systemd[1]: Started cups.path - CUPS Scheduler.
2025-09-18T16:42:59.756820+00:00 ubuntu systemd[1]: tpm-udev.path - Handle dynamically added tpm devices was skipped because of an unmet condition check (ConditionVirtualization=container).
2025-09-18T16:42:59.756821+00:00 ubuntu systemd[1]: Started whoopsie.path - Start whoopsie on modification of the /var/crash directory.
2025-09-18T16:42:59.756822+00:00 ubuntu systemd[1]: Started anacron.timer - Trigger anacron every hour.
2025-09-18T16:42:59.756824+00:00 ubuntu systemd[1]: apport-autoreport.timer - Process error reports when automatic reporting is enabled (timer based) was skipped because of an unmet condition check (ConditionPathExists=/var/lib/apport/autoreport).
2025-09-18T16:42:59.756826+00:00 ubuntu systemd[1]: Started apt-daily.timer - Daily apt download activities.
2025-09-18T16:42:59.756827+00:00 ubuntu systemd[1]: Started apt-daily-upgrade.timer - Daily apt upgrade and clean activities.
2025-09-18T16:42:59.756829+00:00 ubuntu systemd[1]: Started dpkg-db-backup.timer - Daily dpkg database backup timer.
2025-09-18T16:42:59.756830+00:00 ubuntu systemd[1]: Started e2scrub_all.timer - Periodic ext4 Online Metadata Check for All Filesystems.
2025-09-18T16:42:59.756832+00:00 ubuntu systemd[1]: Started fstrim.timer - Discard unused filesystem blocks once a week.
2025-09-18T16:42:59.756834+00:00 ubuntu systemd[1]: Started fwupd-refresh.timer - Refresh fwupd metadata regularly.
2025-09-18T16:42:59.756835+00:00 ubuntu systemd[1]: Started logrotate.timer - Daily rotation of log files.
2025-09-18T16:42:59.756837+00:00 ubuntu systemd[1]: Started man-db.timer - Daily man-db regeneration.
2025-09-18T16:42:59.756838+00:00 ubuntu systemd[1]: Started motd-news.timer - Message of the Day.
2025-09-18T16:42:59.756840+00:00 ubuntu systemd[1]: snapd.snap-repair.timer - Timer to automatically fetch and run repair assertions was skipped because no trigger condition checks were met.
2025-09-18T16:42:59.756841+00:00 ubuntu systemd[1]: Started sysstat-collect.timer - Run system activity accounting tool every 10 minutes.
2025-09-18T16:42:59.756843+00:00 ubuntu systemd[1]: Started sysstat-rotate.timer - Rotate daily system activity data file at midnight.
2025-09-18T16:42:59.756844+00:00 ubuntu systemd[1]: Started sysstat-summary.timer - Generate summary of yesterday's process accounting.
2025-09-18T16:42:59.756846+00:00 ubuntu systemd[1]: Started systemd-tmpfiles-clean.timer - Daily Cleanup of Temporary Directories.
2025-09-18T16:42:59.756848+00:00 ubuntu systemd[1]: ua-timer.timer - Ubuntu Pro Timer for running repeated jobs was skipped because of an unmet condition check (ConditionPathExists=/var/lib/ubuntu-advantage/private/machine-token.json).
2025-09-18T16:42:59.756849+00:00 ubuntu systemd[1]: Reached target paths.target - Path Units.
2025-09-18T16:42:59.756851+00:00 ubuntu systemd[1]: apport-forward.socket - Unix socket for apport crash forwarding was skipped because of an unmet condition check (ConditionVirtualization=container).
2025-09-18T16:42:59.756852+00:00 ubuntu systemd[1]: Listening on avahi-daemon.socket - Avahi mDNS/DNS-SD Stack Activation Socket.
2025-09-18T16:42:59.756854+00:00 ubuntu systemd[1]: Listening on cups.socket - CUPS Scheduler.
2025-09-18T16:42:59.756855+00:00 ubuntu systemd[1]: Listening on dbus.socket - D-Bus System Message Bus Socket.
2025-09-18T16:42:59.756857+00:00 ubuntu systemd[1]: Starting snapd.socket - Socket activation for snappy daemon...
2025-09-18T16:42:59.756858+00:00 ubuntu systemd[1]: Listening on spice-vdagentd.socket - Activation socket for spice guest agent daemon.
2025-09-18T16:42:59.756859+00:00 ubuntu systemd[1]: Listening on systemd-hostnamed.socket - Hostname Service Socket.
2025-09-18T16:42:59.756861+00:00 ubuntu systemd[1]: Listening on uuidd.socket - UUID daemon activation socket.
2025-09-18T16:42:59.756863+00:00 ubuntu systemd[1]: systemd-pcrphase-sysinit.service - TPM PCR Barrier (Initialization) was skipped because of an unmet condition check (ConditionSecurity=measured-uki).
2025-09-18T16:42:59.756864+00:00 ubuntu systemd[1]: Listening on snapd.socket - Socket activation for snappy daemon.
